[1.038s] Invoking command in '/home/kim-jayeon/Pinkk/ros2_ws/build/pinkk_usb_insertion': DEBUGINFOD_URLS=https://debuginfod.ubuntu.com PYTHONPATH=/home/kim-jayeon/Pinkk/ros2_ws/build/pinkk_usb_insertion/prefix_override:/usr/lib/python3/dist-packages/colcon_core/task/python/colcon_distutils_commands:/home/kim-jayeon/Pinkk/ros2_ws/install/pinkk_usb_insertion/lib/python3.12/site-packages:${PYTHONPATH} /usr/bin/python3 -W ignore:setup.py install is deprecated -W ignore:easy_install command is deprecated setup.py develop --editable --build-directory /home/kim-jayeon/Pinkk/ros2_ws/build/pinkk_usb_insertion/build --no-deps symlink_data
[1.325s] running develop
[1.507s] running egg_info
[1.508s] creating pinkk_usb_insertion.egg-info
[1.522s] writing pinkk_usb_insertion.egg-info/PKG-INFO
[1.523s] writing dependency_links to pinkk_usb_insertion.egg-info/dependency_links.txt
[1.523s] writing entry points to pinkk_usb_insertion.egg-info/entry_points.txt
[1.523s] writing requirements to pinkk_usb_insertion.egg-info/requires.txt
[1.523s] writing top-level names to pinkk_usb_insertion.egg-info/top_level.txt
[1.523s] writing manifest file 'pinkk_usb_insertion.egg-info/SOURCES.txt'
[1.555s] reading manifest file 'pinkk_usb_insertion.egg-info/SOURCES.txt'
[1.555s] writing manifest file 'pinkk_usb_insertion.egg-info/SOURCES.txt'
[1.572s] running build_ext
[1.572s] Creating /home/kim-jayeon/Pinkk/ros2_ws/install/pinkk_usb_insertion/lib/python3.12/site-packages/pinkk-usb-insertion.egg-link (link to .)
[1.572s] Installing arm_motion_node script to /home/kim-jayeon/Pinkk/ros2_ws/install/pinkk_usb_insertion/lib/pinkk_usb_insertion
[1.573s] Installing camera_publisher_node script to /home/kim-jayeon/Pinkk/ros2_ws/install/pinkk_usb_insertion/lib/pinkk_usb_insertion
[1.573s] Installing cartesian_smoke_test script to /home/kim-jayeon/Pinkk/ros2_ws/install/pinkk_usb_insertion/lib/pinkk_usb_insertion
[1.573s] Installing manual_detection_node script to /home/kim-jayeon/Pinkk/ros2_ws/install/pinkk_usb_insertion/lib/pinkk_usb_insertion
[1.573s] Installing pbvs_alignment_node script to /home/kim-jayeon/Pinkk/ros2_ws/install/pinkk_usb_insertion/lib/pinkk_usb_insertion
[1.573s] Installing pbvs_step_executor_node script to /home/kim-jayeon/Pinkk/ros2_ws/install/pinkk_usb_insertion/lib/pinkk_usb_insertion
[1.573s] Installing port_pose_node script to /home/kim-jayeon/Pinkk/ros2_ws/install/pinkk_usb_insertion/lib/pinkk_usb_insertion
[1.573s] Installing usb_insertion_node script to /home/kim-jayeon/Pinkk/ros2_ws/install/pinkk_usb_insertion/lib/pinkk_usb_insertion
[1.573s] Installing yolo_keypoint_node script to /home/kim-jayeon/Pinkk/ros2_ws/install/pinkk_usb_insertion/lib/pinkk_usb_insertion
[1.573s] 
[1.573s] Installed /home/kim-jayeon/Pinkk/ros2_ws/build/pinkk_usb_insertion
[1.573s] running symlink_data
[1.573s] creating /home/kim-jayeon/Pinkk/ros2_ws/install/pinkk_usb_insertion/share/ament_index
[1.573s] creating /home/kim-jayeon/Pinkk/ros2_ws/install/pinkk_usb_insertion/share/ament_index/resource_index
[1.574s] creating /home/kim-jayeon/Pinkk/ros2_ws/install/pinkk_usb_insertion/share/ament_index/resource_index/packages
[1.574s] symbolically linking /home/kim-jayeon/Pinkk/ros2_ws/build/pinkk_usb_insertion/resource/pinkk_usb_insertion -> /home/kim-jayeon/Pinkk/ros2_ws/install/pinkk_usb_insertion/share/ament_index/resource_index/packages
[1.574s] symbolically linking /home/kim-jayeon/Pinkk/ros2_ws/build/pinkk_usb_insertion/package.xml -> /home/kim-jayeon/Pinkk/ros2_ws/install/pinkk_usb_insertion/share/pinkk_usb_insertion
[1.574s] symbolically linking /home/kim-jayeon/Pinkk/ros2_ws/build/pinkk_usb_insertion/README.md -> /home/kim-jayeon/Pinkk/ros2_ws/install/pinkk_usb_insertion/share/pinkk_usb_insertion
[1.574s] creating /home/kim-jayeon/Pinkk/ros2_ws/install/pinkk_usb_insertion/share/pinkk_usb_insertion/launch
[1.574s] symbolically linking /home/kim-jayeon/Pinkk/ros2_ws/build/pinkk_usb_insertion/launch/usb_insertion.launch.py -> /home/kim-jayeon/Pinkk/ros2_ws/install/pinkk_usb_insertion/share/pinkk_usb_insertion/launch
[1.574s] symbolically linking /home/kim-jayeon/Pinkk/ros2_ws/build/pinkk_usb_insertion/launch/usb_perception.launch.py -> /home/kim-jayeon/Pinkk/ros2_ws/install/pinkk_usb_insertion/share/pinkk_usb_insertion/launch
[1.574s] creating /home/kim-jayeon/Pinkk/ros2_ws/install/pinkk_usb_insertion/share/pinkk_usb_insertion/config
[1.574s] symbolically linking /home/kim-jayeon/Pinkk/ros2_ws/build/pinkk_usb_insertion/config/insertion_control.yaml -> /home/kim-jayeon/Pinkk/ros2_ws/install/pinkk_usb_insertion/share/pinkk_usb_insertion/config
[1.574s] symbolically linking /home/kim-jayeon/Pinkk/ros2_ws/build/pinkk_usb_insertion/config/tool_transform.yaml -> /home/kim-jayeon/Pinkk/ros2_ws/install/pinkk_usb_insertion/share/pinkk_usb_insertion/config
[1.574s] symbolically linking /home/kim-jayeon/Pinkk/ros2_ws/build/pinkk_usb_insertion/config/camera_intrinsics.yaml -> /home/kim-jayeon/Pinkk/ros2_ws/install/pinkk_usb_insertion/share/pinkk_usb_insertion/config
[1.574s] symbolically linking /home/kim-jayeon/Pinkk/ros2_ws/build/pinkk_usb_insertion/config/handeye.yaml -> /home/kim-jayeon/Pinkk/ros2_ws/install/pinkk_usb_insertion/share/pinkk_usb_insertion/config
[1.574s] symbolically linking /home/kim-jayeon/Pinkk/ros2_ws/build/pinkk_usb_insertion/config/README_KO.md -> /home/kim-jayeon/Pinkk/ros2_ws/install/pinkk_usb_insertion/share/pinkk_usb_insertion/config
[1.574s] creating /home/kim-jayeon/Pinkk/ros2_ws/install/pinkk_usb_insertion/share/pinkk_usb_insertion/docs
[1.574s] symbolically linking /home/kim-jayeon/Pinkk/ros2_ws/build/pinkk_usb_insertion/docs/01_ARCHITECTURE_KO.md -> /home/kim-jayeon/Pinkk/ros2_ws/install/pinkk_usb_insertion/share/pinkk_usb_insertion/docs
[1.575s] symbolically linking /home/kim-jayeon/Pinkk/ros2_ws/build/pinkk_usb_insertion/docs/04_SAFETY_KO.md -> /home/kim-jayeon/Pinkk/ros2_ws/install/pinkk_usb_insertion/share/pinkk_usb_insertion/docs
[1.575s] symbolically linking /home/kim-jayeon/Pinkk/ros2_ws/build/pinkk_usb_insertion/docs/02_COORDINATE_FRAMES_KO.md -> /home/kim-jayeon/Pinkk/ros2_ws/install/pinkk_usb_insertion/share/pinkk_usb_insertion/docs
[1.575s] symbolically linking /home/kim-jayeon/Pinkk/ros2_ws/build/pinkk_usb_insertion/docs/03_NODES_AND_TOPICS_KO.md -> /home/kim-jayeon/Pinkk/ros2_ws/install/pinkk_usb_insertion/share/pinkk_usb_insertion/docs
[1.575s] symbolically linking /home/kim-jayeon/Pinkk/ros2_ws/build/pinkk_usb_insertion/docs/05_DEVELOPMENT_ROADMAP_KO.md -> /home/kim-jayeon/Pinkk/ros2_ws/install/pinkk_usb_insertion/share/pinkk_usb_insertion/docs
[1.601s] Invoked command in '/home/kim-jayeon/Pinkk/ros2_ws/build/pinkk_usb_insertion' returned '0': DEBUGINFOD_URLS=https://debuginfod.ubuntu.com PYTHONPATH=/home/kim-jayeon/Pinkk/ros2_ws/build/pinkk_usb_insertion/prefix_override:/usr/lib/python3/dist-packages/colcon_core/task/python/colcon_distutils_commands:/home/kim-jayeon/Pinkk/ros2_ws/install/pinkk_usb_insertion/lib/python3.12/site-packages:${PYTHONPATH} /usr/bin/python3 -W ignore:setup.py install is deprecated -W ignore:easy_install command is deprecated setup.py develop --editable --build-directory /home/kim-jayeon/Pinkk/ros2_ws/build/pinkk_usb_insertion/build --no-deps symlink_data
