[0.174s] DEBUG:colcon:Command line arguments: ['/usr/bin/colcon', 'build', '--packages-select', 'pinkk_usb_insertion', '--symlink-install']
[0.175s] DEBUG:colcon:Parsed command line arguments: Namespace(log_base=None, log_level=None, verb_name='build', build_base='build', install_base='install', merge_install=False, symlink_install=True, test_result_base=None, continue_on_error=False, executor='parallel', parallel_workers=16, event_handlers=None, ignore_user_meta=False, metas=['./colcon.meta'], base_paths=['.'], packages_ignore=None, packages_ignore_regex=None, paths=None, packages_up_to=None, packages_up_to_regex=None, packages_above=None, packages_above_and_dependencies=None, packages_above_depth=None, packages_select_by_dep=None, packages_skip_by_dep=None, packages_skip_up_to=None, packages_select_build_failed=False, packages_skip_build_finished=False, packages_select_test_failures=False, packages_skip_test_passed=False, packages_select=['pinkk_usb_insertion'], packages_skip=None, packages_select_regex=None, packages_skip_regex=None, packages_start=None, packages_end=None, allow_overriding=[], cmake_args=None, cmake_target=None, cmake_target_skip_unavailable=False, cmake_clean_cache=False, cmake_clean_first=False, cmake_force_configure=False, ament_cmake_args=None, catkin_cmake_args=None, catkin_skip_building_tests=False, mixin_files=None, mixin=None, verb_parser=<colcon_mixin.mixin.mixin_argument.MixinArgumentDecorator object at 0x78c85093ca40>, verb_extension=<colcon_core.verb.build.BuildVerb object at 0x78c850a5d130>, main=<bound method BuildVerb.main of <colcon_core.verb.build.BuildVerb object at 0x78c850a5d130>>, mixin_verb=('build',))
[0.231s] Level 1:colcon.colcon_core.package_discovery:discover_packages(colcon_meta) check parameters
[0.231s] Level 1:colcon.colcon_core.package_discovery:discover_packages(recursive) check parameters
[0.231s] Level 1:colcon.colcon_core.package_discovery:discover_packages(ignore) check parameters
[0.231s] Level 1:colcon.colcon_core.package_discovery:discover_packages(path) check parameters
[0.231s] Level 1:colcon.colcon_core.package_discovery:discover_packages(colcon_meta) discover
[0.231s] Level 1:colcon.colcon_core.package_discovery:discover_packages(recursive) discover
[0.231s] INFO:colcon.colcon_core.package_discovery:Crawling recursively for packages in '/home/kim-jayeon/Pinkk/ros2_ws'
[0.231s] Level 1:colcon.colcon_core.package_identification:_identify(.) by extensions ['ignore', 'ignore_ament_install']
[0.232s] Level 1:colcon.colcon_core.package_identification:_identify(.) by extension 'ignore'
[0.232s] Level 1:colcon.colcon_core.package_identification:_identify(.) by extension 'ignore_ament_install'
[0.232s] Level 1:colcon.colcon_core.package_identification:_identify(.) by extensions ['colcon_pkg']
[0.232s] Level 1:colcon.colcon_core.package_identification:_identify(.) by extension 'colcon_pkg'
[0.232s] Level 1:colcon.colcon_core.package_identification:_identify(.) by extensions ['colcon_meta']
[0.232s] Level 1:colcon.colcon_core.package_identification:_identify(.) by extension 'colcon_meta'
[0.232s] Level 1:colcon.colcon_core.package_identification:_identify(.) by extensions ['ros']
[0.232s] Level 1:colcon.colcon_core.package_identification:_identify(.) by extension 'ros'
[0.268s] Level 1:colcon.colcon_core.package_identification:_identify(.) by extensions ['cmake', 'python']
[0.269s] Level 1:colcon.colcon_core.package_identification:_identify(.) by extension 'cmake'
[0.269s] Level 1:colcon.colcon_core.package_identification:_identify(.) by extension 'python'
[0.269s] Level 1:colcon.colcon_core.package_identification:_identify(.) by extensions ['python_setup_py']
[0.269s] Level 1:colcon.colcon_core.package_identification:_identify(.) by extension 'python_setup_py'
[0.269s] Level 1:colcon.colcon_core.package_identification:_identify(build) by extensions ['ignore', 'ignore_ament_install']
[0.269s] Level 1:colcon.colcon_core.package_identification:_identify(build) by extension 'ignore'
[0.269s] Level 1:colcon.colcon_core.package_identification:_identify(build) ignored
[0.269s] Level 1:colcon.colcon_core.package_identification:_identify(install) by extensions ['ignore', 'ignore_ament_install']
[0.269s] Level 1:colcon.colcon_core.package_identification:_identify(install) by extension 'ignore'
[0.269s] Level 1:colcon.colcon_core.package_identification:_identify(install) ignored
[0.270s] Level 1:colcon.colcon_core.package_identification:_identify(log) by extensions ['ignore', 'ignore_ament_install']
[0.270s] Level 1:colcon.colcon_core.package_identification:_identify(log) by extension 'ignore'
[0.270s] Level 1:colcon.colcon_core.package_identification:_identify(log) ignored
[0.270s] Level 1:colcon.colcon_core.package_identification:_identify(src) by extensions ['ignore', 'ignore_ament_install']
[0.270s] Level 1:colcon.colcon_core.package_identification:_identify(src) by extension 'ignore'
[0.270s] Level 1:colcon.colcon_core.package_identification:_identify(src) by extension 'ignore_ament_install'
[0.270s] Level 1:colcon.colcon_core.package_identification:_identify(src) by extensions ['colcon_pkg']
[0.270s] Level 1:colcon.colcon_core.package_identification:_identify(src) by extension 'colcon_pkg'
[0.270s] Level 1:colcon.colcon_core.package_identification:_identify(src) by extensions ['colcon_meta']
[0.270s] Level 1:colcon.colcon_core.package_identification:_identify(src) by extension 'colcon_meta'
[0.270s] Level 1:colcon.colcon_core.package_identification:_identify(src) by extensions ['ros']
[0.270s] Level 1:colcon.colcon_core.package_identification:_identify(src) by extension 'ros'
[0.270s] Level 1:colcon.colcon_core.package_identification:_identify(src) by extensions ['cmake', 'python']
[0.270s] Level 1:colcon.colcon_core.package_identification:_identify(src) by extension 'cmake'
[0.270s] Level 1:colcon.colcon_core.package_identification:_identify(src) by extension 'python'
[0.270s] Level 1:colcon.colcon_core.package_identification:_identify(src) by extensions ['python_setup_py']
[0.270s] Level 1:colcon.colcon_core.package_identification:_identify(src) by extension 'python_setup_py'
[0.270s] Level 1:colcon.colcon_core.package_identification:_identify(src/pinkk_handeye_automation) by extensions ['ignore', 'ignore_ament_install']
[0.271s] Level 1:colcon.colcon_core.package_identification:_identify(src/pinkk_handeye_automation) by extension 'ignore'
[0.271s] Level 1:colcon.colcon_core.package_identification:_identify(src/pinkk_handeye_automation) by extension 'ignore_ament_install'
[0.271s] Level 1:colcon.colcon_core.package_identification:_identify(src/pinkk_handeye_automation) by extensions ['colcon_pkg']
[0.271s] Level 1:colcon.colcon_core.package_identification:_identify(src/pinkk_handeye_automation) by extension 'colcon_pkg'
[0.271s] Level 1:colcon.colcon_core.package_identification:_identify(src/pinkk_handeye_automation) by extensions ['colcon_meta']
[0.271s] Level 1:colcon.colcon_core.package_identification:_identify(src/pinkk_handeye_automation) by extension 'colcon_meta'
[0.271s] Level 1:colcon.colcon_core.package_identification:_identify(src/pinkk_handeye_automation) by extensions ['ros']
[0.271s] Level 1:colcon.colcon_core.package_identification:_identify(src/pinkk_handeye_automation) by extension 'ros'
[0.274s] DEBUG:colcon.colcon_core.package_identification:Package 'src/pinkk_handeye_automation' with type 'ros.ament_python' and name 'pinkk_handeye_automation'
[0.275s] Level 1:colcon.colcon_core.package_identification:_identify(src/pinkk_mycobot_bridge) by extensions ['ignore', 'ignore_ament_install']
[0.275s] Level 1:colcon.colcon_core.package_identification:_identify(src/pinkk_mycobot_bridge) by extension 'ignore'
[0.275s] Level 1:colcon.colcon_core.package_identification:_identify(src/pinkk_mycobot_bridge) by extension 'ignore_ament_install'
[0.275s] Level 1:colcon.colcon_core.package_identification:_identify(src/pinkk_mycobot_bridge) by extensions ['colcon_pkg']
[0.275s] Level 1:colcon.colcon_core.package_identification:_identify(src/pinkk_mycobot_bridge) by extension 'colcon_pkg'
[0.275s] Level 1:colcon.colcon_core.package_identification:_identify(src/pinkk_mycobot_bridge) by extensions ['colcon_meta']
[0.275s] Level 1:colcon.colcon_core.package_identification:_identify(src/pinkk_mycobot_bridge) by extension 'colcon_meta'
[0.275s] Level 1:colcon.colcon_core.package_identification:_identify(src/pinkk_mycobot_bridge) by extensions ['ros']
[0.275s] Level 1:colcon.colcon_core.package_identification:_identify(src/pinkk_mycobot_bridge) by extension 'ros'
[0.276s] DEBUG:colcon.colcon_core.package_identification:Package 'src/pinkk_mycobot_bridge' with type 'ros.ament_python' and name 'pinkk_mycobot_bridge'
[0.276s] Level 1:colcon.colcon_core.package_identification:_identify(src/pinkk_usb_insertion) by extensions ['ignore', 'ignore_ament_install']
[0.276s] Level 1:colcon.colcon_core.package_identification:_identify(src/pinkk_usb_insertion) by extension 'ignore'
[0.276s] Level 1:colcon.colcon_core.package_identification:_identify(src/pinkk_usb_insertion) by extension 'ignore_ament_install'
[0.276s] Level 1:colcon.colcon_core.package_identification:_identify(src/pinkk_usb_insertion) by extensions ['colcon_pkg']
[0.276s] Level 1:colcon.colcon_core.package_identification:_identify(src/pinkk_usb_insertion) by extension 'colcon_pkg'
[0.276s] Level 1:colcon.colcon_core.package_identification:_identify(src/pinkk_usb_insertion) by extensions ['colcon_meta']
[0.276s] Level 1:colcon.colcon_core.package_identification:_identify(src/pinkk_usb_insertion) by extension 'colcon_meta'
[0.276s] Level 1:colcon.colcon_core.package_identification:_identify(src/pinkk_usb_insertion) by extensions ['ros']
[0.276s] Level 1:colcon.colcon_core.package_identification:_identify(src/pinkk_usb_insertion) by extension 'ros'
[0.277s] DEBUG:colcon.colcon_core.package_identification:Package 'src/pinkk_usb_insertion' with type 'ros.ament_python' and name 'pinkk_usb_insertion'
[0.277s] Level 1:colcon.colcon_core.package_identification:_identify(src/pinkk_usb_insertion_interfaces) by extensions ['ignore', 'ignore_ament_install']
[0.277s] Level 1:colcon.colcon_core.package_identification:_identify(src/pinkk_usb_insertion_interfaces) by extension 'ignore'
[0.277s] Level 1:colcon.colcon_core.package_identification:_identify(src/pinkk_usb_insertion_interfaces) by extension 'ignore_ament_install'
[0.277s] Level 1:colcon.colcon_core.package_identification:_identify(src/pinkk_usb_insertion_interfaces) by extensions ['colcon_pkg']
[0.277s] Level 1:colcon.colcon_core.package_identification:_identify(src/pinkk_usb_insertion_interfaces) by extension 'colcon_pkg'
[0.278s] Level 1:colcon.colcon_core.package_identification:_identify(src/pinkk_usb_insertion_interfaces) by extensions ['colcon_meta']
[0.278s] Level 1:colcon.colcon_core.package_identification:_identify(src/pinkk_usb_insertion_interfaces) by extension 'colcon_meta'
[0.278s] Level 1:colcon.colcon_core.package_identification:_identify(src/pinkk_usb_insertion_interfaces) by extensions ['ros']
[0.278s] Level 1:colcon.colcon_core.package_identification:_identify(src/pinkk_usb_insertion_interfaces) by extension 'ros'
[0.278s] DEBUG:colcon.colcon_core.package_identification:Package 'src/pinkk_usb_insertion_interfaces' with type 'ros.ament_cmake' and name 'pinkk_usb_insertion_interfaces'
[0.279s] Level 1:colcon.colcon_core.package_discovery:discover_packages(recursive) using defaults
[0.279s] Level 1:colcon.colcon_core.package_discovery:discover_packages(ignore) discover
[0.279s] Level 1:colcon.colcon_core.package_discovery:discover_packages(ignore) using defaults
[0.279s] Level 1:colcon.colcon_core.package_discovery:discover_packages(path) discover
[0.279s] Level 1:colcon.colcon_core.package_discovery:discover_packages(path) using defaults
[0.311s] INFO:colcon.colcon_core.package_selection:Skipping not selected package 'pinkk_handeye_automation' in 'src/pinkk_handeye_automation'
[0.311s] INFO:colcon.colcon_core.package_selection:Skipping not selected package 'pinkk_usb_insertion_interfaces' in 'src/pinkk_usb_insertion_interfaces'
[0.311s] INFO:colcon.colcon_core.package_selection:Skipping not selected package 'pinkk_mycobot_bridge' in 'src/pinkk_mycobot_bridge'
[0.311s] Level 1:colcon.colcon_core.package_discovery:discover_packages(prefix_path) check parameters
[0.311s] Level 1:colcon.colcon_core.package_discovery:discover_packages(prefix_path) discover
[0.315s] DEBUG:colcon.colcon_installed_package_information.package_discovery:Found 4 installed packages in /home/kim-jayeon/Pinkk/ros2_ws/install
[0.317s] DEBUG:colcon.colcon_installed_package_information.package_discovery:Found 37 installed packages in /home/kim-jayeon/camera_ws/install
[0.320s] DEBUG:colcon.colcon_installed_package_information.package_discovery:Found 441 installed packages in /opt/ros/jazzy
[0.321s] Level 1:colcon.colcon_core.package_discovery:discover_packages(prefix_path) using defaults
[0.406s] Level 5:colcon.colcon_core.verb:set package 'pinkk_usb_insertion' build argument 'cmake_args' from command line to 'None'
[0.406s] Level 5:colcon.colcon_core.verb:set package 'pinkk_usb_insertion' build argument 'cmake_target' from command line to 'None'
[0.406s] Level 5:colcon.colcon_core.verb:set package 'pinkk_usb_insertion' build argument 'cmake_target_skip_unavailable' from command line to 'False'
[0.406s] Level 5:colcon.colcon_core.verb:set package 'pinkk_usb_insertion' build argument 'cmake_clean_cache' from command line to 'False'
[0.406s] Level 5:colcon.colcon_core.verb:set package 'pinkk_usb_insertion' build argument 'cmake_clean_first' from command line to 'False'
[0.406s] Level 5:colcon.colcon_core.verb:set package 'pinkk_usb_insertion' build argument 'cmake_force_configure' from command line to 'False'
[0.406s] Level 5:colcon.colcon_core.verb:set package 'pinkk_usb_insertion' build argument 'ament_cmake_args' from command line to 'None'
[0.406s] Level 5:colcon.colcon_core.verb:set package 'pinkk_usb_insertion' build argument 'catkin_cmake_args' from command line to 'None'
[0.406s] Level 5:colcon.colcon_core.verb:set package 'pinkk_usb_insertion' build argument 'catkin_skip_building_tests' from command line to 'False'
[0.406s] DEBUG:colcon.colcon_core.verb:Building package 'pinkk_usb_insertion' with the following arguments: {'ament_cmake_args': None, 'build_base': '/home/kim-jayeon/Pinkk/ros2_ws/build/pinkk_usb_insertion', 'catkin_cmake_args': None, 'catkin_skip_building_tests': False, 'cmake_args': None, 'cmake_clean_cache': False, 'cmake_clean_first': False, 'cmake_force_configure': False, 'cmake_target': None, 'cmake_target_skip_unavailable': False, 'install_base': '/home/kim-jayeon/Pinkk/ros2_ws/install/pinkk_usb_insertion', 'merge_install': False, 'path': '/home/kim-jayeon/Pinkk/ros2_ws/src/pinkk_usb_insertion', 'symlink_install': True, 'test_result_base': None}
[0.406s] INFO:colcon.colcon_core.executor:Executing jobs using 'parallel' executor
[0.407s] DEBUG:colcon.colcon_parallel_executor.executor.parallel:run_until_complete
[0.408s] INFO:colcon.colcon_ros.task.ament_python.build:Building ROS package in '/home/kim-jayeon/Pinkk/ros2_ws/src/pinkk_usb_insertion' with build type 'ament_python'
[0.408s] Level 1:colcon.colcon_core.shell:create_environment_hook('pinkk_usb_insertion', 'ament_prefix_path')
[0.412s] INFO:colcon.colcon_core.plugin_system:Skipping extension 'colcon_core.shell.bat': Not used on non-Windows systems
[0.412s] INFO:colcon.colcon_core.shell:Creating environment hook '/home/kim-jayeon/Pinkk/ros2_ws/install/pinkk_usb_insertion/share/pinkk_usb_insertion/hook/ament_prefix_path.ps1'
[0.413s] INFO:colcon.colcon_core.shell:Creating environment descriptor '/home/kim-jayeon/Pinkk/ros2_ws/install/pinkk_usb_insertion/share/pinkk_usb_insertion/hook/ament_prefix_path.dsv'
[0.414s] INFO:colcon.colcon_core.shell:Creating environment hook '/home/kim-jayeon/Pinkk/ros2_ws/install/pinkk_usb_insertion/share/pinkk_usb_insertion/hook/ament_prefix_path.sh'
[0.415s] INFO:colcon.colcon_core.shell:Skip shell extension 'powershell' for command environment: Not usable outside of PowerShell
[0.415s] DEBUG:colcon.colcon_core.shell:Skip shell extension 'dsv' for command environment
[0.787s] INFO:colcon.colcon_core.task.python.build:Building Python package in '/home/kim-jayeon/Pinkk/ros2_ws/src/pinkk_usb_insertion'
[0.787s] INFO:colcon.colcon_core.shell:Skip shell extension 'powershell' for command environment: Not usable outside of PowerShell
[0.787s] DEBUG:colcon.colcon_core.shell:Skip shell extension 'dsv' for command environment
[1.373s] DEBUG:colcon.colcon_core.task.python.build:Available setuptools commands: setopt, egg_info, rotate, install_data, build, extract_messages, install_lib, bdist_egg, develop, sdist, init_catalog, bdist_wheel, update_catalog, bdist_rpm, register, build_py, bdist, bdist_dumb, install_scripts, install, build_scripts, upload, build_clib, easy_install, build_ext, check, test, upload_docs, symlink_data, install_headers, saveopts, compile_catalog, install_egg_info, clean, alias, dist_info, editable_wheel
[1.672s] DEBUG:colcon.colcon_core.task.python.build:Available setuptools 'develop' options: --install-dir, --version, --prefix, --site-dirs, --help, --quiet, --verbose, --exclude-scripts, --egg-path, --record, --allow-hosts, --always-copy, --user, --install-layout, --script-dir, --dry-run, --index-url, --multi-version, --build-directory, --always-unzip, --uninstall, --force-installation-into-system-dir, --no-find-links, --no-deps, --no-user-cfg, --optimize, --local-snapshots-ok, --upgrade, --find-links, --editable, --zip-ok
[1.674s] DEBUG:colcon.colcon_core.event_handler.log_command:Invoking command in '/home/kim-jayeon/Pinkk/ros2_ws/build/pinkk_usb_insertion': DEBUGINFOD_URLS=https://debuginfod.ubuntu.com PYTHONPATH=/home/kim-jayeon/Pinkk/ros2_ws/build/pinkk_usb_insertion/prefix_override:/usr/lib/python3/dist-packages/colcon_core/task/python/colcon_distutils_commands:/home/kim-jayeon/Pinkk/ros2_ws/install/pinkk_usb_insertion/lib/python3.12/site-packages:/home/kim-jayeon/Pinkk/ros2_ws/install/pinkk_usb_insertion_interfaces/lib/python3.12/site-packages:/home/kim-jayeon/Pinkk/ros2_ws/build/pinkk_usb_insertion:/home/kim-jayeon/Pinkk/ros2_ws/install/pinkk_usb_insertion/lib/python3.12/site-packages:/home/kim-jayeon/Pinkk/ros2_ws/build/pinkk_mycobot_bridge:/home/kim-jayeon/Pinkk/ros2_ws/install/pinkk_mycobot_bridge/lib/python3.12/site-packages:/home/kim-jayeon/Pinkk/ros2_ws/build/pinkk_handeye_automation:/home/kim-jayeon/Pinkk/ros2_ws/install/pinkk_handeye_automation/lib/python3.12/site-packages:/home/kim-jayeon/camera_ws/build/ultraarm:/home/kim-jayeon/camera_ws/install/ultraarm/lib/python3.12/site-packages:/home/kim-jayeon/camera_ws/build/pro450_moveit2_control:/home/kim-jayeon/camera_ws/install/pro450_moveit2_control/lib/python3.12/site-packages:/home/kim-jayeon/camera_ws/build/mypalletizer_communication:/home/kim-jayeon/camera_ws/install/mypalletizer_communication/lib/python3.12/site-packages:/home/kim-jayeon/camera_ws/install/mypalletizer_interfaces/lib/python3.12/site-packages:/home/kim-jayeon/camera_ws/build/mypalletizer_260_pi:/home/kim-jayeon/camera_ws/install/mypalletizer_260_pi/lib/python3.12/site-packages:/home/kim-jayeon/camera_ws/build/mypalletizer_260:/home/kim-jayeon/camera_ws/install/mypalletizer_260/lib/python3.12/site-packages:/home/kim-jayeon/camera_ws/build/mycobot_pro_450:/home/kim-jayeon/camera_ws/install/mycobot_pro_450/lib/python3.12/site-packages:/home/kim-jayeon/camera_ws/install/mycobot_pro450_interfaces/lib/python3.12/site-packages:/home/kim-jayeon/camera_ws/build/myarm_m750:/home/kim-jayeon/camera_ws/install/myarm_m750/lib/python3.12/site-packages:/home/kim-jayeon/camera_ws/build/myarm_c650:/home/kim-jayeon/camera_ws/install/myarm_c650/lib/python3.12/site-packages:/home/kim-jayeon/camera_ws/build/mycobot_communication:/home/kim-jayeon/camera_ws/install/mycobot_communication/lib/python3.12/site-packages:/home/kim-jayeon/camera_ws/build/mecharm_communication:/home/kim-jayeon/camera_ws/install/mecharm_communication/lib/python3.12/site-packages:/home/kim-jayeon/camera_ws/install/mycobot_interfaces/lib/python3.12/site-packages:/home/kim-jayeon/camera_ws/build/mycobot_630:/home/kim-jayeon/camera_ws/install/mycobot_630/lib/python3.12/site-packages:/home/kim-jayeon/camera_ws/build/mycobot_600:/home/kim-jayeon/camera_ws/install/mycobot_600/lib/python3.12/site-packages:/home/kim-jayeon/camera_ws/build/mycobot_320pi:/home/kim-jayeon/camera_ws/install/mycobot_320pi/lib/python3.12/site-packages:/home/kim-jayeon/camera_ws/build/mycobot_320_riscv:/home/kim-jayeon/camera_ws/install/mycobot_320_riscv/lib/python3.12/site-packages:/home/kim-jayeon/camera_ws/build/mycobot_320:/home/kim-jayeon/camera_ws/install/mycobot_320/lib/python3.12/site-packages:/home/kim-jayeon/camera_ws/build/mycobot_280pi:/home/kim-jayeon/camera_ws/install/mycobot_280pi/lib/python3.12/site-packages:/home/kim-jayeon/camera_ws/build/mycobot_280jn:/home/kim-jayeon/camera_ws/install/mycobot_280jn/lib/python3.12/site-packages:/home/kim-jayeon/camera_ws/build/mycobot_280_x3pi:/home/kim-jayeon/camera_ws/install/mycobot_280_x3pi/lib/python3.12/site-packages:/home/kim-jayeon/camera_ws/build/mycobot_280_riscv:/home/kim-jayeon/camera_ws/install/mycobot_280_riscv/lib/python3.12/site-packages:/home/kim-jayeon/camera_ws/build/mycobot_280_rdkx5:/home/kim-jayeon/camera_ws/install/mycobot_280_rdkx5/lib/python3.12/site-packages:/home/kim-jayeon/camera_ws/build/mycobot_280_moveit2_control:/home/kim-jayeon/camera_ws/install/mycobot_280_moveit2_control/lib/python3.12/site-packages:/home/kim-jayeon/camera_ws/build/mycobot_280_arduino:/home/kim-jayeon/camera_ws/install/mycobot_280_arduino/lib/python3.12/site-packages:/home/kim-jayeon/camera_ws/build/mycobot_280:/home/kim-jayeon/camera_ws/install/mycobot_280/lib/python3.12/site-packages:/home/kim-jayeon/camera_ws/build/mybuddy:/home/kim-jayeon/camera_ws/install/mybuddy/lib/python3.12/site-packages:/home/kim-jayeon/camera_ws/build/myarm_300:/home/kim-jayeon/camera_ws/install/myarm_300/lib/python3.12/site-packages:/home/kim-jayeon/camera_ws/build/mecharm_pi:/home/kim-jayeon/camera_ws/install/mecharm_pi/lib/python3.12/site-packages:/home/kim-jayeon/camera_ws/build/mecharm:/home/kim-jayeon/camera_ws/install/mecharm/lib/python3.12/site-packages:/home/kim-jayeon/camera_ws/build/mycobot_description:/home/kim-jayeon/camera_ws/install/mycobot_description/lib/python3.12/site-packages:/home/kim-jayeon/camera_ws/install/mecharm_interfaces/lib/python3.12/site-packages:/opt/ros/jazzy/lib/python3.12/site-packages /usr/bin/python3 -W ignore:setup.py install is deprecated -W ignore:easy_install command is deprecated setup.py develop --editable --build-directory /home/kim-jayeon/Pinkk/ros2_ws/build/pinkk_usb_insertion/build --no-deps symlink_data
[2.255s] Level 1:colcon.colcon_core.shell:create_environment_hook('pinkk_usb_insertion', 'pythonpath_develop')
[2.255s] INFO:colcon.colcon_core.shell:Creating environment hook '/home/kim-jayeon/Pinkk/ros2_ws/build/pinkk_usb_insertion/share/pinkk_usb_insertion/hook/pythonpath_develop.ps1'
[2.256s] DEBUG:colcon.colcon_core.event_handler.log_command:Invoked command in '/home/kim-jayeon/Pinkk/ros2_ws/build/pinkk_usb_insertion' returned '0': DEBUGINFOD_URLS=https://debuginfod.ubuntu.com PYTHONPATH=/home/kim-jayeon/Pinkk/ros2_ws/build/pinkk_usb_insertion/prefix_override:/usr/lib/python3/dist-packages/colcon_core/task/python/colcon_distutils_commands:/home/kim-jayeon/Pinkk/ros2_ws/install/pinkk_usb_insertion/lib/python3.12/site-packages:/home/kim-jayeon/Pinkk/ros2_ws/install/pinkk_usb_insertion_interfaces/lib/python3.12/site-packages:/home/kim-jayeon/Pinkk/ros2_ws/build/pinkk_usb_insertion:/home/kim-jayeon/Pinkk/ros2_ws/install/pinkk_usb_insertion/lib/python3.12/site-packages:/home/kim-jayeon/Pinkk/ros2_ws/build/pinkk_mycobot_bridge:/home/kim-jayeon/Pinkk/ros2_ws/install/pinkk_mycobot_bridge/lib/python3.12/site-packages:/home/kim-jayeon/Pinkk/ros2_ws/build/pinkk_handeye_automation:/home/kim-jayeon/Pinkk/ros2_ws/install/pinkk_handeye_automation/lib/python3.12/site-packages:/home/kim-jayeon/camera_ws/build/ultraarm:/home/kim-jayeon/camera_ws/install/ultraarm/lib/python3.12/site-packages:/home/kim-jayeon/camera_ws/build/pro450_moveit2_control:/home/kim-jayeon/camera_ws/install/pro450_moveit2_control/lib/python3.12/site-packages:/home/kim-jayeon/camera_ws/build/mypalletizer_communication:/home/kim-jayeon/camera_ws/install/mypalletizer_communication/lib/python3.12/site-packages:/home/kim-jayeon/camera_ws/install/mypalletizer_interfaces/lib/python3.12/site-packages:/home/kim-jayeon/camera_ws/build/mypalletizer_260_pi:/home/kim-jayeon/camera_ws/install/mypalletizer_260_pi/lib/python3.12/site-packages:/home/kim-jayeon/camera_ws/build/mypalletizer_260:/home/kim-jayeon/camera_ws/install/mypalletizer_260/lib/python3.12/site-packages:/home/kim-jayeon/camera_ws/build/mycobot_pro_450:/home/kim-jayeon/camera_ws/install/mycobot_pro_450/lib/python3.12/site-packages:/home/kim-jayeon/camera_ws/install/mycobot_pro450_interfaces/lib/python3.12/site-packages:/home/kim-jayeon/camera_ws/build/myarm_m750:/home/kim-jayeon/camera_ws/install/myarm_m750/lib/python3.12/site-packages:/home/kim-jayeon/camera_ws/build/myarm_c650:/home/kim-jayeon/camera_ws/install/myarm_c650/lib/python3.12/site-packages:/home/kim-jayeon/camera_ws/build/mycobot_communication:/home/kim-jayeon/camera_ws/install/mycobot_communication/lib/python3.12/site-packages:/home/kim-jayeon/camera_ws/build/mecharm_communication:/home/kim-jayeon/camera_ws/install/mecharm_communication/lib/python3.12/site-packages:/home/kim-jayeon/camera_ws/install/mycobot_interfaces/lib/python3.12/site-packages:/home/kim-jayeon/camera_ws/build/mycobot_630:/home/kim-jayeon/camera_ws/install/mycobot_630/lib/python3.12/site-packages:/home/kim-jayeon/camera_ws/build/mycobot_600:/home/kim-jayeon/camera_ws/install/mycobot_600/lib/python3.12/site-packages:/home/kim-jayeon/camera_ws/build/mycobot_320pi:/home/kim-jayeon/camera_ws/install/mycobot_320pi/lib/python3.12/site-packages:/home/kim-jayeon/camera_ws/build/mycobot_320_riscv:/home/kim-jayeon/camera_ws/install/mycobot_320_riscv/lib/python3.12/site-packages:/home/kim-jayeon/camera_ws/build/mycobot_320:/home/kim-jayeon/camera_ws/install/mycobot_320/lib/python3.12/site-packages:/home/kim-jayeon/camera_ws/build/mycobot_280pi:/home/kim-jayeon/camera_ws/install/mycobot_280pi/lib/python3.12/site-packages:/home/kim-jayeon/camera_ws/build/mycobot_280jn:/home/kim-jayeon/camera_ws/install/mycobot_280jn/lib/python3.12/site-packages:/home/kim-jayeon/camera_ws/build/mycobot_280_x3pi:/home/kim-jayeon/camera_ws/install/mycobot_280_x3pi/lib/python3.12/site-packages:/home/kim-jayeon/camera_ws/build/mycobot_280_riscv:/home/kim-jayeon/camera_ws/install/mycobot_280_riscv/lib/python3.12/site-packages:/home/kim-jayeon/camera_ws/build/mycobot_280_rdkx5:/home/kim-jayeon/camera_ws/install/mycobot_280_rdkx5/lib/python3.12/site-packages:/home/kim-jayeon/camera_ws/build/mycobot_280_moveit2_control:/home/kim-jayeon/camera_ws/install/mycobot_280_moveit2_control/lib/python3.12/site-packages:/home/kim-jayeon/camera_ws/build/mycobot_280_arduino:/home/kim-jayeon/camera_ws/install/mycobot_280_arduino/lib/python3.12/site-packages:/home/kim-jayeon/camera_ws/build/mycobot_280:/home/kim-jayeon/camera_ws/install/mycobot_280/lib/python3.12/site-packages:/home/kim-jayeon/camera_ws/build/mybuddy:/home/kim-jayeon/camera_ws/install/mybuddy/lib/python3.12/site-packages:/home/kim-jayeon/camera_ws/build/myarm_300:/home/kim-jayeon/camera_ws/install/myarm_300/lib/python3.12/site-packages:/home/kim-jayeon/camera_ws/build/mecharm_pi:/home/kim-jayeon/camera_ws/install/mecharm_pi/lib/python3.12/site-packages:/home/kim-jayeon/camera_ws/build/mecharm:/home/kim-jayeon/camera_ws/install/mecharm/lib/python3.12/site-packages:/home/kim-jayeon/camera_ws/build/mycobot_description:/home/kim-jayeon/camera_ws/install/mycobot_description/lib/python3.12/site-packages:/home/kim-jayeon/camera_ws/install/mecharm_interfaces/lib/python3.12/site-packages:/opt/ros/jazzy/lib/python3.12/site-packages /usr/bin/python3 -W ignore:setup.py install is deprecated -W ignore:easy_install command is deprecated setup.py develop --editable --build-directory /home/kim-jayeon/Pinkk/ros2_ws/build/pinkk_usb_insertion/build --no-deps symlink_data
[2.256s] INFO:colcon.colcon_core.shell:Creating environment descriptor '/home/kim-jayeon/Pinkk/ros2_ws/build/pinkk_usb_insertion/share/pinkk_usb_insertion/hook/pythonpath_develop.dsv'
[2.256s] INFO:colcon.colcon_core.shell:Creating environment hook '/home/kim-jayeon/Pinkk/ros2_ws/build/pinkk_usb_insertion/share/pinkk_usb_insertion/hook/pythonpath_develop.sh'
[2.258s] Level 1:colcon.colcon_core.environment:checking '/home/kim-jayeon/Pinkk/ros2_ws/install/pinkk_usb_insertion' for CMake module files
[2.259s] Level 1:colcon.colcon_core.environment:checking '/home/kim-jayeon/Pinkk/ros2_ws/install/pinkk_usb_insertion' for CMake config files
[2.259s] Level 1:colcon.colcon_core.environment:checking '/home/kim-jayeon/Pinkk/ros2_ws/install/pinkk_usb_insertion/lib'
[2.259s] Level 1:colcon.colcon_core.environment:checking '/home/kim-jayeon/Pinkk/ros2_ws/install/pinkk_usb_insertion/bin'
[2.259s] Level 1:colcon.colcon_core.environment:checking '/home/kim-jayeon/Pinkk/ros2_ws/install/pinkk_usb_insertion/lib/pkgconfig/pinkk_usb_insertion.pc'
[2.259s] Level 1:colcon.colcon_core.environment:checking '/home/kim-jayeon/Pinkk/ros2_ws/install/pinkk_usb_insertion/lib/python3.12/site-packages'
[2.259s] Level 1:colcon.colcon_core.shell:create_environment_hook('pinkk_usb_insertion', 'pythonpath')
[2.260s] INFO:colcon.colcon_core.shell:Creating environment hook '/home/kim-jayeon/Pinkk/ros2_ws/install/pinkk_usb_insertion/share/pinkk_usb_insertion/hook/pythonpath.ps1'
[2.260s] INFO:colcon.colcon_core.shell:Creating environment descriptor '/home/kim-jayeon/Pinkk/ros2_ws/install/pinkk_usb_insertion/share/pinkk_usb_insertion/hook/pythonpath.dsv'
[2.260s] INFO:colcon.colcon_core.shell:Creating environment hook '/home/kim-jayeon/Pinkk/ros2_ws/install/pinkk_usb_insertion/share/pinkk_usb_insertion/hook/pythonpath.sh'
[2.260s] Level 1:colcon.colcon_core.environment:checking '/home/kim-jayeon/Pinkk/ros2_ws/install/pinkk_usb_insertion/bin'
[2.260s] Level 1:colcon.colcon_core.environment:create_environment_scripts_only(pinkk_usb_insertion)
[2.261s] INFO:colcon.colcon_core.shell:Creating package script '/home/kim-jayeon/Pinkk/ros2_ws/install/pinkk_usb_insertion/share/pinkk_usb_insertion/package.ps1'
[2.261s] INFO:colcon.colcon_core.shell:Creating package descriptor '/home/kim-jayeon/Pinkk/ros2_ws/install/pinkk_usb_insertion/share/pinkk_usb_insertion/package.dsv'
[2.262s] INFO:colcon.colcon_core.shell:Creating package script '/home/kim-jayeon/Pinkk/ros2_ws/install/pinkk_usb_insertion/share/pinkk_usb_insertion/package.sh'
[2.262s] INFO:colcon.colcon_core.shell:Creating package script '/home/kim-jayeon/Pinkk/ros2_ws/install/pinkk_usb_insertion/share/pinkk_usb_insertion/package.bash'
[2.262s] INFO:colcon.colcon_core.shell:Creating package script '/home/kim-jayeon/Pinkk/ros2_ws/install/pinkk_usb_insertion/share/pinkk_usb_insertion/package.zsh'
[2.263s] Level 1:colcon.colcon_core.environment:create_file_with_runtime_dependencies(/home/kim-jayeon/Pinkk/ros2_ws/install/pinkk_usb_insertion/share/colcon-core/packages/pinkk_usb_insertion)
[2.263s] DEBUG:colcon.colcon_parallel_executor.executor.parallel:closing loop
[2.263s] DEBUG:colcon.colcon_parallel_executor.executor.parallel:loop closed
[2.263s] DEBUG:colcon.colcon_parallel_executor.executor.parallel:run_until_complete finished with '0'
[2.263s] DEBUG:colcon.colcon_core.event_reactor:joining thread
[2.269s] INFO:colcon.colcon_core.plugin_system:Skipping extension 'colcon_notification.desktop_notification.terminal_notifier': Not used on non-Darwin systems
[2.269s] INFO:colcon.colcon_core.plugin_system:Skipping extension 'colcon_notification.desktop_notification.win32': Not used on non-Windows systems
[2.269s] INFO:colcon.colcon_notification.desktop_notification:Sending desktop notification using 'notify2'
[2.279s] DEBUG:colcon.colcon_core.event_reactor:joined thread
[2.280s] INFO:colcon.colcon_core.shell:Creating prefix script '/home/kim-jayeon/Pinkk/ros2_ws/install/local_setup.ps1'
[2.281s] INFO:colcon.colcon_core.shell:Creating prefix util module '/home/kim-jayeon/Pinkk/ros2_ws/install/_local_setup_util_ps1.py'
[2.282s] INFO:colcon.colcon_core.shell:Creating prefix chain script '/home/kim-jayeon/Pinkk/ros2_ws/install/setup.ps1'
[2.283s] INFO:colcon.colcon_core.shell:Creating prefix script '/home/kim-jayeon/Pinkk/ros2_ws/install/local_setup.sh'
[2.284s] INFO:colcon.colcon_core.shell:Creating prefix util module '/home/kim-jayeon/Pinkk/ros2_ws/install/_local_setup_util_sh.py'
[2.284s] INFO:colcon.colcon_core.shell:Creating prefix chain script '/home/kim-jayeon/Pinkk/ros2_ws/install/setup.sh'
[2.287s] INFO:colcon.colcon_core.shell:Creating prefix script '/home/kim-jayeon/Pinkk/ros2_ws/install/local_setup.bash'
[2.287s] INFO:colcon.colcon_core.shell:Creating prefix chain script '/home/kim-jayeon/Pinkk/ros2_ws/install/setup.bash'
[2.288s] INFO:colcon.colcon_core.shell:Creating prefix script '/home/kim-jayeon/Pinkk/ros2_ws/install/local_setup.zsh'
[2.289s] INFO:colcon.colcon_core.shell:Creating prefix chain script '/home/kim-jayeon/Pinkk/ros2_ws/install/setup.zsh'
