[0.078s] DEBUG:colcon:Command line arguments: ['/usr/bin/colcon', 'build', '--packages-select', 'pinkk_usb_insertion', '--symlink-install']
[0.078s] DEBUG:colcon:Parsed command line arguments: Namespace(log_base=None, log_level=None, verb_name='build', build_base='build', install_base='install', merge_install=False, symlink_install=True, test_result_base=None, continue_on_error=False, executor='parallel', parallel_workers=16, event_handlers=None, ignore_user_meta=False, metas=['./colcon.meta'], base_paths=['.'], packages_ignore=None, packages_ignore_regex=None, paths=None, packages_up_to=None, packages_up_to_regex=None, packages_above=None, packages_above_and_dependencies=None, packages_above_depth=None, packages_select_by_dep=None, packages_skip_by_dep=None, packages_skip_up_to=None, packages_select_build_failed=False, packages_skip_build_finished=False, packages_select_test_failures=False, packages_skip_test_passed=False, packages_select=['pinkk_usb_insertion'], packages_skip=None, packages_select_regex=None, packages_skip_regex=None, packages_start=None, packages_end=None, allow_overriding=[], cmake_args=None, cmake_target=None, cmake_target_skip_unavailable=False, cmake_clean_cache=False, cmake_clean_first=False, cmake_force_configure=False, ament_cmake_args=None, catkin_cmake_args=None, catkin_skip_building_tests=False, mixin_files=None, mixin=None, verb_parser=<colcon_mixin.mixin.mixin_argument.MixinArgumentDecorator object at 0x7b27b6213950>, verb_extension=<colcon_core.verb.build.BuildVerb object at 0x7b27b635c0b0>, main=<bound method BuildVerb.main of <colcon_core.verb.build.BuildVerb object at 0x7b27b635c0b0>>, mixin_verb=('build',))
[0.103s] Level 1:colcon.colcon_core.package_discovery:discover_packages(colcon_meta) check parameters
[0.103s] Level 1:colcon.colcon_core.package_discovery:discover_packages(recursive) check parameters
[0.103s] Level 1:colcon.colcon_core.package_discovery:discover_packages(ignore) check parameters
[0.103s] Level 1:colcon.colcon_core.package_discovery:discover_packages(path) check parameters
[0.103s] Level 1:colcon.colcon_core.package_discovery:discover_packages(colcon_meta) discover
[0.103s] Level 1:colcon.colcon_core.package_discovery:discover_packages(recursive) discover
[0.103s] INFO:colcon.colcon_core.package_discovery:Crawling recursively for packages in '/home/kim-jayeon/Pinkk/ros2_ws'
[0.103s] Level 1:colcon.colcon_core.package_identification:_identify(.) by extensions ['ignore', 'ignore_ament_install']
[0.103s] Level 1:colcon.colcon_core.package_identification:_identify(.) by extension 'ignore'
[0.103s] Level 1:colcon.colcon_core.package_identification:_identify(.) by extension 'ignore_ament_install'
[0.103s] Level 1:colcon.colcon_core.package_identification:_identify(.) by extensions ['colcon_pkg']
[0.103s] Level 1:colcon.colcon_core.package_identification:_identify(.) by extension 'colcon_pkg'
[0.103s] Level 1:colcon.colcon_core.package_identification:_identify(.) by extensions ['colcon_meta']
[0.103s] Level 1:colcon.colcon_core.package_identification:_identify(.) by extension 'colcon_meta'
[0.103s] Level 1:colcon.colcon_core.package_identification:_identify(.) by extensions ['ros']
[0.103s] Level 1:colcon.colcon_core.package_identification:_identify(.) by extension 'ros'
[0.119s] Level 1:colcon.colcon_core.package_identification:_identify(.) by extensions ['cmake', 'python']
[0.119s] Level 1:colcon.colcon_core.package_identification:_identify(.) by extension 'cmake'
[0.119s] Level 1:colcon.colcon_core.package_identification:_identify(.) by extension 'python'
[0.119s] Level 1:colcon.colcon_core.package_identification:_identify(.) by extensions ['python_setup_py']
[0.119s] Level 1:colcon.colcon_core.package_identification:_identify(.) by extension 'python_setup_py'
[0.119s] Level 1:colcon.colcon_core.package_identification:_identify(build) by extensions ['ignore', 'ignore_ament_install']
[0.119s] Level 1:colcon.colcon_core.package_identification:_identify(build) by extension 'ignore'
[0.119s] Level 1:colcon.colcon_core.package_identification:_identify(build) ignored
[0.119s] Level 1:colcon.colcon_core.package_identification:_identify(install) by extensions ['ignore', 'ignore_ament_install']
[0.119s] Level 1:colcon.colcon_core.package_identification:_identify(install) by extension 'ignore'
[0.119s] Level 1:colcon.colcon_core.package_identification:_identify(install) ignored
[0.120s] Level 1:colcon.colcon_core.package_identification:_identify(log) by extensions ['ignore', 'ignore_ament_install']
[0.120s] Level 1:colcon.colcon_core.package_identification:_identify(log) by extension 'ignore'
[0.120s] Level 1:colcon.colcon_core.package_identification:_identify(log) ignored
[0.120s] Level 1:colcon.colcon_core.package_identification:_identify(src) by extensions ['ignore', 'ignore_ament_install']
[0.120s] Level 1:colcon.colcon_core.package_identification:_identify(src) by extension 'ignore'
[0.120s] Level 1:colcon.colcon_core.package_identification:_identify(src) by extension 'ignore_ament_install'
[0.120s] Level 1:colcon.colcon_core.package_identification:_identify(src) by extensions ['colcon_pkg']
[0.120s] Level 1:colcon.colcon_core.package_identification:_identify(src) by extension 'colcon_pkg'
[0.120s] Level 1:colcon.colcon_core.package_identification:_identify(src) by extensions ['colcon_meta']
[0.120s] Level 1:colcon.colcon_core.package_identification:_identify(src) by extension 'colcon_meta'
[0.120s] Level 1:colcon.colcon_core.package_identification:_identify(src) by extensions ['ros']
[0.120s] Level 1:colcon.colcon_core.package_identification:_identify(src) by extension 'ros'
[0.120s] Level 1:colcon.colcon_core.package_identification:_identify(src) by extensions ['cmake', 'python']
[0.120s] Level 1:colcon.colcon_core.package_identification:_identify(src) by extension 'cmake'
[0.120s] Level 1:colcon.colcon_core.package_identification:_identify(src) by extension 'python'
[0.120s] Level 1:colcon.colcon_core.package_identification:_identify(src) by extensions ['python_setup_py']
[0.120s] Level 1:colcon.colcon_core.package_identification:_identify(src) by extension 'python_setup_py'
[0.120s] Level 1:colcon.colcon_core.package_identification:_identify(src/pinkk_handeye_automation) by extensions ['ignore', 'ignore_ament_install']
[0.120s] Level 1:colcon.colcon_core.package_identification:_identify(src/pinkk_handeye_automation) by extension 'ignore'
[0.120s] Level 1:colcon.colcon_core.package_identification:_identify(src/pinkk_handeye_automation) by extension 'ignore_ament_install'
[0.120s] Level 1:colcon.colcon_core.package_identification:_identify(src/pinkk_handeye_automation) by extensions ['colcon_pkg']
[0.120s] Level 1:colcon.colcon_core.package_identification:_identify(src/pinkk_handeye_automation) by extension 'colcon_pkg'
[0.120s] Level 1:colcon.colcon_core.package_identification:_identify(src/pinkk_handeye_automation) by extensions ['colcon_meta']
[0.120s] Level 1:colcon.colcon_core.package_identification:_identify(src/pinkk_handeye_automation) by extension 'colcon_meta'
[0.120s] Level 1:colcon.colcon_core.package_identification:_identify(src/pinkk_handeye_automation) by extensions ['ros']
[0.120s] Level 1:colcon.colcon_core.package_identification:_identify(src/pinkk_handeye_automation) by extension 'ros'
[0.122s] DEBUG:colcon.colcon_core.package_identification:Package 'src/pinkk_handeye_automation' with type 'ros.ament_python' and name 'pinkk_handeye_automation'
[0.122s] Level 1:colcon.colcon_core.package_identification:_identify(src/pinkk_mycobot_bridge) by extensions ['ignore', 'ignore_ament_install']
[0.122s] Level 1:colcon.colcon_core.package_identification:_identify(src/pinkk_mycobot_bridge) by extension 'ignore'
[0.122s] Level 1:colcon.colcon_core.package_identification:_identify(src/pinkk_mycobot_bridge) by extension 'ignore_ament_install'
[0.122s] Level 1:colcon.colcon_core.package_identification:_identify(src/pinkk_mycobot_bridge) by extensions ['colcon_pkg']
[0.122s] Level 1:colcon.colcon_core.package_identification:_identify(src/pinkk_mycobot_bridge) by extension 'colcon_pkg'
[0.122s] Level 1:colcon.colcon_core.package_identification:_identify(src/pinkk_mycobot_bridge) by extensions ['colcon_meta']
[0.122s] Level 1:colcon.colcon_core.package_identification:_identify(src/pinkk_mycobot_bridge) by extension 'colcon_meta'
[0.122s] Level 1:colcon.colcon_core.package_identification:_identify(src/pinkk_mycobot_bridge) by extensions ['ros']
[0.122s] Level 1:colcon.colcon_core.package_identification:_identify(src/pinkk_mycobot_bridge) by extension 'ros'
[0.122s] DEBUG:colcon.colcon_core.package_identification:Package 'src/pinkk_mycobot_bridge' with type 'ros.ament_python' and name 'pinkk_mycobot_bridge'
[0.122s] Level 1:colcon.colcon_core.package_identification:_identify(src/pinkk_usb_insertion) by extensions ['ignore', 'ignore_ament_install']
[0.122s] Level 1:colcon.colcon_core.package_identification:_identify(src/pinkk_usb_insertion) by extension 'ignore'
[0.122s] Level 1:colcon.colcon_core.package_identification:_identify(src/pinkk_usb_insertion) by extension 'ignore_ament_install'
[0.122s] Level 1:colcon.colcon_core.package_identification:_identify(src/pinkk_usb_insertion) by extensions ['colcon_pkg']
[0.122s] Level 1:colcon.colcon_core.package_identification:_identify(src/pinkk_usb_insertion) by extension 'colcon_pkg'
[0.122s] Level 1:colcon.colcon_core.package_identification:_identify(src/pinkk_usb_insertion) by extensions ['colcon_meta']
[0.123s] Level 1:colcon.colcon_core.package_identification:_identify(src/pinkk_usb_insertion) by extension 'colcon_meta'
[0.123s] Level 1:colcon.colcon_core.package_identification:_identify(src/pinkk_usb_insertion) by extensions ['ros']
[0.123s] Level 1:colcon.colcon_core.package_identification:_identify(src/pinkk_usb_insertion) by extension 'ros'
[0.123s] DEBUG:colcon.colcon_core.package_identification:Package 'src/pinkk_usb_insertion' with type 'ros.ament_python' and name 'pinkk_usb_insertion'
[0.123s] Level 1:colcon.colcon_core.package_identification:_identify(src/pinkk_usb_insertion_interfaces) by extensions ['ignore', 'ignore_ament_install']
[0.123s] Level 1:colcon.colcon_core.package_identification:_identify(src/pinkk_usb_insertion_interfaces) by extension 'ignore'
[0.123s] Level 1:colcon.colcon_core.package_identification:_identify(src/pinkk_usb_insertion_interfaces) by extension 'ignore_ament_install'
[0.123s] Level 1:colcon.colcon_core.package_identification:_identify(src/pinkk_usb_insertion_interfaces) by extensions ['colcon_pkg']
[0.123s] Level 1:colcon.colcon_core.package_identification:_identify(src/pinkk_usb_insertion_interfaces) by extension 'colcon_pkg'
[0.123s] Level 1:colcon.colcon_core.package_identification:_identify(src/pinkk_usb_insertion_interfaces) by extensions ['colcon_meta']
[0.123s] Level 1:colcon.colcon_core.package_identification:_identify(src/pinkk_usb_insertion_interfaces) by extension 'colcon_meta'
[0.123s] Level 1:colcon.colcon_core.package_identification:_identify(src/pinkk_usb_insertion_interfaces) by extensions ['ros']
[0.123s] Level 1:colcon.colcon_core.package_identification:_identify(src/pinkk_usb_insertion_interfaces) by extension 'ros'
[0.124s] DEBUG:colcon.colcon_core.package_identification:Package 'src/pinkk_usb_insertion_interfaces' with type 'ros.ament_cmake' and name 'pinkk_usb_insertion_interfaces'
[0.124s] Level 1:colcon.colcon_core.package_discovery:discover_packages(recursive) using defaults
[0.124s] Level 1:colcon.colcon_core.package_discovery:discover_packages(ignore) discover
[0.124s] Level 1:colcon.colcon_core.package_discovery:discover_packages(ignore) using defaults
[0.124s] Level 1:colcon.colcon_core.package_discovery:discover_packages(path) discover
[0.124s] Level 1:colcon.colcon_core.package_discovery:discover_packages(path) using defaults
[0.137s] INFO:colcon.colcon_core.package_selection:Skipping not selected package 'pinkk_handeye_automation' in 'src/pinkk_handeye_automation'
[0.137s] INFO:colcon.colcon_core.package_selection:Skipping not selected package 'pinkk_usb_insertion_interfaces' in 'src/pinkk_usb_insertion_interfaces'
[0.137s] INFO:colcon.colcon_core.package_selection:Skipping not selected package 'pinkk_mycobot_bridge' in 'src/pinkk_mycobot_bridge'
[0.138s] Level 1:colcon.colcon_core.package_discovery:discover_packages(prefix_path) check parameters
[0.138s] Level 1:colcon.colcon_core.package_discovery:discover_packages(prefix_path) discover
[0.140s] DEBUG:colcon.colcon_installed_package_information.package_discovery:Found 3 installed packages in /home/kim-jayeon/Pinkk/ros2_ws/install
[0.140s] DEBUG:colcon.colcon_installed_package_information.package_discovery:Found 37 installed packages in /home/kim-jayeon/camera_ws/install
[0.142s] DEBUG:colcon.colcon_installed_package_information.package_discovery:Found 441 installed packages in /opt/ros/jazzy
[0.142s] Level 1:colcon.colcon_core.package_discovery:discover_packages(prefix_path) using defaults
[0.186s] Level 5:colcon.colcon_core.verb:set package 'pinkk_usb_insertion' build argument 'cmake_args' from command line to 'None'
[0.186s] Level 5:colcon.colcon_core.verb:set package 'pinkk_usb_insertion' build argument 'cmake_target' from command line to 'None'
[0.186s] Level 5:colcon.colcon_core.verb:set package 'pinkk_usb_insertion' build argument 'cmake_target_skip_unavailable' from command line to 'False'
[0.186s] Level 5:colcon.colcon_core.verb:set package 'pinkk_usb_insertion' build argument 'cmake_clean_cache' from command line to 'False'
[0.186s] Level 5:colcon.colcon_core.verb:set package 'pinkk_usb_insertion' build argument 'cmake_clean_first' from command line to 'False'
[0.186s] Level 5:colcon.colcon_core.verb:set package 'pinkk_usb_insertion' build argument 'cmake_force_configure' from command line to 'False'
[0.186s] Level 5:colcon.colcon_core.verb:set package 'pinkk_usb_insertion' build argument 'ament_cmake_args' from command line to 'None'
[0.186s] Level 5:colcon.colcon_core.verb:set package 'pinkk_usb_insertion' build argument 'catkin_cmake_args' from command line to 'None'
[0.186s] Level 5:colcon.colcon_core.verb:set package 'pinkk_usb_insertion' build argument 'catkin_skip_building_tests' from command line to 'False'
[0.186s] DEBUG:colcon.colcon_core.verb:Building package 'pinkk_usb_insertion' with the following arguments: {'ament_cmake_args': None, 'build_base': '/home/kim-jayeon/Pinkk/ros2_ws/build/pinkk_usb_insertion', 'catkin_cmake_args': None, 'catkin_skip_building_tests': False, 'cmake_args': None, 'cmake_clean_cache': False, 'cmake_clean_first': False, 'cmake_force_configure': False, 'cmake_target': None, 'cmake_target_skip_unavailable': False, 'install_base': '/home/kim-jayeon/Pinkk/ros2_ws/install/pinkk_usb_insertion', 'merge_install': False, 'path': '/home/kim-jayeon/Pinkk/ros2_ws/src/pinkk_usb_insertion', 'symlink_install': True, 'test_result_base': None}
[0.186s] INFO:colcon.colcon_core.executor:Executing jobs using 'parallel' executor
[0.187s] DEBUG:colcon.colcon_parallel_executor.executor.parallel:run_until_complete
[0.187s] INFO:colcon.colcon_ros.task.ament_python.build:Building ROS package in '/home/kim-jayeon/Pinkk/ros2_ws/src/pinkk_usb_insertion' with build type 'ament_python'
[0.187s] Level 1:colcon.colcon_core.shell:create_environment_hook('pinkk_usb_insertion', 'ament_prefix_path')
[0.189s] INFO:colcon.colcon_core.plugin_system:Skipping extension 'colcon_core.shell.bat': Not used on non-Windows systems
[0.189s] INFO:colcon.colcon_core.shell:Creating environment hook '/home/kim-jayeon/Pinkk/ros2_ws/install/pinkk_usb_insertion/share/pinkk_usb_insertion/hook/ament_prefix_path.ps1'
[0.190s] INFO:colcon.colcon_core.shell:Creating environment descriptor '/home/kim-jayeon/Pinkk/ros2_ws/install/pinkk_usb_insertion/share/pinkk_usb_insertion/hook/ament_prefix_path.dsv'
[0.190s] INFO:colcon.colcon_core.shell:Creating environment hook '/home/kim-jayeon/Pinkk/ros2_ws/install/pinkk_usb_insertion/share/pinkk_usb_insertion/hook/ament_prefix_path.sh'
[0.190s] INFO:colcon.colcon_core.shell:Skip shell extension 'powershell' for command environment: Not usable outside of PowerShell
[0.190s] DEBUG:colcon.colcon_core.shell:Skip shell extension 'dsv' for command environment
[0.367s] INFO:colcon.colcon_core.task.python.build:Building Python package in '/home/kim-jayeon/Pinkk/ros2_ws/src/pinkk_usb_insertion'
[0.367s] INFO:colcon.colcon_core.shell:Skip shell extension 'powershell' for command environment: Not usable outside of PowerShell
[0.367s] DEBUG:colcon.colcon_core.shell:Skip shell extension 'dsv' for command environment
[0.952s] DEBUG:colcon.colcon_core.task.python.build:Available setuptools commands: develop, build_ext, rotate, install_scripts, bdist, install_headers, build_clib, build, upload, bdist_rpm, build_scripts, register, editable_wheel, install_egg_info, check, compile_catalog, symlink_data, extract_messages, upload_docs, install, egg_info, sdist, setopt, update_catalog, alias, saveopts, bdist_egg, bdist_dumb, easy_install, init_catalog, bdist_wheel, build_py, test, clean, install_data, install_lib, dist_info
[1.224s] DEBUG:colcon.colcon_core.task.python.build:Available setuptools 'develop' options: --user, --help, --prefix, --install-dir, --always-copy, --index-url, --editable, --site-dirs, --dry-run, --install-layout, --force-installation-into-system-dir, --egg-path, --upgrade, --verbose, --no-deps, --find-links, --allow-hosts, --uninstall, --local-snapshots-ok, --script-dir, --always-unzip, --exclude-scripts, --no-find-links, --zip-ok, --no-user-cfg, --build-directory, --multi-version, --quiet, --record, --optimize, --version
[1.226s] DEBUG:colcon.colcon_core.event_handler.log_command:Invoking command in '/home/kim-jayeon/Pinkk/ros2_ws/build/pinkk_usb_insertion': DEBUGINFOD_URLS=https://debuginfod.ubuntu.com PYTHONPATH=/home/kim-jayeon/Pinkk/ros2_ws/build/pinkk_usb_insertion/prefix_override:/usr/lib/python3/dist-packages/colcon_core/task/python/colcon_distutils_commands:/home/kim-jayeon/Pinkk/ros2_ws/install/pinkk_usb_insertion/lib/python3.12/site-packages:${PYTHONPATH} /usr/bin/python3 -W ignore:setup.py install is deprecated -W ignore:easy_install command is deprecated setup.py develop --editable --build-directory /home/kim-jayeon/Pinkk/ros2_ws/build/pinkk_usb_insertion/build --no-deps symlink_data
[1.788s] Level 1:colcon.colcon_core.shell:create_environment_hook('pinkk_usb_insertion', 'pythonpath_develop')
[1.788s] DEBUG:colcon.colcon_core.event_handler.log_command:Invoked command in '/home/kim-jayeon/Pinkk/ros2_ws/build/pinkk_usb_insertion' returned '0': DEBUGINFOD_URLS=https://debuginfod.ubuntu.com PYTHONPATH=/home/kim-jayeon/Pinkk/ros2_ws/build/pinkk_usb_insertion/prefix_override:/usr/lib/python3/dist-packages/colcon_core/task/python/colcon_distutils_commands:/home/kim-jayeon/Pinkk/ros2_ws/install/pinkk_usb_insertion/lib/python3.12/site-packages:${PYTHONPATH} /usr/bin/python3 -W ignore:setup.py install is deprecated -W ignore:easy_install command is deprecated setup.py develop --editable --build-directory /home/kim-jayeon/Pinkk/ros2_ws/build/pinkk_usb_insertion/build --no-deps symlink_data
[1.789s] INFO:colcon.colcon_core.shell:Creating environment hook '/home/kim-jayeon/Pinkk/ros2_ws/build/pinkk_usb_insertion/share/pinkk_usb_insertion/hook/pythonpath_develop.ps1'
[1.789s] INFO:colcon.colcon_core.shell:Creating environment descriptor '/home/kim-jayeon/Pinkk/ros2_ws/build/pinkk_usb_insertion/share/pinkk_usb_insertion/hook/pythonpath_develop.dsv'
[1.790s] INFO:colcon.colcon_core.shell:Creating environment hook '/home/kim-jayeon/Pinkk/ros2_ws/build/pinkk_usb_insertion/share/pinkk_usb_insertion/hook/pythonpath_develop.sh'
[1.792s] Level 1:colcon.colcon_core.environment:checking '/home/kim-jayeon/Pinkk/ros2_ws/install/pinkk_usb_insertion' for CMake module files
[1.792s] Level 1:colcon.colcon_core.environment:checking '/home/kim-jayeon/Pinkk/ros2_ws/install/pinkk_usb_insertion' for CMake config files
[1.793s] Level 1:colcon.colcon_core.environment:checking '/home/kim-jayeon/Pinkk/ros2_ws/install/pinkk_usb_insertion/lib'
[1.793s] Level 1:colcon.colcon_core.environment:checking '/home/kim-jayeon/Pinkk/ros2_ws/install/pinkk_usb_insertion/bin'
[1.793s] Level 1:colcon.colcon_core.environment:checking '/home/kim-jayeon/Pinkk/ros2_ws/install/pinkk_usb_insertion/lib/pkgconfig/pinkk_usb_insertion.pc'
[1.793s] Level 1:colcon.colcon_core.environment:checking '/home/kim-jayeon/Pinkk/ros2_ws/install/pinkk_usb_insertion/lib/python3.12/site-packages'
[1.793s] Level 1:colcon.colcon_core.shell:create_environment_hook('pinkk_usb_insertion', 'pythonpath')
[1.793s] INFO:colcon.colcon_core.shell:Creating environment hook '/home/kim-jayeon/Pinkk/ros2_ws/install/pinkk_usb_insertion/share/pinkk_usb_insertion/hook/pythonpath.ps1'
[1.793s] INFO:colcon.colcon_core.shell:Creating environment descriptor '/home/kim-jayeon/Pinkk/ros2_ws/install/pinkk_usb_insertion/share/pinkk_usb_insertion/hook/pythonpath.dsv'
[1.793s] INFO:colcon.colcon_core.shell:Creating environment hook '/home/kim-jayeon/Pinkk/ros2_ws/install/pinkk_usb_insertion/share/pinkk_usb_insertion/hook/pythonpath.sh'
[1.794s] Level 1:colcon.colcon_core.environment:checking '/home/kim-jayeon/Pinkk/ros2_ws/install/pinkk_usb_insertion/bin'
[1.794s] Level 1:colcon.colcon_core.environment:create_environment_scripts_only(pinkk_usb_insertion)
[1.794s] INFO:colcon.colcon_core.shell:Creating package script '/home/kim-jayeon/Pinkk/ros2_ws/install/pinkk_usb_insertion/share/pinkk_usb_insertion/package.ps1'
[1.794s] INFO:colcon.colcon_core.shell:Creating package descriptor '/home/kim-jayeon/Pinkk/ros2_ws/install/pinkk_usb_insertion/share/pinkk_usb_insertion/package.dsv'
[1.795s] INFO:colcon.colcon_core.shell:Creating package script '/home/kim-jayeon/Pinkk/ros2_ws/install/pinkk_usb_insertion/share/pinkk_usb_insertion/package.sh'
[1.795s] INFO:colcon.colcon_core.shell:Creating package script '/home/kim-jayeon/Pinkk/ros2_ws/install/pinkk_usb_insertion/share/pinkk_usb_insertion/package.bash'
[1.795s] INFO:colcon.colcon_core.shell:Creating package script '/home/kim-jayeon/Pinkk/ros2_ws/install/pinkk_usb_insertion/share/pinkk_usb_insertion/package.zsh'
[1.796s] Level 1:colcon.colcon_core.environment:create_file_with_runtime_dependencies(/home/kim-jayeon/Pinkk/ros2_ws/install/pinkk_usb_insertion/share/colcon-core/packages/pinkk_usb_insertion)
[1.796s] DEBUG:colcon.colcon_parallel_executor.executor.parallel:closing loop
[1.796s] DEBUG:colcon.colcon_parallel_executor.executor.parallel:loop closed
[1.796s] DEBUG:colcon.colcon_parallel_executor.executor.parallel:run_until_complete finished with '0'
[1.796s] DEBUG:colcon.colcon_core.event_reactor:joining thread
[1.801s] INFO:colcon.colcon_core.plugin_system:Skipping extension 'colcon_notification.desktop_notification.terminal_notifier': Not used on non-Darwin systems
[1.801s] INFO:colcon.colcon_core.plugin_system:Skipping extension 'colcon_notification.desktop_notification.win32': Not used on non-Windows systems
[1.801s] INFO:colcon.colcon_notification.desktop_notification:Sending desktop notification using 'notify2'
[1.811s] DEBUG:colcon.colcon_core.event_reactor:joined thread
[1.811s] INFO:colcon.colcon_core.shell:Creating prefix script '/home/kim-jayeon/Pinkk/ros2_ws/install/local_setup.ps1'
[1.812s] INFO:colcon.colcon_core.shell:Creating prefix util module '/home/kim-jayeon/Pinkk/ros2_ws/install/_local_setup_util_ps1.py'
[1.813s] INFO:colcon.colcon_core.shell:Creating prefix chain script '/home/kim-jayeon/Pinkk/ros2_ws/install/setup.ps1'
[1.814s] INFO:colcon.colcon_core.shell:Creating prefix script '/home/kim-jayeon/Pinkk/ros2_ws/install/local_setup.sh'
[1.814s] INFO:colcon.colcon_core.shell:Creating prefix util module '/home/kim-jayeon/Pinkk/ros2_ws/install/_local_setup_util_sh.py'
[1.815s] INFO:colcon.colcon_core.shell:Creating prefix chain script '/home/kim-jayeon/Pinkk/ros2_ws/install/setup.sh'
[1.816s] INFO:colcon.colcon_core.shell:Creating prefix script '/home/kim-jayeon/Pinkk/ros2_ws/install/local_setup.bash'
[1.817s] INFO:colcon.colcon_core.shell:Creating prefix chain script '/home/kim-jayeon/Pinkk/ros2_ws/install/setup.bash'
[1.818s] INFO:colcon.colcon_core.shell:Creating prefix script '/home/kim-jayeon/Pinkk/ros2_ws/install/local_setup.zsh'
[1.818s] INFO:colcon.colcon_core.shell:Creating prefix chain script '/home/kim-jayeon/Pinkk/ros2_ws/install/setup.zsh'
