/home/juwon/.local/lib/python3.12/site-packages/setuptools/_distutils/dist.py:288: UserWarning: Unknown distribution option: 'tests_require'
  warnings.warn(msg)
running egg_info
writing ../../../../../mycobot_moveit_ws/build_pinkk/pinkk_usb_insertion/pinkk_usb_insertion.egg-info/PKG-INFO
writing dependency_links to ../../../../../mycobot_moveit_ws/build_pinkk/pinkk_usb_insertion/pinkk_usb_insertion.egg-info/dependency_links.txt
writing entry points to ../../../../../mycobot_moveit_ws/build_pinkk/pinkk_usb_insertion/pinkk_usb_insertion.egg-info/entry_points.txt
writing requirements to ../../../../../mycobot_moveit_ws/build_pinkk/pinkk_usb_insertion/pinkk_usb_insertion.egg-info/requires.txt
writing top-level names to ../../../../../mycobot_moveit_ws/build_pinkk/pinkk_usb_insertion/pinkk_usb_insertion.egg-info/top_level.txt
reading manifest file '../../../../../mycobot_moveit_ws/build_pinkk/pinkk_usb_insertion/pinkk_usb_insertion.egg-info/SOURCES.txt'
writing manifest file '../../../../../mycobot_moveit_ws/build_pinkk/pinkk_usb_insertion/pinkk_usb_insertion.egg-info/SOURCES.txt'
running build
running build_py
copying pinkk_usb_insertion/yolo_keypoint_node.py -> /home/juwon/mycobot_moveit_ws/build_pinkk/pinkk_usb_insertion/build/lib/pinkk_usb_insertion
copying pinkk_usb_insertion/manual_detection_node.py -> /home/juwon/mycobot_moveit_ws/build_pinkk/pinkk_usb_insertion/build/lib/pinkk_usb_insertion
copying pinkk_usb_insertion/configuration.py -> /home/juwon/mycobot_moveit_ws/build_pinkk/pinkk_usb_insertion/build/lib/pinkk_usb_insertion
copying pinkk_usb_insertion/moveit_pbvs_closed_loop_execute_node.py -> /home/juwon/mycobot_moveit_ws/build_pinkk/pinkk_usb_insertion/build/lib/pinkk_usb_insertion
copying pinkk_usb_insertion/moveit_pbvs_step_execute_node.py -> /home/juwon/mycobot_moveit_ws/build_pinkk/pinkk_usb_insertion/build/lib/pinkk_usb_insertion
copying pinkk_usb_insertion/moveit_ik_step_executor_node.py -> /home/juwon/mycobot_moveit_ws/build_pinkk/pinkk_usb_insertion/build/lib/pinkk_usb_insertion
copying pinkk_usb_insertion/pbvs_step_executor_node.py -> /home/juwon/mycobot_moveit_ws/build_pinkk/pinkk_usb_insertion/build/lib/pinkk_usb_insertion
copying pinkk_usb_insertion/usb_insertion_node.py -> /home/juwon/mycobot_moveit_ws/build_pinkk/pinkk_usb_insertion/build/lib/pinkk_usb_insertion
copying pinkk_usb_insertion/moveit_ik_step_execute_node.py -> /home/juwon/mycobot_moveit_ws/build_pinkk/pinkk_usb_insertion/build/lib/pinkk_usb_insertion
copying pinkk_usb_insertion/camera_publisher_node.py -> /home/juwon/mycobot_moveit_ws/build_pinkk/pinkk_usb_insertion/build/lib/pinkk_usb_insertion
copying pinkk_usb_insertion/__init__.py -> /home/juwon/mycobot_moveit_ws/build_pinkk/pinkk_usb_insertion/build/lib/pinkk_usb_insertion
copying pinkk_usb_insertion/cartesian_smoke_test_node.py -> /home/juwon/mycobot_moveit_ws/build_pinkk/pinkk_usb_insertion/build/lib/pinkk_usb_insertion
copying pinkk_usb_insertion/pbvs_alignment_node.py -> /home/juwon/mycobot_moveit_ws/build_pinkk/pinkk_usb_insertion/build/lib/pinkk_usb_insertion
copying pinkk_usb_insertion/ros_utils.py -> /home/juwon/mycobot_moveit_ws/build_pinkk/pinkk_usb_insertion/build/lib/pinkk_usb_insertion
copying pinkk_usb_insertion/image_conversion.py -> /home/juwon/mycobot_moveit_ws/build_pinkk/pinkk_usb_insertion/build/lib/pinkk_usb_insertion
copying pinkk_usb_insertion/arm_motion_node.py -> /home/juwon/mycobot_moveit_ws/build_pinkk/pinkk_usb_insertion/build/lib/pinkk_usb_insertion
copying pinkk_usb_insertion/port_pose_node.py -> /home/juwon/mycobot_moveit_ws/build_pinkk/pinkk_usb_insertion/build/lib/pinkk_usb_insertion
copying pinkk_usb_insertion/perception/detection_selector.py -> /home/juwon/mycobot_moveit_ws/build_pinkk/pinkk_usb_insertion/build/lib/pinkk_usb_insertion/perception
copying pinkk_usb_insertion/perception/pose_estimator.py -> /home/juwon/mycobot_moveit_ws/build_pinkk/pinkk_usb_insertion/build/lib/pinkk_usb_insertion/perception
copying pinkk_usb_insertion/perception/__init__.py -> /home/juwon/mycobot_moveit_ws/build_pinkk/pinkk_usb_insertion/build/lib/pinkk_usb_insertion/perception
copying pinkk_usb_insertion/perception/yolo_adapter.py -> /home/juwon/mycobot_moveit_ws/build_pinkk/pinkk_usb_insertion/build/lib/pinkk_usb_insertion/perception
copying pinkk_usb_insertion/control/pbvs_step_safety.py -> /home/juwon/mycobot_moveit_ws/build_pinkk/pinkk_usb_insertion/build/lib/pinkk_usb_insertion/control
copying pinkk_usb_insertion/control/ibvs_controller.py -> /home/juwon/mycobot_moveit_ws/build_pinkk/pinkk_usb_insertion/build/lib/pinkk_usb_insertion/control
copying pinkk_usb_insertion/control/observation_reference.py -> /home/juwon/mycobot_moveit_ws/build_pinkk/pinkk_usb_insertion/build/lib/pinkk_usb_insertion/control
copying pinkk_usb_insertion/control/pbvs_controller.py -> /home/juwon/mycobot_moveit_ws/build_pinkk/pinkk_usb_insertion/build/lib/pinkk_usb_insertion/control
copying pinkk_usb_insertion/control/__init__.py -> /home/juwon/mycobot_moveit_ws/build_pinkk/pinkk_usb_insertion/build/lib/pinkk_usb_insertion/control
copying pinkk_usb_insertion/control/moveit_ik_safety.py -> /home/juwon/mycobot_moveit_ws/build_pinkk/pinkk_usb_insertion/build/lib/pinkk_usb_insertion/control
copying pinkk_usb_insertion/control/safety_monitor.py -> /home/juwon/mycobot_moveit_ws/build_pinkk/pinkk_usb_insertion/build/lib/pinkk_usb_insertion/control
copying pinkk_usb_insertion/control/yaw_alignment.py -> /home/juwon/mycobot_moveit_ws/build_pinkk/pinkk_usb_insertion/build/lib/pinkk_usb_insertion/control
copying pinkk_usb_insertion/state_machine/insertion_state_machine.py -> /home/juwon/mycobot_moveit_ws/build_pinkk/pinkk_usb_insertion/build/lib/pinkk_usb_insertion/state_machine
copying pinkk_usb_insertion/state_machine/__init__.py -> /home/juwon/mycobot_moveit_ws/build_pinkk/pinkk_usb_insertion/build/lib/pinkk_usb_insertion/state_machine
copying pinkk_usb_insertion/state_machine/states.py -> /home/juwon/mycobot_moveit_ws/build_pinkk/pinkk_usb_insertion/build/lib/pinkk_usb_insertion/state_machine
copying pinkk_usb_insertion/geometry/transforms.py -> /home/juwon/mycobot_moveit_ws/build_pinkk/pinkk_usb_insertion/build/lib/pinkk_usb_insertion/geometry
copying pinkk_usb_insertion/geometry/__init__.py -> /home/juwon/mycobot_moveit_ws/build_pinkk/pinkk_usb_insertion/build/lib/pinkk_usb_insertion/geometry
running install
running install_lib
running install_data
copying resource/pinkk_usb_insertion -> /home/juwon/mycobot_moveit_ws/install_pinkk/pinkk_usb_insertion/share/ament_index/resource_index/packages
copying package.xml -> /home/juwon/mycobot_moveit_ws/install_pinkk/pinkk_usb_insertion/share/pinkk_usb_insertion
copying README.md -> /home/juwon/mycobot_moveit_ws/install_pinkk/pinkk_usb_insertion/share/pinkk_usb_insertion
copying launch/usb_perception.launch.py -> /home/juwon/mycobot_moveit_ws/install_pinkk/pinkk_usb_insertion/share/pinkk_usb_insertion/launch
copying launch/usb_insertion.launch.py -> /home/juwon/mycobot_moveit_ws/install_pinkk/pinkk_usb_insertion/share/pinkk_usb_insertion/launch
copying config/insertion_control.yaml -> /home/juwon/mycobot_moveit_ws/install_pinkk/pinkk_usb_insertion/share/pinkk_usb_insertion/config
copying config/tool_transform.yaml -> /home/juwon/mycobot_moveit_ws/install_pinkk/pinkk_usb_insertion/share/pinkk_usb_insertion/config
copying config/camera_intrinsics.yaml -> /home/juwon/mycobot_moveit_ws/install_pinkk/pinkk_usb_insertion/share/pinkk_usb_insertion/config
copying config/README_KO.md -> /home/juwon/mycobot_moveit_ws/install_pinkk/pinkk_usb_insertion/share/pinkk_usb_insertion/config
copying docs/02_COORDINATE_FRAMES_KO.md -> /home/juwon/mycobot_moveit_ws/install_pinkk/pinkk_usb_insertion/share/pinkk_usb_insertion/docs
copying docs/05_DEVELOPMENT_ROADMAP_KO.md -> /home/juwon/mycobot_moveit_ws/install_pinkk/pinkk_usb_insertion/share/pinkk_usb_insertion/docs
copying docs/04_SAFETY_KO.md -> /home/juwon/mycobot_moveit_ws/install_pinkk/pinkk_usb_insertion/share/pinkk_usb_insertion/docs
copying docs/03_NODES_AND_TOPICS_KO.md -> /home/juwon/mycobot_moveit_ws/install_pinkk/pinkk_usb_insertion/share/pinkk_usb_insertion/docs
copying docs/01_ARCHITECTURE_KO.md -> /home/juwon/mycobot_moveit_ws/install_pinkk/pinkk_usb_insertion/share/pinkk_usb_insertion/docs
running install_egg_info
removing '/home/juwon/mycobot_moveit_ws/install_pinkk/pinkk_usb_insertion/lib/python3.12/site-packages/pinkk_usb_insertion-0.1.0-py3.12.egg-info' (and everything under it)
Copying ../../../../../mycobot_moveit_ws/build_pinkk/pinkk_usb_insertion/pinkk_usb_insertion.egg-info to /home/juwon/mycobot_moveit_ws/install_pinkk/pinkk_usb_insertion/lib/python3.12/site-packages/pinkk_usb_insertion-0.1.0-py3.12.egg-info
running install_scripts
Installing arm_motion_node script to /home/juwon/mycobot_moveit_ws/install_pinkk/pinkk_usb_insertion/lib/pinkk_usb_insertion
Installing camera_publisher_node script to /home/juwon/mycobot_moveit_ws/install_pinkk/pinkk_usb_insertion/lib/pinkk_usb_insertion
Installing cartesian_smoke_test script to /home/juwon/mycobot_moveit_ws/install_pinkk/pinkk_usb_insertion/lib/pinkk_usb_insertion
Installing manual_detection_node script to /home/juwon/mycobot_moveit_ws/install_pinkk/pinkk_usb_insertion/lib/pinkk_usb_insertion
Installing moveit_ik_step_execute script to /home/juwon/mycobot_moveit_ws/install_pinkk/pinkk_usb_insertion/lib/pinkk_usb_insertion
Installing moveit_ik_step_executor script to /home/juwon/mycobot_moveit_ws/install_pinkk/pinkk_usb_insertion/lib/pinkk_usb_insertion
Installing moveit_pbvs_closed_loop_execute script to /home/juwon/mycobot_moveit_ws/install_pinkk/pinkk_usb_insertion/lib/pinkk_usb_insertion
Installing moveit_pbvs_step_execute script to /home/juwon/mycobot_moveit_ws/install_pinkk/pinkk_usb_insertion/lib/pinkk_usb_insertion
Installing pbvs_alignment_node script to /home/juwon/mycobot_moveit_ws/install_pinkk/pinkk_usb_insertion/lib/pinkk_usb_insertion
Installing pbvs_step_executor_node script to /home/juwon/mycobot_moveit_ws/install_pinkk/pinkk_usb_insertion/lib/pinkk_usb_insertion
Installing port_pose_node script to /home/juwon/mycobot_moveit_ws/install_pinkk/pinkk_usb_insertion/lib/pinkk_usb_insertion
Installing usb_insertion_node script to /home/juwon/mycobot_moveit_ws/install_pinkk/pinkk_usb_insertion/lib/pinkk_usb_insertion
Installing yolo_keypoint_node script to /home/juwon/mycobot_moveit_ws/install_pinkk/pinkk_usb_insertion/lib/pinkk_usb_insertion
writing list of installed files to '/home/juwon/mycobot_moveit_ws/build_pinkk/pinkk_usb_insertion/install.log'
