[0.850s] Invoking command in '/home/juwon/Desktop/Pinkk-robot-arm/ros2_ws/src/pinkk_usb_insertion': AMENT_PREFIX_PATH=/home/juwon/mycobot_moveit_ws/install_pinkk/pinkk_usb_insertion_interfaces:${AMENT_PREFIX_PATH} CMAKE_PREFIX_PATH=/home/juwon/mycobot_moveit_ws/install_pinkk/pinkk_usb_insertion_interfaces:${CMAKE_PREFIX_PATH} DEBUGINFOD_URLS=https://debuginfod.ubuntu.com LD_LIBRARY_PATH=/home/juwon/mycobot_moveit_ws/install_pinkk/pinkk_usb_insertion_interfaces/lib:${LD_LIBRARY_PATH} PYTHONPATH=/home/juwon/mycobot_moveit_ws/build_pinkk/pinkk_usb_insertion/prefix_override:/usr/lib/python3/dist-packages/colcon_core/task/python/colcon_distutils_commands:/home/juwon/mycobot_moveit_ws/install_pinkk/pinkk_usb_insertion/lib/python3.12/site-packages:/home/juwon/mycobot_moveit_ws/install_pinkk/pinkk_usb_insertion_interfaces/lib/python3.12/site-packages:${PYTHONPATH} /usr/bin/python3 -W ignore:setup.py install is deprecated -W ignore:easy_install command is deprecated setup.py egg_info --egg-base ../../../../../mycobot_moveit_ws/build_pinkk/pinkk_usb_insertion build --build-base /home/juwon/mycobot_moveit_ws/build_pinkk/pinkk_usb_insertion/build install --record /home/juwon/mycobot_moveit_ws/build_pinkk/pinkk_usb_insertion/install.log --install-scripts $base/lib/pinkk_usb_insertion --single-version-externally-managed install_data
[1.008s] /home/juwon/.local/lib/python3.12/site-packages/setuptools/_distutils/dist.py:288: UserWarning: Unknown distribution option: 'tests_require'
[1.008s]   warnings.warn(msg)
[1.110s] running egg_info
[1.128s] writing ../../../../../mycobot_moveit_ws/build_pinkk/pinkk_usb_insertion/pinkk_usb_insertion.egg-info/PKG-INFO
[1.128s] writing dependency_links to ../../../../../mycobot_moveit_ws/build_pinkk/pinkk_usb_insertion/pinkk_usb_insertion.egg-info/dependency_links.txt
[1.128s] writing entry points to ../../../../../mycobot_moveit_ws/build_pinkk/pinkk_usb_insertion/pinkk_usb_insertion.egg-info/entry_points.txt
[1.128s] writing requirements to ../../../../../mycobot_moveit_ws/build_pinkk/pinkk_usb_insertion/pinkk_usb_insertion.egg-info/requires.txt
[1.128s] writing top-level names to ../../../../../mycobot_moveit_ws/build_pinkk/pinkk_usb_insertion/pinkk_usb_insertion.egg-info/top_level.txt
[1.164s] reading manifest file '../../../../../mycobot_moveit_ws/build_pinkk/pinkk_usb_insertion/pinkk_usb_insertion.egg-info/SOURCES.txt'
[1.166s] writing manifest file '../../../../../mycobot_moveit_ws/build_pinkk/pinkk_usb_insertion/pinkk_usb_insertion.egg-info/SOURCES.txt'
[1.166s] running build
[1.166s] running build_py
[1.166s] copying pinkk_usb_insertion/yolo_keypoint_node.py -> /home/juwon/mycobot_moveit_ws/build_pinkk/pinkk_usb_insertion/build/lib/pinkk_usb_insertion
[1.167s] copying pinkk_usb_insertion/manual_detection_node.py -> /home/juwon/mycobot_moveit_ws/build_pinkk/pinkk_usb_insertion/build/lib/pinkk_usb_insertion
[1.167s] copying pinkk_usb_insertion/configuration.py -> /home/juwon/mycobot_moveit_ws/build_pinkk/pinkk_usb_insertion/build/lib/pinkk_usb_insertion
[1.167s] copying pinkk_usb_insertion/moveit_pbvs_closed_loop_execute_node.py -> /home/juwon/mycobot_moveit_ws/build_pinkk/pinkk_usb_insertion/build/lib/pinkk_usb_insertion
[1.167s] copying pinkk_usb_insertion/moveit_pbvs_step_execute_node.py -> /home/juwon/mycobot_moveit_ws/build_pinkk/pinkk_usb_insertion/build/lib/pinkk_usb_insertion
[1.167s] copying pinkk_usb_insertion/moveit_ik_step_executor_node.py -> /home/juwon/mycobot_moveit_ws/build_pinkk/pinkk_usb_insertion/build/lib/pinkk_usb_insertion
[1.168s] copying pinkk_usb_insertion/pbvs_step_executor_node.py -> /home/juwon/mycobot_moveit_ws/build_pinkk/pinkk_usb_insertion/build/lib/pinkk_usb_insertion
[1.168s] copying pinkk_usb_insertion/usb_insertion_node.py -> /home/juwon/mycobot_moveit_ws/build_pinkk/pinkk_usb_insertion/build/lib/pinkk_usb_insertion
[1.168s] copying pinkk_usb_insertion/moveit_ik_step_execute_node.py -> /home/juwon/mycobot_moveit_ws/build_pinkk/pinkk_usb_insertion/build/lib/pinkk_usb_insertion
[1.168s] copying pinkk_usb_insertion/camera_publisher_node.py -> /home/juwon/mycobot_moveit_ws/build_pinkk/pinkk_usb_insertion/build/lib/pinkk_usb_insertion
[1.168s] copying pinkk_usb_insertion/__init__.py -> /home/juwon/mycobot_moveit_ws/build_pinkk/pinkk_usb_insertion/build/lib/pinkk_usb_insertion
[1.168s] copying pinkk_usb_insertion/cartesian_smoke_test_node.py -> /home/juwon/mycobot_moveit_ws/build_pinkk/pinkk_usb_insertion/build/lib/pinkk_usb_insertion
[1.168s] copying pinkk_usb_insertion/pbvs_alignment_node.py -> /home/juwon/mycobot_moveit_ws/build_pinkk/pinkk_usb_insertion/build/lib/pinkk_usb_insertion
[1.168s] copying pinkk_usb_insertion/ros_utils.py -> /home/juwon/mycobot_moveit_ws/build_pinkk/pinkk_usb_insertion/build/lib/pinkk_usb_insertion
[1.169s] copying pinkk_usb_insertion/image_conversion.py -> /home/juwon/mycobot_moveit_ws/build_pinkk/pinkk_usb_insertion/build/lib/pinkk_usb_insertion
[1.169s] copying pinkk_usb_insertion/arm_motion_node.py -> /home/juwon/mycobot_moveit_ws/build_pinkk/pinkk_usb_insertion/build/lib/pinkk_usb_insertion
[1.169s] copying pinkk_usb_insertion/port_pose_node.py -> /home/juwon/mycobot_moveit_ws/build_pinkk/pinkk_usb_insertion/build/lib/pinkk_usb_insertion
[1.169s] copying pinkk_usb_insertion/perception/detection_selector.py -> /home/juwon/mycobot_moveit_ws/build_pinkk/pinkk_usb_insertion/build/lib/pinkk_usb_insertion/perception
[1.169s] copying pinkk_usb_insertion/perception/pose_estimator.py -> /home/juwon/mycobot_moveit_ws/build_pinkk/pinkk_usb_insertion/build/lib/pinkk_usb_insertion/perception
[1.169s] copying pinkk_usb_insertion/perception/__init__.py -> /home/juwon/mycobot_moveit_ws/build_pinkk/pinkk_usb_insertion/build/lib/pinkk_usb_insertion/perception
[1.170s] copying pinkk_usb_insertion/perception/yolo_adapter.py -> /home/juwon/mycobot_moveit_ws/build_pinkk/pinkk_usb_insertion/build/lib/pinkk_usb_insertion/perception
[1.170s] copying pinkk_usb_insertion/control/pbvs_step_safety.py -> /home/juwon/mycobot_moveit_ws/build_pinkk/pinkk_usb_insertion/build/lib/pinkk_usb_insertion/control
[1.170s] copying pinkk_usb_insertion/control/ibvs_controller.py -> /home/juwon/mycobot_moveit_ws/build_pinkk/pinkk_usb_insertion/build/lib/pinkk_usb_insertion/control
[1.170s] copying pinkk_usb_insertion/control/observation_reference.py -> /home/juwon/mycobot_moveit_ws/build_pinkk/pinkk_usb_insertion/build/lib/pinkk_usb_insertion/control
[1.170s] copying pinkk_usb_insertion/control/pbvs_controller.py -> /home/juwon/mycobot_moveit_ws/build_pinkk/pinkk_usb_insertion/build/lib/pinkk_usb_insertion/control
[1.170s] copying pinkk_usb_insertion/control/__init__.py -> /home/juwon/mycobot_moveit_ws/build_pinkk/pinkk_usb_insertion/build/lib/pinkk_usb_insertion/control
[1.170s] copying pinkk_usb_insertion/control/moveit_ik_safety.py -> /home/juwon/mycobot_moveit_ws/build_pinkk/pinkk_usb_insertion/build/lib/pinkk_usb_insertion/control
[1.171s] copying pinkk_usb_insertion/control/safety_monitor.py -> /home/juwon/mycobot_moveit_ws/build_pinkk/pinkk_usb_insertion/build/lib/pinkk_usb_insertion/control
[1.171s] copying pinkk_usb_insertion/control/yaw_alignment.py -> /home/juwon/mycobot_moveit_ws/build_pinkk/pinkk_usb_insertion/build/lib/pinkk_usb_insertion/control
[1.171s] copying pinkk_usb_insertion/state_machine/insertion_state_machine.py -> /home/juwon/mycobot_moveit_ws/build_pinkk/pinkk_usb_insertion/build/lib/pinkk_usb_insertion/state_machine
[1.171s] copying pinkk_usb_insertion/state_machine/__init__.py -> /home/juwon/mycobot_moveit_ws/build_pinkk/pinkk_usb_insertion/build/lib/pinkk_usb_insertion/state_machine
[1.171s] copying pinkk_usb_insertion/state_machine/states.py -> /home/juwon/mycobot_moveit_ws/build_pinkk/pinkk_usb_insertion/build/lib/pinkk_usb_insertion/state_machine
[1.171s] copying pinkk_usb_insertion/geometry/transforms.py -> /home/juwon/mycobot_moveit_ws/build_pinkk/pinkk_usb_insertion/build/lib/pinkk_usb_insertion/geometry
[1.171s] copying pinkk_usb_insertion/geometry/__init__.py -> /home/juwon/mycobot_moveit_ws/build_pinkk/pinkk_usb_insertion/build/lib/pinkk_usb_insertion/geometry
[1.172s] running install
[1.176s] running install_lib
[1.193s] running install_data
[1.193s] copying resource/pinkk_usb_insertion -> /home/juwon/mycobot_moveit_ws/install_pinkk/pinkk_usb_insertion/share/ament_index/resource_index/packages
[1.194s] copying package.xml -> /home/juwon/mycobot_moveit_ws/install_pinkk/pinkk_usb_insertion/share/pinkk_usb_insertion
[1.194s] copying README.md -> /home/juwon/mycobot_moveit_ws/install_pinkk/pinkk_usb_insertion/share/pinkk_usb_insertion
[1.194s] copying launch/usb_perception.launch.py -> /home/juwon/mycobot_moveit_ws/install_pinkk/pinkk_usb_insertion/share/pinkk_usb_insertion/launch
[1.194s] copying launch/usb_insertion.launch.py -> /home/juwon/mycobot_moveit_ws/install_pinkk/pinkk_usb_insertion/share/pinkk_usb_insertion/launch
[1.194s] copying config/insertion_control.yaml -> /home/juwon/mycobot_moveit_ws/install_pinkk/pinkk_usb_insertion/share/pinkk_usb_insertion/config
[1.194s] copying config/tool_transform.yaml -> /home/juwon/mycobot_moveit_ws/install_pinkk/pinkk_usb_insertion/share/pinkk_usb_insertion/config
[1.195s] copying config/camera_intrinsics.yaml -> /home/juwon/mycobot_moveit_ws/install_pinkk/pinkk_usb_insertion/share/pinkk_usb_insertion/config
[1.195s] copying config/README_KO.md -> /home/juwon/mycobot_moveit_ws/install_pinkk/pinkk_usb_insertion/share/pinkk_usb_insertion/config
[1.195s] copying docs/02_COORDINATE_FRAMES_KO.md -> /home/juwon/mycobot_moveit_ws/install_pinkk/pinkk_usb_insertion/share/pinkk_usb_insertion/docs
[1.195s] copying docs/05_DEVELOPMENT_ROADMAP_KO.md -> /home/juwon/mycobot_moveit_ws/install_pinkk/pinkk_usb_insertion/share/pinkk_usb_insertion/docs
[1.195s] copying docs/04_SAFETY_KO.md -> /home/juwon/mycobot_moveit_ws/install_pinkk/pinkk_usb_insertion/share/pinkk_usb_insertion/docs
[1.195s] copying docs/03_NODES_AND_TOPICS_KO.md -> /home/juwon/mycobot_moveit_ws/install_pinkk/pinkk_usb_insertion/share/pinkk_usb_insertion/docs
[1.196s] copying docs/01_ARCHITECTURE_KO.md -> /home/juwon/mycobot_moveit_ws/install_pinkk/pinkk_usb_insertion/share/pinkk_usb_insertion/docs
[1.196s] running install_egg_info
[1.212s] removing '/home/juwon/mycobot_moveit_ws/install_pinkk/pinkk_usb_insertion/lib/python3.12/site-packages/pinkk_usb_insertion-0.1.0-py3.12.egg-info' (and everything under it)
[1.212s] Copying ../../../../../mycobot_moveit_ws/build_pinkk/pinkk_usb_insertion/pinkk_usb_insertion.egg-info to /home/juwon/mycobot_moveit_ws/install_pinkk/pinkk_usb_insertion/lib/python3.12/site-packages/pinkk_usb_insertion-0.1.0-py3.12.egg-info
[1.212s] running install_scripts
[1.245s] Installing arm_motion_node script to /home/juwon/mycobot_moveit_ws/install_pinkk/pinkk_usb_insertion/lib/pinkk_usb_insertion
[1.245s] Installing camera_publisher_node script to /home/juwon/mycobot_moveit_ws/install_pinkk/pinkk_usb_insertion/lib/pinkk_usb_insertion
[1.245s] Installing cartesian_smoke_test script to /home/juwon/mycobot_moveit_ws/install_pinkk/pinkk_usb_insertion/lib/pinkk_usb_insertion
[1.245s] Installing manual_detection_node script to /home/juwon/mycobot_moveit_ws/install_pinkk/pinkk_usb_insertion/lib/pinkk_usb_insertion
[1.245s] Installing moveit_ik_step_execute script to /home/juwon/mycobot_moveit_ws/install_pinkk/pinkk_usb_insertion/lib/pinkk_usb_insertion
[1.246s] Installing moveit_ik_step_executor script to /home/juwon/mycobot_moveit_ws/install_pinkk/pinkk_usb_insertion/lib/pinkk_usb_insertion
[1.246s] Installing moveit_pbvs_closed_loop_execute script to /home/juwon/mycobot_moveit_ws/install_pinkk/pinkk_usb_insertion/lib/pinkk_usb_insertion
[1.246s] Installing moveit_pbvs_step_execute script to /home/juwon/mycobot_moveit_ws/install_pinkk/pinkk_usb_insertion/lib/pinkk_usb_insertion
[1.246s] Installing pbvs_alignment_node script to /home/juwon/mycobot_moveit_ws/install_pinkk/pinkk_usb_insertion/lib/pinkk_usb_insertion
[1.246s] Installing pbvs_step_executor_node script to /home/juwon/mycobot_moveit_ws/install_pinkk/pinkk_usb_insertion/lib/pinkk_usb_insertion
[1.246s] Installing port_pose_node script to /home/juwon/mycobot_moveit_ws/install_pinkk/pinkk_usb_insertion/lib/pinkk_usb_insertion
[1.246s] Installing usb_insertion_node script to /home/juwon/mycobot_moveit_ws/install_pinkk/pinkk_usb_insertion/lib/pinkk_usb_insertion
[1.246s] Installing yolo_keypoint_node script to /home/juwon/mycobot_moveit_ws/install_pinkk/pinkk_usb_insertion/lib/pinkk_usb_insertion
[1.247s] writing list of installed files to '/home/juwon/mycobot_moveit_ws/build_pinkk/pinkk_usb_insertion/install.log'
[1.277s] Invoked command in '/home/juwon/Desktop/Pinkk-robot-arm/ros2_ws/src/pinkk_usb_insertion' returned '0': AMENT_PREFIX_PATH=/home/juwon/mycobot_moveit_ws/install_pinkk/pinkk_usb_insertion_interfaces:${AMENT_PREFIX_PATH} CMAKE_PREFIX_PATH=/home/juwon/mycobot_moveit_ws/install_pinkk/pinkk_usb_insertion_interfaces:${CMAKE_PREFIX_PATH} DEBUGINFOD_URLS=https://debuginfod.ubuntu.com LD_LIBRARY_PATH=/home/juwon/mycobot_moveit_ws/install_pinkk/pinkk_usb_insertion_interfaces/lib:${LD_LIBRARY_PATH} PYTHONPATH=/home/juwon/mycobot_moveit_ws/build_pinkk/pinkk_usb_insertion/prefix_override:/usr/lib/python3/dist-packages/colcon_core/task/python/colcon_distutils_commands:/home/juwon/mycobot_moveit_ws/install_pinkk/pinkk_usb_insertion/lib/python3.12/site-packages:/home/juwon/mycobot_moveit_ws/install_pinkk/pinkk_usb_insertion_interfaces/lib/python3.12/site-packages:${PYTHONPATH} /usr/bin/python3 -W ignore:setup.py install is deprecated -W ignore:easy_install command is deprecated setup.py egg_info --egg-base ../../../../../mycobot_moveit_ws/build_pinkk/pinkk_usb_insertion build --build-base /home/juwon/mycobot_moveit_ws/build_pinkk/pinkk_usb_insertion/build install --record /home/juwon/mycobot_moveit_ws/build_pinkk/pinkk_usb_insertion/install.log --install-scripts $base/lib/pinkk_usb_insertion --single-version-externally-managed install_data
