-- The C compiler identification is GNU 13.3.0
-- The CXX compiler identification is GNU 13.3.0
-- Detecting C compiler ABI info
-- Detecting C compiler ABI info - done
-- Check for working C compiler: /usr/bin/cc - skipped
-- Detecting C compile features
-- Detecting C compile features - done
-- Detecting CXX compiler ABI info
-- Detecting CXX compiler ABI info - done
-- Check for working CXX compiler: /usr/bin/c++ - skipped
-- Detecting CXX compile features
-- Detecting CXX compile features - done
-- Found ament_cmake: 2.5.6 (/opt/ros/jazzy/share/ament_cmake/cmake)
-- Found Python3: /usr/bin/python3 (found version "3.12.3") found components: Interpreter 
-- Override CMake install command with custom implementation using symlinks instead of copying resources
-- Found geometry_msgs: 5.3.8 (/opt/ros/jazzy/share/geometry_msgs/cmake)
-- Found rosidl_generator_c: 4.6.9 (/opt/ros/jazzy/share/rosidl_generator_c/cmake)
-- Found rosidl_generator_cpp: 4.6.9 (/opt/ros/jazzy/share/rosidl_generator_cpp/cmake)
-- Using all available rosidl_typesupport_c: rosidl_typesupport_fastrtps_c;rosidl_typesupport_introspection_c
-- Using all available rosidl_typesupport_cpp: rosidl_typesupport_fastrtps_cpp;rosidl_typesupport_introspection_cpp
-- Found rosidl_default_generators: 1.6.1 (/opt/ros/jazzy/share/rosidl_default_generators/cmake)
-- Found rosidl_adapter: 4.6.9 (/opt/ros/jazzy/share/rosidl_adapter/cmake)
-- Found vision_msgs: 4.1.1 (/opt/ros/jazzy/share/vision_msgs/cmake)
-- Found ament_cmake_ros: 0.12.1 (/opt/ros/jazzy/share/ament_cmake_ros/cmake)
-- Using all available rosidl_typesupport_c: rosidl_typesupport_fastrtps_c;rosidl_typesupport_introspection_c
-- Using all available rosidl_typesupport_cpp: rosidl_typesupport_fastrtps_cpp;rosidl_typesupport_introspection_cpp
-- Found python_cmake_module: 0.11.1 (/opt/ros/jazzy/share/python_cmake_module/cmake)
-- Found PythonExtra: /usr/bin/python3  
-- Found Python3: /usr/bin/python3 (found version "3.12.3") found components: Interpreter Development NumPy Development.Module Development.Embed 
-- Found Python3: /usr/bin/python3 (found version "3.12.3") found components: Interpreter 
-- Configuring done (3.6s)
-- Generating done (0.0s)
-- Build files have been written to: /home/kim-jayeon/Pinkk/ros2_ws/build/pinkk_usb_insertion_interfaces
[  1%] [34m[1mGenerating type hashes for ROS interfaces[0m
[  2%] [34m[1mGenerating Rust code for ROS interfaces[0m
[  2%] Built target ament_cmake_python_symlink_pinkk_usb_insertion_interfaces
running egg_info
creating pinkk_usb_insertion_interfaces.egg-info
writing pinkk_usb_insertion_interfaces.egg-info/PKG-INFO
writing dependency_links to pinkk_usb_insertion_interfaces.egg-info/dependency_links.txt
writing top-level names to pinkk_usb_insertion_interfaces.egg-info/top_level.txt
writing manifest file 'pinkk_usb_insertion_interfaces.egg-info/SOURCES.txt'
[  2%] Built target pinkk_usb_insertion_interfaces__rosidl_generator_type_description
[  4%] [34m[1mGenerating C code for ROS interfaces[0m
[  5%] [34m[1mGenerating C++ code for ROS interfaces[0m
[  5%] Built target pinkk_usb_insertion_interfaces__rs
reading manifest file 'pinkk_usb_insertion_interfaces.egg-info/SOURCES.txt'
writing manifest file 'pinkk_usb_insertion_interfaces.egg-info/SOURCES.txt'
[  5%] Built target ament_cmake_python_build_pinkk_usb_insertion_interfaces_egg
[  5%] Built target pinkk_usb_insertion_interfaces__cpp
[ 12%] [32mBuilding C object CMakeFiles/pinkk_usb_insertion_interfaces__rosidl_generator_c.dir/rosidl_generator_c/pinkk_usb_insertion_interfaces/action/detail/cartesian_move__type_support.c.o[0m
[ 12%] [32mBuilding C object CMakeFiles/pinkk_usb_insertion_interfaces__rosidl_generator_c.dir/rosidl_generator_c/pinkk_usb_insertion_interfaces/action/detail/cartesian_move__functions.c.o[0m
[ 12%] [32mBuilding C object CMakeFiles/pinkk_usb_insertion_interfaces__rosidl_generator_c.dir/rosidl_generator_c/pinkk_usb_insertion_interfaces/msg/detail/keypoint2_d__description.c.o[0m
[ 12%] [32mBuilding C object CMakeFiles/pinkk_usb_insertion_interfaces__rosidl_generator_c.dir/rosidl_generator_c/pinkk_usb_insertion_interfaces/msg/detail/keypoint2_d__functions.c.o[0m
[ 16%] [32mBuilding C object CMakeFiles/pinkk_usb_insertion_interfaces__rosidl_generator_c.dir/rosidl_generator_c/pinkk_usb_insertion_interfaces/msg/detail/usb_port_detection__description.c.o[0m
[ 16%] [32mBuilding C object CMakeFiles/pinkk_usb_insertion_interfaces__rosidl_generator_c.dir/rosidl_generator_c/pinkk_usb_insertion_interfaces/msg/detail/usb_port_detection__type_support.c.o[0m
[ 17%] [32mBuilding C object CMakeFiles/pinkk_usb_insertion_interfaces__rosidl_generator_c.dir/rosidl_generator_c/pinkk_usb_insertion_interfaces/msg/detail/usb_port_detection_array__type_support.c.o[0m
[ 20%] [32mBuilding C object CMakeFiles/pinkk_usb_insertion_interfaces__rosidl_generator_c.dir/rosidl_generator_c/pinkk_usb_insertion_interfaces/msg/detail/usb_port_detection_array__description.c.o[0m
[ 20%] [32mBuilding C object CMakeFiles/pinkk_usb_insertion_interfaces__rosidl_generator_c.dir/rosidl_generator_c/pinkk_usb_insertion_interfaces/msg/detail/usb_port_detection_array__functions.c.o[0m
[ 21%] [32mBuilding C object CMakeFiles/pinkk_usb_insertion_interfaces__rosidl_generator_c.dir/rosidl_generator_c/pinkk_usb_insertion_interfaces/msg/detail/keypoint2_d__type_support.c.o[0m
[ 21%] [32mBuilding C object CMakeFiles/pinkk_usb_insertion_interfaces__rosidl_generator_c.dir/rosidl_generator_c/pinkk_usb_insertion_interfaces/msg/detail/usb_port_detection__functions.c.o[0m
[ 21%] [32mBuilding C object CMakeFiles/pinkk_usb_insertion_interfaces__rosidl_generator_c.dir/rosidl_generator_c/pinkk_usb_insertion_interfaces/action/detail/cartesian_move__description.c.o[0m
[ 22%] [32mBuilding C object CMakeFiles/pinkk_usb_insertion_interfaces__rosidl_generator_c.dir/rosidl_generator_c/pinkk_usb_insertion_interfaces/msg/detail/usb_port_observation__type_support.c.o[0m
[ 24%] [32mBuilding C object CMakeFiles/pinkk_usb_insertion_interfaces__rosidl_generator_c.dir/rosidl_generator_c/pinkk_usb_insertion_interfaces/msg/detail/usb_port_observation__description.c.o[0m
[ 25%] [32mBuilding C object CMakeFiles/pinkk_usb_insertion_interfaces__rosidl_generator_c.dir/rosidl_generator_c/pinkk_usb_insertion_interfaces/msg/detail/usb_port_observation__functions.c.o[0m
[ 26%] [32m[1mLinking C shared library libpinkk_usb_insertion_interfaces__rosidl_generator_c.so[0m
[ 26%] Built target pinkk_usb_insertion_interfaces__rosidl_generator_c
[ 33%] [34m[1mGenerating C type support dispatch for ROS interfaces[0m
[ 33%] [34m[1mGenerating C++ type support for eProsima Fast-RTPS[0m
[ 33%] [34m[1mGenerating C type support for eProsima Fast-RTPS[0m
[ 33%] [34m[1mGenerating C++ type support dispatch for ROS interfaces[0m
[ 33%] [34m[1mGenerating C++ introspection for ROS interfaces[0m
[ 34%] [34m[1mGenerating C introspection for ROS interfaces[0m
[ 37%] [32mBuilding CXX object CMakeFiles/pinkk_usb_insertion_interfaces__rosidl_typesupport_cpp.dir/rosidl_typesupport_cpp/pinkk_usb_insertion_interfaces/msg/usb_port_detection_array__type_support.cpp.o[0m
[ 37%] [32mBuilding CXX object CMakeFiles/pinkk_usb_insertion_interfaces__rosidl_typesupport_cpp.dir/rosidl_typesupport_cpp/pinkk_usb_insertion_interfaces/msg/keypoint2_d__type_support.cpp.o[0m
[ 38%] [32mBuilding CXX object CMakeFiles/pinkk_usb_insertion_interfaces__rosidl_typesupport_cpp.dir/rosidl_typesupport_cpp/pinkk_usb_insertion_interfaces/action/cartesian_move__type_support.cpp.o[0m
[ 40%] [32mBuilding CXX object CMakeFiles/pinkk_usb_insertion_interfaces__rosidl_typesupport_cpp.dir/rosidl_typesupport_cpp/pinkk_usb_insertion_interfaces/msg/usb_port_observation__type_support.cpp.o[0m
[ 41%] [32mBuilding CXX object CMakeFiles/pinkk_usb_insertion_interfaces__rosidl_typesupport_cpp.dir/rosidl_typesupport_cpp/pinkk_usb_insertion_interfaces/msg/usb_port_detection__type_support.cpp.o[0m
[ 46%] [32mBuilding CXX object CMakeFiles/pinkk_usb_insertion_interfaces__rosidl_typesupport_c.dir/rosidl_typesupport_c/pinkk_usb_insertion_interfaces/msg/usb_port_detection_array__type_support.cpp.o[0m
[ 46%] [32mBuilding CXX object CMakeFiles/pinkk_usb_insertion_interfaces__rosidl_typesupport_c.dir/rosidl_typesupport_c/pinkk_usb_insertion_interfaces/msg/usb_port_detection__type_support.cpp.o[0m
[ 46%] [32mBuilding CXX object CMakeFiles/pinkk_usb_insertion_interfaces__rosidl_typesupport_c.dir/rosidl_typesupport_c/pinkk_usb_insertion_interfaces/msg/usb_port_observation__type_support.cpp.o[0m
[ 46%] [32mBuilding CXX object CMakeFiles/pinkk_usb_insertion_interfaces__rosidl_typesupport_c.dir/rosidl_typesupport_c/pinkk_usb_insertion_interfaces/msg/keypoint2_d__type_support.cpp.o[0m
[ 48%] [32mBuilding CXX object CMakeFiles/pinkk_usb_insertion_interfaces__rosidl_typesupport_c.dir/rosidl_typesupport_c/pinkk_usb_insertion_interfaces/action/cartesian_move__type_support.cpp.o[0m
[ 54%] [32m[1mLinking CXX shared library libpinkk_usb_insertion_interfaces__rosidl_typesupport_c.so[0m
[ 54%] [32mBuilding CXX object CMakeFiles/pinkk_usb_insertion_interfaces__rosidl_typesupport_introspection_cpp.dir/rosidl_typesupport_introspection_cpp/pinkk_usb_insertion_interfaces/action/detail/cartesian_move__type_support.cpp.o[0m
[ 54%] [32mBuilding CXX object CMakeFiles/pinkk_usb_insertion_interfaces__rosidl_typesupport_introspection_cpp.dir/rosidl_typesupport_introspection_cpp/pinkk_usb_insertion_interfaces/msg/detail/keypoint2_d__type_support.cpp.o[0m
[ 54%] [32mBuilding CXX object CMakeFiles/pinkk_usb_insertion_interfaces__rosidl_typesupport_introspection_cpp.dir/rosidl_typesupport_introspection_cpp/pinkk_usb_insertion_interfaces/msg/detail/usb_port_detection_array__type_support.cpp.o[0m
[ 54%] [32mBuilding CXX object CMakeFiles/pinkk_usb_insertion_interfaces__rosidl_typesupport_introspection_cpp.dir/rosidl_typesupport_introspection_cpp/pinkk_usb_insertion_interfaces/msg/detail/usb_port_observation__type_support.cpp.o[0m
[ 56%] [32mBuilding CXX object CMakeFiles/pinkk_usb_insertion_interfaces__rosidl_typesupport_introspection_cpp.dir/rosidl_typesupport_introspection_cpp/pinkk_usb_insertion_interfaces/msg/detail/usb_port_detection__type_support.cpp.o[0m
[ 57%] [32mBuilding C object CMakeFiles/pinkk_usb_insertion_interfaces__rosidl_typesupport_introspection_c.dir/rosidl_typesupport_introspection_c/pinkk_usb_insertion_interfaces/action/detail/cartesian_move__type_support.c.o[0m
[ 58%] [32mBuilding C object CMakeFiles/pinkk_usb_insertion_interfaces__rosidl_typesupport_introspection_c.dir/rosidl_typesupport_introspection_c/pinkk_usb_insertion_interfaces/msg/detail/usb_port_detection__type_support.c.o[0m
[ 60%] [32mBuilding C object CMakeFiles/pinkk_usb_insertion_interfaces__rosidl_typesupport_introspection_c.dir/rosidl_typesupport_introspection_c/pinkk_usb_insertion_interfaces/msg/detail/keypoint2_d__type_support.c.o[0m
[ 60%] Built target pinkk_usb_insertion_interfaces__rosidl_typesupport_c
[ 61%] [32mBuilding C object CMakeFiles/pinkk_usb_insertion_interfaces__rosidl_typesupport_introspection_c.dir/rosidl_typesupport_introspection_c/pinkk_usb_insertion_interfaces/msg/detail/usb_port_detection_array__type_support.c.o[0m
[ 62%] [32mBuilding C object CMakeFiles/pinkk_usb_insertion_interfaces__rosidl_typesupport_introspection_c.dir/rosidl_typesupport_introspection_c/pinkk_usb_insertion_interfaces/msg/detail/usb_port_observation__type_support.c.o[0m
[ 64%] [32m[1mLinking C shared library libpinkk_usb_insertion_interfaces__rosidl_typesupport_introspection_c.so[0m
[ 64%] Built target pinkk_usb_insertion_interfaces__rosidl_typesupport_introspection_c
[ 66%] [32mBuilding CXX object CMakeFiles/pinkk_usb_insertion_interfaces__rosidl_typesupport_fastrtps_cpp.dir/rosidl_typesupport_fastrtps_cpp/pinkk_usb_insertion_interfaces/msg/detail/dds_fastrtps/usb_port_detection__type_support.cpp.o[0m
[ 66%] [32mBuilding CXX object CMakeFiles/pinkk_usb_insertion_interfaces__rosidl_typesupport_fastrtps_cpp.dir/rosidl_typesupport_fastrtps_cpp/pinkk_usb_insertion_interfaces/action/detail/dds_fastrtps/cartesian_move__type_support.cpp.o[0m
[ 68%] [32mBuilding CXX object CMakeFiles/pinkk_usb_insertion_interfaces__rosidl_typesupport_fastrtps_cpp.dir/rosidl_typesupport_fastrtps_cpp/pinkk_usb_insertion_interfaces/msg/detail/dds_fastrtps/keypoint2_d__type_support.cpp.o[0m
[ 69%] [32mBuilding CXX object CMakeFiles/pinkk_usb_insertion_interfaces__rosidl_typesupport_fastrtps_cpp.dir/rosidl_typesupport_fastrtps_cpp/pinkk_usb_insertion_interfaces/msg/detail/dds_fastrtps/usb_port_detection_array__type_support.cpp.o[0m
[ 70%] [32mBuilding CXX object CMakeFiles/pinkk_usb_insertion_interfaces__rosidl_typesupport_fastrtps_cpp.dir/rosidl_typesupport_fastrtps_cpp/pinkk_usb_insertion_interfaces/msg/detail/dds_fastrtps/usb_port_observation__type_support.cpp.o[0m
[ 77%] [32mBuilding CXX object CMakeFiles/pinkk_usb_insertion_interfaces__rosidl_typesupport_fastrtps_c.dir/rosidl_typesupport_fastrtps_c/pinkk_usb_insertion_interfaces/msg/detail/keypoint2_d__type_support_c.cpp.o[0m
[ 77%] [32mBuilding CXX object CMakeFiles/pinkk_usb_insertion_interfaces__rosidl_typesupport_fastrtps_c.dir/rosidl_typesupport_fastrtps_c/pinkk_usb_insertion_interfaces/action/detail/cartesian_move__type_support_c.cpp.o[0m
[ 77%] [32mBuilding CXX object CMakeFiles/pinkk_usb_insertion_interfaces__rosidl_typesupport_fastrtps_c.dir/rosidl_typesupport_fastrtps_c/pinkk_usb_insertion_interfaces/msg/detail/usb_port_detection__type_support_c.cpp.o[0m
[ 77%] [32mBuilding CXX object CMakeFiles/pinkk_usb_insertion_interfaces__rosidl_typesupport_fastrtps_c.dir/rosidl_typesupport_fastrtps_c/pinkk_usb_insertion_interfaces/msg/detail/usb_port_observation__type_support_c.cpp.o[0m
[ 77%] [32mBuilding CXX object CMakeFiles/pinkk_usb_insertion_interfaces__rosidl_typesupport_fastrtps_c.dir/rosidl_typesupport_fastrtps_c/pinkk_usb_insertion_interfaces/msg/detail/usb_port_detection_array__type_support_c.cpp.o[0m
[ 78%] [32m[1mLinking CXX shared library libpinkk_usb_insertion_interfaces__rosidl_typesupport_cpp.so[0m
[ 78%] Built target pinkk_usb_insertion_interfaces__rosidl_typesupport_cpp
[ 80%] [32m[1mLinking CXX shared library libpinkk_usb_insertion_interfaces__rosidl_typesupport_introspection_cpp.so[0m
[ 80%] Built target pinkk_usb_insertion_interfaces__rosidl_typesupport_introspection_cpp
[ 81%] [32m[1mLinking CXX shared library libpinkk_usb_insertion_interfaces__rosidl_typesupport_fastrtps_c.so[0m
[ 81%] Built target pinkk_usb_insertion_interfaces__rosidl_typesupport_fastrtps_c
[ 82%] [32m[1mLinking CXX shared library libpinkk_usb_insertion_interfaces__rosidl_typesupport_fastrtps_cpp.so[0m
[ 82%] Built target pinkk_usb_insertion_interfaces__rosidl_typesupport_fastrtps_cpp
[ 82%] Built target pinkk_usb_insertion_interfaces
[ 84%] [34m[1mGenerating Python code for ROS interfaces[0m
[ 84%] Built target pinkk_usb_insertion_interfaces__py
[ 90%] [32mBuilding C object CMakeFiles/pinkk_usb_insertion_interfaces__rosidl_generator_py.dir/rosidl_generator_py/pinkk_usb_insertion_interfaces/msg/_usb_port_detection_s.c.o[0m
[ 90%] [32mBuilding C object CMakeFiles/pinkk_usb_insertion_interfaces__rosidl_generator_py.dir/rosidl_generator_py/pinkk_usb_insertion_interfaces/action/_cartesian_move_s.c.o[0m
[ 90%] [32mBuilding C object CMakeFiles/pinkk_usb_insertion_interfaces__rosidl_generator_py.dir/rosidl_generator_py/pinkk_usb_insertion_interfaces/msg/_keypoint2_d_s.c.o[0m
[ 90%] [32mBuilding C object CMakeFiles/pinkk_usb_insertion_interfaces__rosidl_generator_py.dir/rosidl_generator_py/pinkk_usb_insertion_interfaces/msg/_usb_port_detection_array_s.c.o[0m
[ 90%] [32mBuilding C object CMakeFiles/pinkk_usb_insertion_interfaces__rosidl_generator_py.dir/rosidl_generator_py/pinkk_usb_insertion_interfaces/msg/_usb_port_observation_s.c.o[0m
[ 92%] [32m[1mLinking C shared library libpinkk_usb_insertion_interfaces__rosidl_generator_py.so[0m
[ 92%] Built target pinkk_usb_insertion_interfaces__rosidl_generator_py
[ 94%] [32mBuilding C object CMakeFiles/pinkk_usb_insertion_interfaces_s__rosidl_typesupport_introspection_c.dir/rosidl_generator_py/pinkk_usb_insertion_interfaces/_pinkk_usb_insertion_interfaces_s.ep.rosidl_typesupport_introspection_c.c.o[0m
[ 94%] [32mBuilding C object CMakeFiles/pinkk_usb_insertion_interfaces_s__rosidl_typesupport_fastrtps_c.dir/rosidl_generator_py/pinkk_usb_insertion_interfaces/_pinkk_usb_insertion_interfaces_s.ep.rosidl_typesupport_fastrtps_c.c.o[0m
[ 96%] [32mBuilding C object CMakeFiles/pinkk_usb_insertion_interfaces_s__rosidl_typesupport_c.dir/rosidl_generator_py/pinkk_usb_insertion_interfaces/_pinkk_usb_insertion_interfaces_s.ep.rosidl_typesupport_c.c.o[0m
[ 97%] [32m[1mLinking C shared module rosidl_generator_py/pinkk_usb_insertion_interfaces/pinkk_usb_insertion_interfaces_s__rosidl_typesupport_c.so[0m
[ 98%] [32m[1mLinking C shared module rosidl_generator_py/pinkk_usb_insertion_interfaces/pinkk_usb_insertion_interfaces_s__rosidl_typesupport_introspection_c.so[0m
[100%] [32m[1mLinking C shared module rosidl_generator_py/pinkk_usb_insertion_interfaces/pinkk_usb_insertion_interfaces_s__rosidl_typesupport_fastrtps_c.so[0m
[100%] Built target pinkk_usb_insertion_interfaces_s__rosidl_typesupport_c
[100%] Built target pinkk_usb_insertion_interfaces_s__rosidl_typesupport_introspection_c
[100%] Built target pinkk_usb_insertion_interfaces_s__rosidl_typesupport_fastrtps_c
-- Install configuration: ""
-- Execute custom install script
-- Symlinking: /home/kim-jayeon/Pinkk/ros2_ws/install/pinkk_usb_insertion_interfaces/share/ament_index/resource_index/rosidl_interfaces/pinkk_usb_insertion_interfaces
-- Symlinking: /home/kim-jayeon/Pinkk/ros2_ws/install/pinkk_usb_insertion_interfaces/share/pinkk_usb_insertion_interfaces/action/CartesianMove.json
-- Symlinking: /home/kim-jayeon/Pinkk/ros2_ws/install/pinkk_usb_insertion_interfaces/share/pinkk_usb_insertion_interfaces/msg/Keypoint2D.json
-- Symlinking: /home/kim-jayeon/Pinkk/ros2_ws/install/pinkk_usb_insertion_interfaces/share/pinkk_usb_insertion_interfaces/msg/UsbPortDetection.json
-- Symlinking: /home/kim-jayeon/Pinkk/ros2_ws/install/pinkk_usb_insertion_interfaces/share/pinkk_usb_insertion_interfaces/msg/UsbPortDetectionArray.json
-- Symlinking: /home/kim-jayeon/Pinkk/ros2_ws/install/pinkk_usb_insertion_interfaces/share/pinkk_usb_insertion_interfaces/msg/UsbPortObservation.json
-- Symlinking: /home/kim-jayeon/Pinkk/ros2_ws/install/pinkk_usb_insertion_interfaces/include/pinkk_usb_insertion_interfaces/pinkk_usb_insertion_interfaces/action/cartesian_move.h
-- Symlinking: /home/kim-jayeon/Pinkk/ros2_ws/install/pinkk_usb_insertion_interfaces/include/pinkk_usb_insertion_interfaces/pinkk_usb_insertion_interfaces/action/detail/cartesian_move__functions.h
-- Symlinking: /home/kim-jayeon/Pinkk/ros2_ws/install/pinkk_usb_insertion_interfaces/include/pinkk_usb_insertion_interfaces/pinkk_usb_insertion_interfaces/action/detail/cartesian_move__struct.h
-- Symlinking: /home/kim-jayeon/Pinkk/ros2_ws/install/pinkk_usb_insertion_interfaces/include/pinkk_usb_insertion_interfaces/pinkk_usb_insertion_interfaces/action/detail/cartesian_move__type_support.h
-- Symlinking: /home/kim-jayeon/Pinkk/ros2_ws/install/pinkk_usb_insertion_interfaces/include/pinkk_usb_insertion_interfaces/pinkk_usb_insertion_interfaces/msg/detail/keypoint2_d__functions.h
-- Symlinking: /home/kim-jayeon/Pinkk/ros2_ws/install/pinkk_usb_insertion_interfaces/include/pinkk_usb_insertion_interfaces/pinkk_usb_insertion_interfaces/msg/detail/keypoint2_d__struct.h
-- Symlinking: /home/kim-jayeon/Pinkk/ros2_ws/install/pinkk_usb_insertion_interfaces/include/pinkk_usb_insertion_interfaces/pinkk_usb_insertion_interfaces/msg/detail/keypoint2_d__type_support.h
-- Symlinking: /home/kim-jayeon/Pinkk/ros2_ws/install/pinkk_usb_insertion_interfaces/include/pinkk_usb_insertion_interfaces/pinkk_usb_insertion_interfaces/msg/detail/usb_port_detection__functions.h
-- Symlinking: /home/kim-jayeon/Pinkk/ros2_ws/install/pinkk_usb_insertion_interfaces/include/pinkk_usb_insertion_interfaces/pinkk_usb_insertion_interfaces/msg/detail/usb_port_detection__struct.h
-- Symlinking: /home/kim-jayeon/Pinkk/ros2_ws/install/pinkk_usb_insertion_interfaces/include/pinkk_usb_insertion_interfaces/pinkk_usb_insertion_interfaces/msg/detail/usb_port_detection__type_support.h
-- Symlinking: /home/kim-jayeon/Pinkk/ros2_ws/install/pinkk_usb_insertion_interfaces/include/pinkk_usb_insertion_interfaces/pinkk_usb_insertion_interfaces/msg/detail/usb_port_detection_array__functions.h
-- Symlinking: /home/kim-jayeon/Pinkk/ros2_ws/install/pinkk_usb_insertion_interfaces/include/pinkk_usb_insertion_interfaces/pinkk_usb_insertion_interfaces/msg/detail/usb_port_detection_array__struct.h
-- Symlinking: /home/kim-jayeon/Pinkk/ros2_ws/install/pinkk_usb_insertion_interfaces/include/pinkk_usb_insertion_interfaces/pinkk_usb_insertion_interfaces/msg/detail/usb_port_detection_array__type_support.h
-- Symlinking: /home/kim-jayeon/Pinkk/ros2_ws/install/pinkk_usb_insertion_interfaces/include/pinkk_usb_insertion_interfaces/pinkk_usb_insertion_interfaces/msg/detail/usb_port_observation__functions.h
-- Symlinking: /home/kim-jayeon/Pinkk/ros2_ws/install/pinkk_usb_insertion_interfaces/include/pinkk_usb_insertion_interfaces/pinkk_usb_insertion_interfaces/msg/detail/usb_port_observation__struct.h
-- Symlinking: /home/kim-jayeon/Pinkk/ros2_ws/install/pinkk_usb_insertion_interfaces/include/pinkk_usb_insertion_interfaces/pinkk_usb_insertion_interfaces/msg/detail/usb_port_observation__type_support.h
-- Symlinking: /home/kim-jayeon/Pinkk/ros2_ws/install/pinkk_usb_insertion_interfaces/include/pinkk_usb_insertion_interfaces/pinkk_usb_insertion_interfaces/msg/keypoint2_d.h
-- Symlinking: /home/kim-jayeon/Pinkk/ros2_ws/install/pinkk_usb_insertion_interfaces/include/pinkk_usb_insertion_interfaces/pinkk_usb_insertion_interfaces/msg/rosidl_generator_c__visibility_control.h
-- Symlinking: /home/kim-jayeon/Pinkk/ros2_ws/install/pinkk_usb_insertion_interfaces/include/pinkk_usb_insertion_interfaces/pinkk_usb_insertion_interfaces/msg/usb_port_detection.h
-- Symlinking: /home/kim-jayeon/Pinkk/ros2_ws/install/pinkk_usb_insertion_interfaces/include/pinkk_usb_insertion_interfaces/pinkk_usb_insertion_interfaces/msg/usb_port_detection_array.h
-- Symlinking: /home/kim-jayeon/Pinkk/ros2_ws/install/pinkk_usb_insertion_interfaces/include/pinkk_usb_insertion_interfaces/pinkk_usb_insertion_interfaces/msg/usb_port_observation.h
-- Symlinking: /home/kim-jayeon/Pinkk/ros2_ws/install/pinkk_usb_insertion_interfaces/share/pinkk_usb_insertion_interfaces/environment/library_path.sh
-- Symlinking: /home/kim-jayeon/Pinkk/ros2_ws/install/pinkk_usb_insertion_interfaces/share/pinkk_usb_insertion_interfaces/environment/library_path.dsv
-- Symlinking: /home/kim-jayeon/Pinkk/ros2_ws/install/pinkk_usb_insertion_interfaces/include/pinkk_usb_insertion_interfaces/pinkk_usb_insertion_interfaces/action/detail/cartesian_move__rosidl_typesupport_fastrtps_c.h
-- Symlinking: /home/kim-jayeon/Pinkk/ros2_ws/install/pinkk_usb_insertion_interfaces/include/pinkk_usb_insertion_interfaces/pinkk_usb_insertion_interfaces/msg/detail/keypoint2_d__rosidl_typesupport_fastrtps_c.h
-- Symlinking: /home/kim-jayeon/Pinkk/ros2_ws/install/pinkk_usb_insertion_interfaces/include/pinkk_usb_insertion_interfaces/pinkk_usb_insertion_interfaces/msg/detail/usb_port_detection__rosidl_typesupport_fastrtps_c.h
-- Symlinking: /home/kim-jayeon/Pinkk/ros2_ws/install/pinkk_usb_insertion_interfaces/include/pinkk_usb_insertion_interfaces/pinkk_usb_insertion_interfaces/msg/detail/usb_port_detection_array__rosidl_typesupport_fastrtps_c.h
-- Symlinking: /home/kim-jayeon/Pinkk/ros2_ws/install/pinkk_usb_insertion_interfaces/include/pinkk_usb_insertion_interfaces/pinkk_usb_insertion_interfaces/msg/detail/usb_port_observation__rosidl_typesupport_fastrtps_c.h
-- Symlinking: /home/kim-jayeon/Pinkk/ros2_ws/install/pinkk_usb_insertion_interfaces/include/pinkk_usb_insertion_interfaces/pinkk_usb_insertion_interfaces/msg/rosidl_typesupport_fastrtps_c__visibility_control.h
-- Symlinking: /home/kim-jayeon/Pinkk/ros2_ws/install/pinkk_usb_insertion_interfaces/include/pinkk_usb_insertion_interfaces/pinkk_usb_insertion_interfaces/action/cartesian_move.hpp
-- Symlinking: /home/kim-jayeon/Pinkk/ros2_ws/install/pinkk_usb_insertion_interfaces/include/pinkk_usb_insertion_interfaces/pinkk_usb_insertion_interfaces/action/detail/cartesian_move__builder.hpp
-- Symlinking: /home/kim-jayeon/Pinkk/ros2_ws/install/pinkk_usb_insertion_interfaces/include/pinkk_usb_insertion_interfaces/pinkk_usb_insertion_interfaces/action/detail/cartesian_move__struct.hpp
-- Symlinking: /home/kim-jayeon/Pinkk/ros2_ws/install/pinkk_usb_insertion_interfaces/include/pinkk_usb_insertion_interfaces/pinkk_usb_insertion_interfaces/action/detail/cartesian_move__traits.hpp
-- Symlinking: /home/kim-jayeon/Pinkk/ros2_ws/install/pinkk_usb_insertion_interfaces/include/pinkk_usb_insertion_interfaces/pinkk_usb_insertion_interfaces/action/detail/cartesian_move__type_support.hpp
-- Symlinking: /home/kim-jayeon/Pinkk/ros2_ws/install/pinkk_usb_insertion_interfaces/include/pinkk_usb_insertion_interfaces/pinkk_usb_insertion_interfaces/msg/detail/keypoint2_d__builder.hpp
-- Symlinking: /home/kim-jayeon/Pinkk/ros2_ws/install/pinkk_usb_insertion_interfaces/include/pinkk_usb_insertion_interfaces/pinkk_usb_insertion_interfaces/msg/detail/keypoint2_d__struct.hpp
-- Symlinking: /home/kim-jayeon/Pinkk/ros2_ws/install/pinkk_usb_insertion_interfaces/include/pinkk_usb_insertion_interfaces/pinkk_usb_insertion_interfaces/msg/detail/keypoint2_d__traits.hpp
-- Symlinking: /home/kim-jayeon/Pinkk/ros2_ws/install/pinkk_usb_insertion_interfaces/include/pinkk_usb_insertion_interfaces/pinkk_usb_insertion_interfaces/msg/detail/keypoint2_d__type_support.hpp
-- Symlinking: /home/kim-jayeon/Pinkk/ros2_ws/install/pinkk_usb_insertion_interfaces/include/pinkk_usb_insertion_interfaces/pinkk_usb_insertion_interfaces/msg/detail/usb_port_detection__builder.hpp
-- Symlinking: /home/kim-jayeon/Pinkk/ros2_ws/install/pinkk_usb_insertion_interfaces/include/pinkk_usb_insertion_interfaces/pinkk_usb_insertion_interfaces/msg/detail/usb_port_detection__struct.hpp
-- Symlinking: /home/kim-jayeon/Pinkk/ros2_ws/install/pinkk_usb_insertion_interfaces/include/pinkk_usb_insertion_interfaces/pinkk_usb_insertion_interfaces/msg/detail/usb_port_detection__traits.hpp
-- Symlinking: /home/kim-jayeon/Pinkk/ros2_ws/install/pinkk_usb_insertion_interfaces/include/pinkk_usb_insertion_interfaces/pinkk_usb_insertion_interfaces/msg/detail/usb_port_detection__type_support.hpp
-- Symlinking: /home/kim-jayeon/Pinkk/ros2_ws/install/pinkk_usb_insertion_interfaces/include/pinkk_usb_insertion_interfaces/pinkk_usb_insertion_interfaces/msg/detail/usb_port_detection_array__builder.hpp
-- Symlinking: /home/kim-jayeon/Pinkk/ros2_ws/install/pinkk_usb_insertion_interfaces/include/pinkk_usb_insertion_interfaces/pinkk_usb_insertion_interfaces/msg/detail/usb_port_detection_array__struct.hpp
-- Symlinking: /home/kim-jayeon/Pinkk/ros2_ws/install/pinkk_usb_insertion_interfaces/include/pinkk_usb_insertion_interfaces/pinkk_usb_insertion_interfaces/msg/detail/usb_port_detection_array__traits.hpp
-- Symlinking: /home/kim-jayeon/Pinkk/ros2_ws/install/pinkk_usb_insertion_interfaces/include/pinkk_usb_insertion_interfaces/pinkk_usb_insertion_interfaces/msg/detail/usb_port_detection_array__type_support.hpp
-- Symlinking: /home/kim-jayeon/Pinkk/ros2_ws/install/pinkk_usb_insertion_interfaces/include/pinkk_usb_insertion_interfaces/pinkk_usb_insertion_interfaces/msg/detail/usb_port_observation__builder.hpp
-- Symlinking: /home/kim-jayeon/Pinkk/ros2_ws/install/pinkk_usb_insertion_interfaces/include/pinkk_usb_insertion_interfaces/pinkk_usb_insertion_interfaces/msg/detail/usb_port_observation__struct.hpp
-- Symlinking: /home/kim-jayeon/Pinkk/ros2_ws/install/pinkk_usb_insertion_interfaces/include/pinkk_usb_insertion_interfaces/pinkk_usb_insertion_interfaces/msg/detail/usb_port_observation__traits.hpp
-- Symlinking: /home/kim-jayeon/Pinkk/ros2_ws/install/pinkk_usb_insertion_interfaces/include/pinkk_usb_insertion_interfaces/pinkk_usb_insertion_interfaces/msg/detail/usb_port_observation__type_support.hpp
-- Symlinking: /home/kim-jayeon/Pinkk/ros2_ws/install/pinkk_usb_insertion_interfaces/include/pinkk_usb_insertion_interfaces/pinkk_usb_insertion_interfaces/msg/keypoint2_d.hpp
-- Symlinking: /home/kim-jayeon/Pinkk/ros2_ws/install/pinkk_usb_insertion_interfaces/include/pinkk_usb_insertion_interfaces/pinkk_usb_insertion_interfaces/msg/rosidl_generator_cpp__visibility_control.hpp
-- Symlinking: /home/kim-jayeon/Pinkk/ros2_ws/install/pinkk_usb_insertion_interfaces/include/pinkk_usb_insertion_interfaces/pinkk_usb_insertion_interfaces/msg/usb_port_detection.hpp
-- Symlinking: /home/kim-jayeon/Pinkk/ros2_ws/install/pinkk_usb_insertion_interfaces/include/pinkk_usb_insertion_interfaces/pinkk_usb_insertion_interfaces/msg/usb_port_detection_array.hpp
-- Symlinking: /home/kim-jayeon/Pinkk/ros2_ws/install/pinkk_usb_insertion_interfaces/include/pinkk_usb_insertion_interfaces/pinkk_usb_insertion_interfaces/msg/usb_port_observation.hpp
-- Symlinking: /home/kim-jayeon/Pinkk/ros2_ws/install/pinkk_usb_insertion_interfaces/include/pinkk_usb_insertion_interfaces/pinkk_usb_insertion_interfaces/action/detail/cartesian_move__rosidl_typesupport_fastrtps_cpp.hpp
-- Symlinking: /home/kim-jayeon/Pinkk/ros2_ws/install/pinkk_usb_insertion_interfaces/include/pinkk_usb_insertion_interfaces/pinkk_usb_insertion_interfaces/msg/detail/keypoint2_d__rosidl_typesupport_fastrtps_cpp.hpp
-- Symlinking: /home/kim-jayeon/Pinkk/ros2_ws/install/pinkk_usb_insertion_interfaces/include/pinkk_usb_insertion_interfaces/pinkk_usb_insertion_interfaces/msg/detail/usb_port_detection__rosidl_typesupport_fastrtps_cpp.hpp
-- Symlinking: /home/kim-jayeon/Pinkk/ros2_ws/install/pinkk_usb_insertion_interfaces/include/pinkk_usb_insertion_interfaces/pinkk_usb_insertion_interfaces/msg/detail/usb_port_detection_array__rosidl_typesupport_fastrtps_cpp.hpp
-- Symlinking: /home/kim-jayeon/Pinkk/ros2_ws/install/pinkk_usb_insertion_interfaces/include/pinkk_usb_insertion_interfaces/pinkk_usb_insertion_interfaces/msg/detail/usb_port_observation__rosidl_typesupport_fastrtps_cpp.hpp
-- Symlinking: /home/kim-jayeon/Pinkk/ros2_ws/install/pinkk_usb_insertion_interfaces/include/pinkk_usb_insertion_interfaces/pinkk_usb_insertion_interfaces/msg/rosidl_typesupport_fastrtps_cpp__visibility_control.h
-- Symlinking: /home/kim-jayeon/Pinkk/ros2_ws/install/pinkk_usb_insertion_interfaces/include/pinkk_usb_insertion_interfaces/pinkk_usb_insertion_interfaces/action/detail/cartesian_move__rosidl_typesupport_introspection_c.h
-- Symlinking: /home/kim-jayeon/Pinkk/ros2_ws/install/pinkk_usb_insertion_interfaces/include/pinkk_usb_insertion_interfaces/pinkk_usb_insertion_interfaces/msg/detail/keypoint2_d__rosidl_typesupport_introspection_c.h
-- Symlinking: /home/kim-jayeon/Pinkk/ros2_ws/install/pinkk_usb_insertion_interfaces/include/pinkk_usb_insertion_interfaces/pinkk_usb_insertion_interfaces/msg/detail/usb_port_detection__rosidl_typesupport_introspection_c.h
-- Symlinking: /home/kim-jayeon/Pinkk/ros2_ws/install/pinkk_usb_insertion_interfaces/include/pinkk_usb_insertion_interfaces/pinkk_usb_insertion_interfaces/msg/detail/usb_port_detection_array__rosidl_typesupport_introspection_c.h
-- Symlinking: /home/kim-jayeon/Pinkk/ros2_ws/install/pinkk_usb_insertion_interfaces/include/pinkk_usb_insertion_interfaces/pinkk_usb_insertion_interfaces/msg/detail/usb_port_observation__rosidl_typesupport_introspection_c.h
-- Symlinking: /home/kim-jayeon/Pinkk/ros2_ws/install/pinkk_usb_insertion_interfaces/include/pinkk_usb_insertion_interfaces/pinkk_usb_insertion_interfaces/msg/rosidl_typesupport_introspection_c__visibility_control.h
-- Symlinking: /home/kim-jayeon/Pinkk/ros2_ws/install/pinkk_usb_insertion_interfaces/include/pinkk_usb_insertion_interfaces/pinkk_usb_insertion_interfaces/action/detail/cartesian_move__rosidl_typesupport_introspection_cpp.hpp
-- Symlinking: /home/kim-jayeon/Pinkk/ros2_ws/install/pinkk_usb_insertion_interfaces/include/pinkk_usb_insertion_interfaces/pinkk_usb_insertion_interfaces/msg/detail/keypoint2_d__rosidl_typesupport_introspection_cpp.hpp
-- Symlinking: /home/kim-jayeon/Pinkk/ros2_ws/install/pinkk_usb_insertion_interfaces/include/pinkk_usb_insertion_interfaces/pinkk_usb_insertion_interfaces/msg/detail/usb_port_detection__rosidl_typesupport_introspection_cpp.hpp
-- Symlinking: /home/kim-jayeon/Pinkk/ros2_ws/install/pinkk_usb_insertion_interfaces/include/pinkk_usb_insertion_interfaces/pinkk_usb_insertion_interfaces/msg/detail/usb_port_detection_array__rosidl_typesupport_introspection_cpp.hpp
-- Symlinking: /home/kim-jayeon/Pinkk/ros2_ws/install/pinkk_usb_insertion_interfaces/include/pinkk_usb_insertion_interfaces/pinkk_usb_insertion_interfaces/msg/detail/usb_port_observation__rosidl_typesupport_introspection_cpp.hpp
-- Symlinking: /home/kim-jayeon/Pinkk/ros2_ws/install/pinkk_usb_insertion_interfaces/share/pinkk_usb_insertion_interfaces/environment/pythonpath.sh
-- Symlinking: /home/kim-jayeon/Pinkk/ros2_ws/install/pinkk_usb_insertion_interfaces/share/pinkk_usb_insertion_interfaces/environment/pythonpath.dsv
-- Symlinking: /home/kim-jayeon/Pinkk/ros2_ws/install/pinkk_usb_insertion_interfaces/lib/python3.12/site-packages/pinkk_usb_insertion_interfaces-0.1.0-py3.12.egg-info/PKG-INFO
-- Symlinking: /home/kim-jayeon/Pinkk/ros2_ws/install/pinkk_usb_insertion_interfaces/lib/python3.12/site-packages/pinkk_usb_insertion_interfaces-0.1.0-py3.12.egg-info/SOURCES.txt
-- Symlinking: /home/kim-jayeon/Pinkk/ros2_ws/install/pinkk_usb_insertion_interfaces/lib/python3.12/site-packages/pinkk_usb_insertion_interfaces-0.1.0-py3.12.egg-info/dependency_links.txt
-- Symlinking: /home/kim-jayeon/Pinkk/ros2_ws/install/pinkk_usb_insertion_interfaces/lib/python3.12/site-packages/pinkk_usb_insertion_interfaces-0.1.0-py3.12.egg-info/top_level.txt
-- Symlinking: /home/kim-jayeon/Pinkk/ros2_ws/install/pinkk_usb_insertion_interfaces/lib/python3.12/site-packages/pinkk_usb_insertion_interfaces/__init__.py
-- Symlinking: /home/kim-jayeon/Pinkk/ros2_ws/install/pinkk_usb_insertion_interfaces/lib/python3.12/site-packages/pinkk_usb_insertion_interfaces/_pinkk_usb_insertion_interfaces_s.ep.rosidl_typesupport_c.c
-- Symlinking: /home/kim-jayeon/Pinkk/ros2_ws/install/pinkk_usb_insertion_interfaces/lib/python3.12/site-packages/pinkk_usb_insertion_interfaces/_pinkk_usb_insertion_interfaces_s.ep.rosidl_typesupport_fastrtps_c.c
-- Symlinking: /home/kim-jayeon/Pinkk/ros2_ws/install/pinkk_usb_insertion_interfaces/lib/python3.12/site-packages/pinkk_usb_insertion_interfaces/_pinkk_usb_insertion_interfaces_s.ep.rosidl_typesupport_introspection_c.c
-- Symlinking: /home/kim-jayeon/Pinkk/ros2_ws/install/pinkk_usb_insertion_interfaces/lib/python3.12/site-packages/pinkk_usb_insertion_interfaces/action/__init__.py
-- Symlinking: /home/kim-jayeon/Pinkk/ros2_ws/install/pinkk_usb_insertion_interfaces/lib/python3.12/site-packages/pinkk_usb_insertion_interfaces/action/_cartesian_move.py
-- Symlinking: /home/kim-jayeon/Pinkk/ros2_ws/install/pinkk_usb_insertion_interfaces/lib/python3.12/site-packages/pinkk_usb_insertion_interfaces/action/_cartesian_move_s.c
-- Symlinking: /home/kim-jayeon/Pinkk/ros2_ws/install/pinkk_usb_insertion_interfaces/lib/python3.12/site-packages/pinkk_usb_insertion_interfaces/msg/__init__.py
-- Symlinking: /home/kim-jayeon/Pinkk/ros2_ws/install/pinkk_usb_insertion_interfaces/lib/python3.12/site-packages/pinkk_usb_insertion_interfaces/msg/_keypoint2_d.py
-- Symlinking: /home/kim-jayeon/Pinkk/ros2_ws/install/pinkk_usb_insertion_interfaces/lib/python3.12/site-packages/pinkk_usb_insertion_interfaces/msg/_keypoint2_d_s.c
-- Symlinking: /home/kim-jayeon/Pinkk/ros2_ws/install/pinkk_usb_insertion_interfaces/lib/python3.12/site-packages/pinkk_usb_insertion_interfaces/msg/_usb_port_detection.py
-- Symlinking: /home/kim-jayeon/Pinkk/ros2_ws/install/pinkk_usb_insertion_interfaces/lib/python3.12/site-packages/pinkk_usb_insertion_interfaces/msg/_usb_port_detection_array.py
-- Symlinking: /home/kim-jayeon/Pinkk/ros2_ws/install/pinkk_usb_insertion_interfaces/lib/python3.12/site-packages/pinkk_usb_insertion_interfaces/msg/_usb_port_detection_array_s.c
-- Symlinking: /home/kim-jayeon/Pinkk/ros2_ws/install/pinkk_usb_insertion_interfaces/lib/python3.12/site-packages/pinkk_usb_insertion_interfaces/msg/_usb_port_detection_s.c
-- Symlinking: /home/kim-jayeon/Pinkk/ros2_ws/install/pinkk_usb_insertion_interfaces/lib/python3.12/site-packages/pinkk_usb_insertion_interfaces/msg/_usb_port_observation.py
-- Symlinking: /home/kim-jayeon/Pinkk/ros2_ws/install/pinkk_usb_insertion_interfaces/lib/python3.12/site-packages/pinkk_usb_insertion_interfaces/msg/_usb_port_observation_s.c
-- Symlinking: /home/kim-jayeon/Pinkk/ros2_ws/install/pinkk_usb_insertion_interfaces/lib/python3.12/site-packages/pinkk_usb_insertion_interfaces/pinkk_usb_insertion_interfaces_s__rosidl_typesupport_c.so
-- Symlinking: /home/kim-jayeon/Pinkk/ros2_ws/install/pinkk_usb_insertion_interfaces/lib/python3.12/site-packages/pinkk_usb_insertion_interfaces/pinkk_usb_insertion_interfaces_s__rosidl_typesupport_fastrtps_c.so
-- Symlinking: /home/kim-jayeon/Pinkk/ros2_ws/install/pinkk_usb_insertion_interfaces/lib/python3.12/site-packages/pinkk_usb_insertion_interfaces/pinkk_usb_insertion_interfaces_s__rosidl_typesupport_introspection_c.so
-- Up-to-date symlink: /home/kim-jayeon/Pinkk/ros2_ws/install/pinkk_usb_insertion_interfaces/lib/python3.12/site-packages/pinkk_usb_insertion_interfaces/pinkk_usb_insertion_interfaces_s__rosidl_typesupport_fastrtps_c.so
-- Up-to-date symlink: /home/kim-jayeon/Pinkk/ros2_ws/install/pinkk_usb_insertion_interfaces/lib/python3.12/site-packages/pinkk_usb_insertion_interfaces/pinkk_usb_insertion_interfaces_s__rosidl_typesupport_introspection_c.so
-- Up-to-date symlink: /home/kim-jayeon/Pinkk/ros2_ws/install/pinkk_usb_insertion_interfaces/lib/python3.12/site-packages/pinkk_usb_insertion_interfaces/pinkk_usb_insertion_interfaces_s__rosidl_typesupport_c.so
-- Symlinking: /home/kim-jayeon/Pinkk/ros2_ws/install/pinkk_usb_insertion_interfaces/share/ament_index/resource_index/rust_packages/pinkk_usb_insertion_interfaces
-- Symlinking: /home/kim-jayeon/Pinkk/ros2_ws/install/pinkk_usb_insertion_interfaces/share/pinkk_usb_insertion_interfaces/rust/Cargo.toml
-- Symlinking: /home/kim-jayeon/Pinkk/ros2_ws/install/pinkk_usb_insertion_interfaces/share/pinkk_usb_insertion_interfaces/rust/build.rs
-- Symlinking: /home/kim-jayeon/Pinkk/ros2_ws/install/pinkk_usb_insertion_interfaces/share/pinkk_usb_insertion_interfaces/rust/src/action.rs
-- Symlinking: /home/kim-jayeon/Pinkk/ros2_ws/install/pinkk_usb_insertion_interfaces/share/pinkk_usb_insertion_interfaces/rust/src/action/rmw.rs
-- Symlinking: /home/kim-jayeon/Pinkk/ros2_ws/install/pinkk_usb_insertion_interfaces/share/pinkk_usb_insertion_interfaces/rust/src/lib.rs
-- Symlinking: /home/kim-jayeon/Pinkk/ros2_ws/install/pinkk_usb_insertion_interfaces/share/pinkk_usb_insertion_interfaces/rust/src/msg.rs
-- Symlinking: /home/kim-jayeon/Pinkk/ros2_ws/install/pinkk_usb_insertion_interfaces/share/pinkk_usb_insertion_interfaces/rust/src/msg/rmw.rs
-- Symlinking: /home/kim-jayeon/Pinkk/ros2_ws/install/pinkk_usb_insertion_interfaces/share/pinkk_usb_insertion_interfaces/action/CartesianMove.idl
-- Symlinking: /home/kim-jayeon/Pinkk/ros2_ws/install/pinkk_usb_insertion_interfaces/share/pinkk_usb_insertion_interfaces/msg/Keypoint2D.idl
-- Symlinking: /home/kim-jayeon/Pinkk/ros2_ws/install/pinkk_usb_insertion_interfaces/share/pinkk_usb_insertion_interfaces/msg/UsbPortDetection.idl
-- Symlinking: /home/kim-jayeon/Pinkk/ros2_ws/install/pinkk_usb_insertion_interfaces/share/pinkk_usb_insertion_interfaces/msg/UsbPortDetectionArray.idl
-- Symlinking: /home/kim-jayeon/Pinkk/ros2_ws/install/pinkk_usb_insertion_interfaces/share/pinkk_usb_insertion_interfaces/msg/UsbPortObservation.idl
-- Symlinking: /home/kim-jayeon/Pinkk/ros2_ws/install/pinkk_usb_insertion_interfaces/share/pinkk_usb_insertion_interfaces/action/CartesianMove.action
-- Symlinking: /home/kim-jayeon/Pinkk/ros2_ws/install/pinkk_usb_insertion_interfaces/share/pinkk_usb_insertion_interfaces/msg/Keypoint2D.msg
-- Symlinking: /home/kim-jayeon/Pinkk/ros2_ws/install/pinkk_usb_insertion_interfaces/share/pinkk_usb_insertion_interfaces/msg/UsbPortDetection.msg
-- Symlinking: /home/kim-jayeon/Pinkk/ros2_ws/install/pinkk_usb_insertion_interfaces/share/pinkk_usb_insertion_interfaces/msg/UsbPortDetectionArray.msg
-- Symlinking: /home/kim-jayeon/Pinkk/ros2_ws/install/pinkk_usb_insertion_interfaces/share/pinkk_usb_insertion_interfaces/msg/UsbPortObservation.msg
-- Symlinking: /home/kim-jayeon/Pinkk/ros2_ws/install/pinkk_usb_insertion_interfaces/share/ament_index/resource_index/package_run_dependencies/pinkk_usb_insertion_interfaces
-- Symlinking: /home/kim-jayeon/Pinkk/ros2_ws/install/pinkk_usb_insertion_interfaces/share/ament_index/resource_index/parent_prefix_path/pinkk_usb_insertion_interfaces
-- Symlinking: /home/kim-jayeon/Pinkk/ros2_ws/install/pinkk_usb_insertion_interfaces/share/pinkk_usb_insertion_interfaces/environment/ament_prefix_path.sh
-- Symlinking: /home/kim-jayeon/Pinkk/ros2_ws/install/pinkk_usb_insertion_interfaces/share/pinkk_usb_insertion_interfaces/environment/ament_prefix_path.dsv
-- Symlinking: /home/kim-jayeon/Pinkk/ros2_ws/install/pinkk_usb_insertion_interfaces/share/pinkk_usb_insertion_interfaces/environment/path.sh
-- Symlinking: /home/kim-jayeon/Pinkk/ros2_ws/install/pinkk_usb_insertion_interfaces/share/pinkk_usb_insertion_interfaces/environment/path.dsv
-- Symlinking: /home/kim-jayeon/Pinkk/ros2_ws/install/pinkk_usb_insertion_interfaces/share/pinkk_usb_insertion_interfaces/local_setup.bash
-- Symlinking: /home/kim-jayeon/Pinkk/ros2_ws/install/pinkk_usb_insertion_interfaces/share/pinkk_usb_insertion_interfaces/local_setup.sh
-- Symlinking: /home/kim-jayeon/Pinkk/ros2_ws/install/pinkk_usb_insertion_interfaces/share/pinkk_usb_insertion_interfaces/local_setup.zsh
-- Symlinking: /home/kim-jayeon/Pinkk/ros2_ws/install/pinkk_usb_insertion_interfaces/share/pinkk_usb_insertion_interfaces/local_setup.dsv
-- Symlinking: /home/kim-jayeon/Pinkk/ros2_ws/install/pinkk_usb_insertion_interfaces/share/pinkk_usb_insertion_interfaces/package.dsv
-- Symlinking: /home/kim-jayeon/Pinkk/ros2_ws/install/pinkk_usb_insertion_interfaces/share/ament_index/resource_index/packages/pinkk_usb_insertion_interfaces
-- Symlinking: /home/kim-jayeon/Pinkk/ros2_ws/install/pinkk_usb_insertion_interfaces/share/pinkk_usb_insertion_interfaces/cmake/rosidl_cmake-extras.cmake
-- Symlinking: /home/kim-jayeon/Pinkk/ros2_ws/install/pinkk_usb_insertion_interfaces/share/pinkk_usb_insertion_interfaces/cmake/ament_cmake_export_dependencies-extras.cmake
-- Symlinking: /home/kim-jayeon/Pinkk/ros2_ws/install/pinkk_usb_insertion_interfaces/share/pinkk_usb_insertion_interfaces/cmake/ament_cmake_export_include_directories-extras.cmake
-- Symlinking: /home/kim-jayeon/Pinkk/ros2_ws/install/pinkk_usb_insertion_interfaces/share/pinkk_usb_insertion_interfaces/cmake/ament_cmake_export_libraries-extras.cmake
-- Symlinking: /home/kim-jayeon/Pinkk/ros2_ws/install/pinkk_usb_insertion_interfaces/share/pinkk_usb_insertion_interfaces/cmake/ament_cmake_export_targets-extras.cmake
-- Symlinking: /home/kim-jayeon/Pinkk/ros2_ws/install/pinkk_usb_insertion_interfaces/share/pinkk_usb_insertion_interfaces/cmake/rosidl_cmake_export_typesupport_targets-extras.cmake
-- Symlinking: /home/kim-jayeon/Pinkk/ros2_ws/install/pinkk_usb_insertion_interfaces/share/pinkk_usb_insertion_interfaces/cmake/rosidl_cmake_export_typesupport_libraries-extras.cmake
-- Symlinking: /home/kim-jayeon/Pinkk/ros2_ws/install/pinkk_usb_insertion_interfaces/share/pinkk_usb_insertion_interfaces/cmake/rosidl_cmake_aggregate_target-extras.cmake
-- Symlinking: /home/kim-jayeon/Pinkk/ros2_ws/install/pinkk_usb_insertion_interfaces/share/pinkk_usb_insertion_interfaces/cmake/pinkk_usb_insertion_interfacesConfig.cmake
-- Symlinking: /home/kim-jayeon/Pinkk/ros2_ws/install/pinkk_usb_insertion_interfaces/share/pinkk_usb_insertion_interfaces/cmake/pinkk_usb_insertion_interfacesConfig-version.cmake
-- Symlinking: /home/kim-jayeon/Pinkk/ros2_ws/install/pinkk_usb_insertion_interfaces/share/pinkk_usb_insertion_interfaces/package.xml
-- Installing: /home/kim-jayeon/Pinkk/ros2_ws/install/pinkk_usb_insertion_interfaces/lib/libpinkk_usb_insertion_interfaces__rosidl_generator_c.so
-- Set non-toolchain portion of runtime path of "/home/kim-jayeon/Pinkk/ros2_ws/install/pinkk_usb_insertion_interfaces/lib/libpinkk_usb_insertion_interfaces__rosidl_generator_c.so" to ""
-- Installing: /home/kim-jayeon/Pinkk/ros2_ws/install/pinkk_usb_insertion_interfaces/lib/libpinkk_usb_insertion_interfaces__rosidl_typesupport_fastrtps_c.so
-- Set non-toolchain portion of runtime path of "/home/kim-jayeon/Pinkk/ros2_ws/install/pinkk_usb_insertion_interfaces/lib/libpinkk_usb_insertion_interfaces__rosidl_typesupport_fastrtps_c.so" to ""
-- Installing: /home/kim-jayeon/Pinkk/ros2_ws/install/pinkk_usb_insertion_interfaces/lib/libpinkk_usb_insertion_interfaces__rosidl_typesupport_fastrtps_cpp.so
-- Set non-toolchain portion of runtime path of "/home/kim-jayeon/Pinkk/ros2_ws/install/pinkk_usb_insertion_interfaces/lib/libpinkk_usb_insertion_interfaces__rosidl_typesupport_fastrtps_cpp.so" to ""
-- Installing: /home/kim-jayeon/Pinkk/ros2_ws/install/pinkk_usb_insertion_interfaces/lib/libpinkk_usb_insertion_interfaces__rosidl_typesupport_introspection_c.so
-- Set non-toolchain portion of runtime path of "/home/kim-jayeon/Pinkk/ros2_ws/install/pinkk_usb_insertion_interfaces/lib/libpinkk_usb_insertion_interfaces__rosidl_typesupport_introspection_c.so" to ""
-- Installing: /home/kim-jayeon/Pinkk/ros2_ws/install/pinkk_usb_insertion_interfaces/lib/libpinkk_usb_insertion_interfaces__rosidl_typesupport_c.so
-- Set non-toolchain portion of runtime path of "/home/kim-jayeon/Pinkk/ros2_ws/install/pinkk_usb_insertion_interfaces/lib/libpinkk_usb_insertion_interfaces__rosidl_typesupport_c.so" to ""
-- Installing: /home/kim-jayeon/Pinkk/ros2_ws/install/pinkk_usb_insertion_interfaces/lib/libpinkk_usb_insertion_interfaces__rosidl_typesupport_introspection_cpp.so
-- Set non-toolchain portion of runtime path of "/home/kim-jayeon/Pinkk/ros2_ws/install/pinkk_usb_insertion_interfaces/lib/libpinkk_usb_insertion_interfaces__rosidl_typesupport_introspection_cpp.so" to ""
-- Installing: /home/kim-jayeon/Pinkk/ros2_ws/install/pinkk_usb_insertion_interfaces/lib/libpinkk_usb_insertion_interfaces__rosidl_typesupport_cpp.so
-- Set non-toolchain portion of runtime path of "/home/kim-jayeon/Pinkk/ros2_ws/install/pinkk_usb_insertion_interfaces/lib/libpinkk_usb_insertion_interfaces__rosidl_typesupport_cpp.so" to ""
Listing '/home/kim-jayeon/Pinkk/ros2_ws/install/pinkk_usb_insertion_interfaces/lib/python3.12/site-packages/pinkk_usb_insertion_interfaces'...
Compiling '/home/kim-jayeon/Pinkk/ros2_ws/install/pinkk_usb_insertion_interfaces/lib/python3.12/site-packages/pinkk_usb_insertion_interfaces/__init__.py'...
Listing '/home/kim-jayeon/Pinkk/ros2_ws/install/pinkk_usb_insertion_interfaces/lib/python3.12/site-packages/pinkk_usb_insertion_interfaces/action'...
Compiling '/home/kim-jayeon/Pinkk/ros2_ws/install/pinkk_usb_insertion_interfaces/lib/python3.12/site-packages/pinkk_usb_insertion_interfaces/action/__init__.py'...
Compiling '/home/kim-jayeon/Pinkk/ros2_ws/install/pinkk_usb_insertion_interfaces/lib/python3.12/site-packages/pinkk_usb_insertion_interfaces/action/_cartesian_move.py'...
Listing '/home/kim-jayeon/Pinkk/ros2_ws/install/pinkk_usb_insertion_interfaces/lib/python3.12/site-packages/pinkk_usb_insertion_interfaces/msg'...
Compiling '/home/kim-jayeon/Pinkk/ros2_ws/install/pinkk_usb_insertion_interfaces/lib/python3.12/site-packages/pinkk_usb_insertion_interfaces/msg/__init__.py'...
Compiling '/home/kim-jayeon/Pinkk/ros2_ws/install/pinkk_usb_insertion_interfaces/lib/python3.12/site-packages/pinkk_usb_insertion_interfaces/msg/_keypoint2_d.py'...
Compiling '/home/kim-jayeon/Pinkk/ros2_ws/install/pinkk_usb_insertion_interfaces/lib/python3.12/site-packages/pinkk_usb_insertion_interfaces/msg/_usb_port_detection.py'...
Compiling '/home/kim-jayeon/Pinkk/ros2_ws/install/pinkk_usb_insertion_interfaces/lib/python3.12/site-packages/pinkk_usb_insertion_interfaces/msg/_usb_port_detection_array.py'...
Compiling '/home/kim-jayeon/Pinkk/ros2_ws/install/pinkk_usb_insertion_interfaces/lib/python3.12/site-packages/pinkk_usb_insertion_interfaces/msg/_usb_port_observation.py'...
-- Installing: /home/kim-jayeon/Pinkk/ros2_ws/install/pinkk_usb_insertion_interfaces/lib/libpinkk_usb_insertion_interfaces__rosidl_generator_py.so
-- Set non-toolchain portion of runtime path of "/home/kim-jayeon/Pinkk/ros2_ws/install/pinkk_usb_insertion_interfaces/lib/libpinkk_usb_insertion_interfaces__rosidl_generator_py.so" to ""
-- Installing: /home/kim-jayeon/Pinkk/ros2_ws/install/pinkk_usb_insertion_interfaces/share/pinkk_usb_insertion_interfaces/cmake/export_pinkk_usb_insertion_interfaces__rosidl_generator_cExport.cmake
-- Installing: /home/kim-jayeon/Pinkk/ros2_ws/install/pinkk_usb_insertion_interfaces/share/pinkk_usb_insertion_interfaces/cmake/export_pinkk_usb_insertion_interfaces__rosidl_generator_cExport-noconfig.cmake
-- Installing: /home/kim-jayeon/Pinkk/ros2_ws/install/pinkk_usb_insertion_interfaces/share/pinkk_usb_insertion_interfaces/cmake/export_pinkk_usb_insertion_interfaces__rosidl_typesupport_fastrtps_cExport.cmake
-- Installing: /home/kim-jayeon/Pinkk/ros2_ws/install/pinkk_usb_insertion_interfaces/share/pinkk_usb_insertion_interfaces/cmake/export_pinkk_usb_insertion_interfaces__rosidl_typesupport_fastrtps_cExport-noconfig.cmake
-- Installing: /home/kim-jayeon/Pinkk/ros2_ws/install/pinkk_usb_insertion_interfaces/share/pinkk_usb_insertion_interfaces/cmake/export_pinkk_usb_insertion_interfaces__rosidl_generator_cppExport.cmake
-- Installing: /home/kim-jayeon/Pinkk/ros2_ws/install/pinkk_usb_insertion_interfaces/share/pinkk_usb_insertion_interfaces/cmake/export_pinkk_usb_insertion_interfaces__rosidl_typesupport_fastrtps_cppExport.cmake
-- Installing: /home/kim-jayeon/Pinkk/ros2_ws/install/pinkk_usb_insertion_interfaces/share/pinkk_usb_insertion_interfaces/cmake/export_pinkk_usb_insertion_interfaces__rosidl_typesupport_fastrtps_cppExport-noconfig.cmake
-- Installing: /home/kim-jayeon/Pinkk/ros2_ws/install/pinkk_usb_insertion_interfaces/share/pinkk_usb_insertion_interfaces/cmake/pinkk_usb_insertion_interfaces__rosidl_typesupport_introspection_cExport.cmake
-- Installing: /home/kim-jayeon/Pinkk/ros2_ws/install/pinkk_usb_insertion_interfaces/share/pinkk_usb_insertion_interfaces/cmake/pinkk_usb_insertion_interfaces__rosidl_typesupport_introspection_cExport-noconfig.cmake
-- Installing: /home/kim-jayeon/Pinkk/ros2_ws/install/pinkk_usb_insertion_interfaces/share/pinkk_usb_insertion_interfaces/cmake/pinkk_usb_insertion_interfaces__rosidl_typesupport_cExport.cmake
-- Installing: /home/kim-jayeon/Pinkk/ros2_ws/install/pinkk_usb_insertion_interfaces/share/pinkk_usb_insertion_interfaces/cmake/pinkk_usb_insertion_interfaces__rosidl_typesupport_cExport-noconfig.cmake
-- Installing: /home/kim-jayeon/Pinkk/ros2_ws/install/pinkk_usb_insertion_interfaces/share/pinkk_usb_insertion_interfaces/cmake/pinkk_usb_insertion_interfaces__rosidl_typesupport_introspection_cppExport.cmake
-- Installing: /home/kim-jayeon/Pinkk/ros2_ws/install/pinkk_usb_insertion_interfaces/share/pinkk_usb_insertion_interfaces/cmake/pinkk_usb_insertion_interfaces__rosidl_typesupport_introspection_cppExport-noconfig.cmake
-- Installing: /home/kim-jayeon/Pinkk/ros2_ws/install/pinkk_usb_insertion_interfaces/share/pinkk_usb_insertion_interfaces/cmake/pinkk_usb_insertion_interfaces__rosidl_typesupport_cppExport.cmake
-- Installing: /home/kim-jayeon/Pinkk/ros2_ws/install/pinkk_usb_insertion_interfaces/share/pinkk_usb_insertion_interfaces/cmake/pinkk_usb_insertion_interfaces__rosidl_typesupport_cppExport-noconfig.cmake
-- Installing: /home/kim-jayeon/Pinkk/ros2_ws/install/pinkk_usb_insertion_interfaces/share/pinkk_usb_insertion_interfaces/cmake/export_pinkk_usb_insertion_interfaces__rosidl_generator_pyExport.cmake
-- Installing: /home/kim-jayeon/Pinkk/ros2_ws/install/pinkk_usb_insertion_interfaces/share/pinkk_usb_insertion_interfaces/cmake/export_pinkk_usb_insertion_interfaces__rosidl_generator_pyExport-noconfig.cmake
