[0.014s] Invoking command in '/home/kim-jayeon/Pinkk/ros2_ws/build/pinkk_usb_insertion_interfaces': CMAKE_PREFIX_PATH=${CMAKE_PREFIX_PATH}:/home/kim-jayeon/Pinkk/ros2_ws/install/pinkk_mycobot_bridge:/home/kim-jayeon/Pinkk/ros2_ws/install/pinkk_handeye_automation:/home/kim-jayeon/camera_ws/install/ultraarm:/home/kim-jayeon/camera_ws/install/pro450_moveit2_control:/home/kim-jayeon/camera_ws/install/mypalletizer_communication:/home/kim-jayeon/camera_ws/install/mypalletizer_260_pi:/home/kim-jayeon/camera_ws/install/mypalletizer_260:/home/kim-jayeon/camera_ws/install/mycobot_pro_450:/home/kim-jayeon/camera_ws/install/myarm_m750:/home/kim-jayeon/camera_ws/install/myarm_c650:/home/kim-jayeon/camera_ws/install/mycobot_communication:/home/kim-jayeon/camera_ws/install/mecharm_communication:/home/kim-jayeon/camera_ws/install/mycobot_630:/home/kim-jayeon/camera_ws/install/mycobot_600:/home/kim-jayeon/camera_ws/install/mycobot_320pi:/home/kim-jayeon/camera_ws/install/mycobot_320_riscv:/home/kim-jayeon/camera_ws/install/mycobot_320:/home/kim-jayeon/camera_ws/install/mycobot_280pi:/home/kim-jayeon/camera_ws/install/mycobot_280jn:/home/kim-jayeon/camera_ws/install/mycobot_280_x3pi:/home/kim-jayeon/camera_ws/install/mycobot_280_riscv:/home/kim-jayeon/camera_ws/install/mycobot_280_rdkx5:/home/kim-jayeon/camera_ws/install/mycobot_280_moveit2_control:/home/kim-jayeon/camera_ws/install/mycobot_280_arduino:/home/kim-jayeon/camera_ws/install/mycobot_280:/home/kim-jayeon/camera_ws/install/mybuddy:/home/kim-jayeon/camera_ws/install/myarm_300:/home/kim-jayeon/camera_ws/install/mecharm_pi:/home/kim-jayeon/camera_ws/install/mecharm:/home/kim-jayeon/camera_ws/install/mycobot_description:/opt/ros/jazzy DEBUGINFOD_URLS=https://debuginfod.ubuntu.com /usr/bin/cmake /home/kim-jayeon/Pinkk/ros2_ws/src/pinkk_usb_insertion_interfaces -DAMENT_CMAKE_SYMLINK_INSTALL=1 -DCMAKE_INSTALL_PREFIX=/home/kim-jayeon/Pinkk/ros2_ws/install/pinkk_usb_insertion_interfaces
[0.105s] -- The C compiler identification is GNU 13.3.0
[0.195s] -- The CXX compiler identification is GNU 13.3.0
[0.215s] -- Detecting C compiler ABI info
[0.307s] -- Detecting C compiler ABI info - done
[0.312s] -- Check for working C compiler: /usr/bin/cc - skipped
[0.312s] -- Detecting C compile features
[0.313s] -- Detecting C compile features - done
[0.322s] -- Detecting CXX compiler ABI info
[0.415s] -- Detecting CXX compiler ABI info - done
[0.420s] -- Check for working CXX compiler: /usr/bin/c++ - skipped
[0.421s] -- Detecting CXX compile features
[0.421s] -- Detecting CXX compile features - done
[0.430s] -- Found ament_cmake: 2.5.6 (/opt/ros/jazzy/share/ament_cmake/cmake)
[0.612s] -- Found Python3: /usr/bin/python3 (found version "3.12.3") found components: Interpreter 
[0.685s] -- Override CMake install command with custom implementation using symlinks instead of copying resources
[0.773s] -- Found geometry_msgs: 5.3.8 (/opt/ros/jazzy/share/geometry_msgs/cmake)
[0.850s] -- Found rosidl_generator_c: 4.6.9 (/opt/ros/jazzy/share/rosidl_generator_c/cmake)
[0.872s] -- Found rosidl_generator_cpp: 4.6.9 (/opt/ros/jazzy/share/rosidl_generator_cpp/cmake)
[0.899s] -- Using all available rosidl_typesupport_c: rosidl_typesupport_fastrtps_c;rosidl_typesupport_introspection_c
[0.927s] -- Using all available rosidl_typesupport_cpp: rosidl_typesupport_fastrtps_cpp;rosidl_typesupport_introspection_cpp
[0.987s] -- Found rosidl_default_generators: 1.6.1 (/opt/ros/jazzy/share/rosidl_default_generators/cmake)
[1.026s] -- Found rosidl_adapter: 4.6.9 (/opt/ros/jazzy/share/rosidl_adapter/cmake)
[1.033s] -- Found vision_msgs: 4.1.1 (/opt/ros/jazzy/share/vision_msgs/cmake)
[1.732s] -- Found ament_cmake_ros: 0.12.1 (/opt/ros/jazzy/share/ament_cmake_ros/cmake)
[2.569s] -- Using all available rosidl_typesupport_c: rosidl_typesupport_fastrtps_c;rosidl_typesupport_introspection_c
[2.899s] -- Using all available rosidl_typesupport_cpp: rosidl_typesupport_fastrtps_cpp;rosidl_typesupport_introspection_cpp
[2.910s] -- Found python_cmake_module: 0.11.1 (/opt/ros/jazzy/share/python_cmake_module/cmake)
[3.050s] -- Found PythonExtra: /usr/bin/python3  
[3.474s] -- Found Python3: /usr/bin/python3 (found version "3.12.3") found components: Interpreter Development NumPy Development.Module Development.Embed 
[3.581s] -- Found Python3: /usr/bin/python3 (found version "3.12.3") found components: Interpreter 
[3.592s] -- Configuring done (3.6s)
[3.634s] -- Generating done (0.0s)
[3.644s] -- Build files have been written to: /home/kim-jayeon/Pinkk/ros2_ws/build/pinkk_usb_insertion_interfaces
[3.662s] Invoked command in '/home/kim-jayeon/Pinkk/ros2_ws/build/pinkk_usb_insertion_interfaces' returned '0': CMAKE_PREFIX_PATH=${CMAKE_PREFIX_PATH}:/home/kim-jayeon/Pinkk/ros2_ws/install/pinkk_mycobot_bridge:/home/kim-jayeon/Pinkk/ros2_ws/install/pinkk_handeye_automation:/home/kim-jayeon/camera_ws/install/ultraarm:/home/kim-jayeon/camera_ws/install/pro450_moveit2_control:/home/kim-jayeon/camera_ws/install/mypalletizer_communication:/home/kim-jayeon/camera_ws/install/mypalletizer_260_pi:/home/kim-jayeon/camera_ws/install/mypalletizer_260:/home/kim-jayeon/camera_ws/install/mycobot_pro_450:/home/kim-jayeon/camera_ws/install/myarm_m750:/home/kim-jayeon/camera_ws/install/myarm_c650:/home/kim-jayeon/camera_ws/install/mycobot_communication:/home/kim-jayeon/camera_ws/install/mecharm_communication:/home/kim-jayeon/camera_ws/install/mycobot_630:/home/kim-jayeon/camera_ws/install/mycobot_600:/home/kim-jayeon/camera_ws/install/mycobot_320pi:/home/kim-jayeon/camera_ws/install/mycobot_320_riscv:/home/kim-jayeon/camera_ws/install/mycobot_320:/home/kim-jayeon/camera_ws/install/mycobot_280pi:/home/kim-jayeon/camera_ws/install/mycobot_280jn:/home/kim-jayeon/camera_ws/install/mycobot_280_x3pi:/home/kim-jayeon/camera_ws/install/mycobot_280_riscv:/home/kim-jayeon/camera_ws/install/mycobot_280_rdkx5:/home/kim-jayeon/camera_ws/install/mycobot_280_moveit2_control:/home/kim-jayeon/camera_ws/install/mycobot_280_arduino:/home/kim-jayeon/camera_ws/install/mycobot_280:/home/kim-jayeon/camera_ws/install/mybuddy:/home/kim-jayeon/camera_ws/install/myarm_300:/home/kim-jayeon/camera_ws/install/mecharm_pi:/home/kim-jayeon/camera_ws/install/mecharm:/home/kim-jayeon/camera_ws/install/mycobot_description:/opt/ros/jazzy DEBUGINFOD_URLS=https://debuginfod.ubuntu.com /usr/bin/cmake /home/kim-jayeon/Pinkk/ros2_ws/src/pinkk_usb_insertion_interfaces -DAMENT_CMAKE_SYMLINK_INSTALL=1 -DCMAKE_INSTALL_PREFIX=/home/kim-jayeon/Pinkk/ros2_ws/install/pinkk_usb_insertion_interfaces
[3.663s] Invoking command in '/home/kim-jayeon/Pinkk/ros2_ws/build/pinkk_usb_insertion_interfaces': CMAKE_PREFIX_PATH=${CMAKE_PREFIX_PATH}:/home/kim-jayeon/Pinkk/ros2_ws/install/pinkk_mycobot_bridge:/home/kim-jayeon/Pinkk/ros2_ws/install/pinkk_handeye_automation:/home/kim-jayeon/camera_ws/install/ultraarm:/home/kim-jayeon/camera_ws/install/pro450_moveit2_control:/home/kim-jayeon/camera_ws/install/mypalletizer_communication:/home/kim-jayeon/camera_ws/install/mypalletizer_260_pi:/home/kim-jayeon/camera_ws/install/mypalletizer_260:/home/kim-jayeon/camera_ws/install/mycobot_pro_450:/home/kim-jayeon/camera_ws/install/myarm_m750:/home/kim-jayeon/camera_ws/install/myarm_c650:/home/kim-jayeon/camera_ws/install/mycobot_communication:/home/kim-jayeon/camera_ws/install/mecharm_communication:/home/kim-jayeon/camera_ws/install/mycobot_630:/home/kim-jayeon/camera_ws/install/mycobot_600:/home/kim-jayeon/camera_ws/install/mycobot_320pi:/home/kim-jayeon/camera_ws/install/mycobot_320_riscv:/home/kim-jayeon/camera_ws/install/mycobot_320:/home/kim-jayeon/camera_ws/install/mycobot_280pi:/home/kim-jayeon/camera_ws/install/mycobot_280jn:/home/kim-jayeon/camera_ws/install/mycobot_280_x3pi:/home/kim-jayeon/camera_ws/install/mycobot_280_riscv:/home/kim-jayeon/camera_ws/install/mycobot_280_rdkx5:/home/kim-jayeon/camera_ws/install/mycobot_280_moveit2_control:/home/kim-jayeon/camera_ws/install/mycobot_280_arduino:/home/kim-jayeon/camera_ws/install/mycobot_280:/home/kim-jayeon/camera_ws/install/mybuddy:/home/kim-jayeon/camera_ws/install/myarm_300:/home/kim-jayeon/camera_ws/install/mecharm_pi:/home/kim-jayeon/camera_ws/install/mecharm:/home/kim-jayeon/camera_ws/install/mycobot_description:/opt/ros/jazzy DEBUGINFOD_URLS=https://debuginfod.ubuntu.com /usr/bin/cmake --build /home/kim-jayeon/Pinkk/ros2_ws/build/pinkk_usb_insertion_interfaces -- -j16 -l16
[3.720s] [  1%] [34m[1mGenerating type hashes for ROS interfaces[0m
[3.720s] [  2%] [34m[1mGenerating Rust code for ROS interfaces[0m
[3.727s] [  2%] Built target ament_cmake_python_symlink_pinkk_usb_insertion_interfaces
[3.937s] running egg_info
[3.938s] creating pinkk_usb_insertion_interfaces.egg-info
[3.968s] writing pinkk_usb_insertion_interfaces.egg-info/PKG-INFO
[3.968s] writing dependency_links to pinkk_usb_insertion_interfaces.egg-info/dependency_links.txt
[3.968s] writing top-level names to pinkk_usb_insertion_interfaces.egg-info/top_level.txt
[3.969s] writing manifest file 'pinkk_usb_insertion_interfaces.egg-info/SOURCES.txt'
[3.972s] [  2%] Built target pinkk_usb_insertion_interfaces__rosidl_generator_type_description
[3.984s] [  4%] [34m[1mGenerating C code for ROS interfaces[0m
[3.997s] [  5%] [34m[1mGenerating C++ code for ROS interfaces[0m
[4.002s] [  5%] Built target pinkk_usb_insertion_interfaces__rs
[4.024s] reading manifest file 'pinkk_usb_insertion_interfaces.egg-info/SOURCES.txt'
[4.024s] writing manifest file 'pinkk_usb_insertion_interfaces.egg-info/SOURCES.txt'
[4.048s] [  5%] Built target ament_cmake_python_build_pinkk_usb_insertion_interfaces_egg
[4.400s] [  5%] Built target pinkk_usb_insertion_interfaces__cpp
[4.476s] [ 12%] [32mBuilding C object CMakeFiles/pinkk_usb_insertion_interfaces__rosidl_generator_c.dir/rosidl_generator_c/pinkk_usb_insertion_interfaces/action/detail/cartesian_move__type_support.c.o[0m
[4.476s] [ 12%] [32mBuilding C object CMakeFiles/pinkk_usb_insertion_interfaces__rosidl_generator_c.dir/rosidl_generator_c/pinkk_usb_insertion_interfaces/action/detail/cartesian_move__functions.c.o[0m
[4.476s] [ 12%] [32mBuilding C object CMakeFiles/pinkk_usb_insertion_interfaces__rosidl_generator_c.dir/rosidl_generator_c/pinkk_usb_insertion_interfaces/msg/detail/keypoint2_d__description.c.o[0m
[4.476s] [ 12%] [32mBuilding C object CMakeFiles/pinkk_usb_insertion_interfaces__rosidl_generator_c.dir/rosidl_generator_c/pinkk_usb_insertion_interfaces/msg/detail/keypoint2_d__functions.c.o[0m
[4.476s] [ 16%] [32mBuilding C object CMakeFiles/pinkk_usb_insertion_interfaces__rosidl_generator_c.dir/rosidl_generator_c/pinkk_usb_insertion_interfaces/msg/detail/usb_port_detection__description.c.o[0m
[4.476s] [ 16%] [32mBuilding C object CMakeFiles/pinkk_usb_insertion_interfaces__rosidl_generator_c.dir/rosidl_generator_c/pinkk_usb_insertion_interfaces/msg/detail/usb_port_detection__type_support.c.o[0m
[4.477s] [ 17%] [32mBuilding C object CMakeFiles/pinkk_usb_insertion_interfaces__rosidl_generator_c.dir/rosidl_generator_c/pinkk_usb_insertion_interfaces/msg/detail/usb_port_detection_array__type_support.c.o[0m
[4.477s] [ 20%] [32mBuilding C object CMakeFiles/pinkk_usb_insertion_interfaces__rosidl_generator_c.dir/rosidl_generator_c/pinkk_usb_insertion_interfaces/msg/detail/usb_port_detection_array__description.c.o[0m
[4.477s] [ 20%] [32mBuilding C object CMakeFiles/pinkk_usb_insertion_interfaces__rosidl_generator_c.dir/rosidl_generator_c/pinkk_usb_insertion_interfaces/msg/detail/usb_port_detection_array__functions.c.o[0m
[4.477s] [ 21%] [32mBuilding C object CMakeFiles/pinkk_usb_insertion_interfaces__rosidl_generator_c.dir/rosidl_generator_c/pinkk_usb_insertion_interfaces/msg/detail/keypoint2_d__type_support.c.o[0m
[4.477s] [ 21%] [32mBuilding C object CMakeFiles/pinkk_usb_insertion_interfaces__rosidl_generator_c.dir/rosidl_generator_c/pinkk_usb_insertion_interfaces/msg/detail/usb_port_detection__functions.c.o[0m
[4.479s] [ 21%] [32mBuilding C object CMakeFiles/pinkk_usb_insertion_interfaces__rosidl_generator_c.dir/rosidl_generator_c/pinkk_usb_insertion_interfaces/action/detail/cartesian_move__description.c.o[0m
[4.479s] [ 22%] [32mBuilding C object CMakeFiles/pinkk_usb_insertion_interfaces__rosidl_generator_c.dir/rosidl_generator_c/pinkk_usb_insertion_interfaces/msg/detail/usb_port_observation__type_support.c.o[0m
[4.480s] [ 24%] [32mBuilding C object CMakeFiles/pinkk_usb_insertion_interfaces__rosidl_generator_c.dir/rosidl_generator_c/pinkk_usb_insertion_interfaces/msg/detail/usb_port_observation__description.c.o[0m
[4.480s] [ 25%] [32mBuilding C object CMakeFiles/pinkk_usb_insertion_interfaces__rosidl_generator_c.dir/rosidl_generator_c/pinkk_usb_insertion_interfaces/msg/detail/usb_port_observation__functions.c.o[0m
[4.608s] [ 26%] [32m[1mLinking C shared library libpinkk_usb_insertion_interfaces__rosidl_generator_c.so[0m
[4.649s] [ 26%] Built target pinkk_usb_insertion_interfaces__rosidl_generator_c
[4.659s] [ 33%] [34m[1mGenerating C type support dispatch for ROS interfaces[0m
[4.659s] [ 33%] [34m[1mGenerating C++ type support for eProsima Fast-RTPS[0m
[4.659s] [ 33%] [34m[1mGenerating C type support for eProsima Fast-RTPS[0m
[4.659s] [ 33%] [34m[1mGenerating C++ type support dispatch for ROS interfaces[0m
[4.659s] [ 33%] [34m[1mGenerating C++ introspection for ROS interfaces[0m
[4.659s] [ 34%] [34m[1mGenerating C introspection for ROS interfaces[0m
[4.979s] [ 37%] [32mBuilding CXX object CMakeFiles/pinkk_usb_insertion_interfaces__rosidl_typesupport_cpp.dir/rosidl_typesupport_cpp/pinkk_usb_insertion_interfaces/msg/usb_port_detection_array__type_support.cpp.o[0m
[4.979s] [ 37%] [32mBuilding CXX object CMakeFiles/pinkk_usb_insertion_interfaces__rosidl_typesupport_cpp.dir/rosidl_typesupport_cpp/pinkk_usb_insertion_interfaces/msg/keypoint2_d__type_support.cpp.o[0m
[4.979s] [ 38%] [32mBuilding CXX object CMakeFiles/pinkk_usb_insertion_interfaces__rosidl_typesupport_cpp.dir/rosidl_typesupport_cpp/pinkk_usb_insertion_interfaces/action/cartesian_move__type_support.cpp.o[0m
[4.981s] [ 40%] [32mBuilding CXX object CMakeFiles/pinkk_usb_insertion_interfaces__rosidl_typesupport_cpp.dir/rosidl_typesupport_cpp/pinkk_usb_insertion_interfaces/msg/usb_port_observation__type_support.cpp.o[0m
[4.981s] [ 41%] [32mBuilding CXX object CMakeFiles/pinkk_usb_insertion_interfaces__rosidl_typesupport_cpp.dir/rosidl_typesupport_cpp/pinkk_usb_insertion_interfaces/msg/usb_port_detection__type_support.cpp.o[0m
[4.995s] [ 46%] [32mBuilding CXX object CMakeFiles/pinkk_usb_insertion_interfaces__rosidl_typesupport_c.dir/rosidl_typesupport_c/pinkk_usb_insertion_interfaces/msg/usb_port_detection_array__type_support.cpp.o[0m
[4.995s] [ 46%] [32mBuilding CXX object CMakeFiles/pinkk_usb_insertion_interfaces__rosidl_typesupport_c.dir/rosidl_typesupport_c/pinkk_usb_insertion_interfaces/msg/usb_port_detection__type_support.cpp.o[0m
[4.995s] [ 46%] [32mBuilding CXX object CMakeFiles/pinkk_usb_insertion_interfaces__rosidl_typesupport_c.dir/rosidl_typesupport_c/pinkk_usb_insertion_interfaces/msg/usb_port_observation__type_support.cpp.o[0m
[4.995s] [ 46%] [32mBuilding CXX object CMakeFiles/pinkk_usb_insertion_interfaces__rosidl_typesupport_c.dir/rosidl_typesupport_c/pinkk_usb_insertion_interfaces/msg/keypoint2_d__type_support.cpp.o[0m
[5.004s] [ 48%] [32mBuilding CXX object CMakeFiles/pinkk_usb_insertion_interfaces__rosidl_typesupport_c.dir/rosidl_typesupport_c/pinkk_usb_insertion_interfaces/action/cartesian_move__type_support.cpp.o[0m
[5.086s] [ 54%] [32m[1mLinking CXX shared library libpinkk_usb_insertion_interfaces__rosidl_typesupport_c.so[0m
[5.086s] [ 54%] [32mBuilding CXX object CMakeFiles/pinkk_usb_insertion_interfaces__rosidl_typesupport_introspection_cpp.dir/rosidl_typesupport_introspection_cpp/pinkk_usb_insertion_interfaces/action/detail/cartesian_move__type_support.cpp.o[0m
[5.086s] [ 54%] [32mBuilding CXX object CMakeFiles/pinkk_usb_insertion_interfaces__rosidl_typesupport_introspection_cpp.dir/rosidl_typesupport_introspection_cpp/pinkk_usb_insertion_interfaces/msg/detail/keypoint2_d__type_support.cpp.o[0m
[5.086s] [ 54%] [32mBuilding CXX object CMakeFiles/pinkk_usb_insertion_interfaces__rosidl_typesupport_introspection_cpp.dir/rosidl_typesupport_introspection_cpp/pinkk_usb_insertion_interfaces/msg/detail/usb_port_detection_array__type_support.cpp.o[0m
[5.086s] [ 54%] [32mBuilding CXX object CMakeFiles/pinkk_usb_insertion_interfaces__rosidl_typesupport_introspection_cpp.dir/rosidl_typesupport_introspection_cpp/pinkk_usb_insertion_interfaces/msg/detail/usb_port_observation__type_support.cpp.o[0m
[5.086s] [ 56%] [32mBuilding CXX object CMakeFiles/pinkk_usb_insertion_interfaces__rosidl_typesupport_introspection_cpp.dir/rosidl_typesupport_introspection_cpp/pinkk_usb_insertion_interfaces/msg/detail/usb_port_detection__type_support.cpp.o[0m
[5.106s] [ 57%] [32mBuilding C object CMakeFiles/pinkk_usb_insertion_interfaces__rosidl_typesupport_introspection_c.dir/rosidl_typesupport_introspection_c/pinkk_usb_insertion_interfaces/action/detail/cartesian_move__type_support.c.o[0m
[5.110s] [ 58%] [32mBuilding C object CMakeFiles/pinkk_usb_insertion_interfaces__rosidl_typesupport_introspection_c.dir/rosidl_typesupport_introspection_c/pinkk_usb_insertion_interfaces/msg/detail/usb_port_detection__type_support.c.o[0m
[5.111s] [ 60%] [32mBuilding C object CMakeFiles/pinkk_usb_insertion_interfaces__rosidl_typesupport_introspection_c.dir/rosidl_typesupport_introspection_c/pinkk_usb_insertion_interfaces/msg/detail/keypoint2_d__type_support.c.o[0m
[5.159s] [ 60%] Built target pinkk_usb_insertion_interfaces__rosidl_typesupport_c
[5.170s] [ 61%] [32mBuilding C object CMakeFiles/pinkk_usb_insertion_interfaces__rosidl_typesupport_introspection_c.dir/rosidl_typesupport_introspection_c/pinkk_usb_insertion_interfaces/msg/detail/usb_port_detection_array__type_support.c.o[0m
[5.174s] [ 62%] [32mBuilding C object CMakeFiles/pinkk_usb_insertion_interfaces__rosidl_typesupport_introspection_c.dir/rosidl_typesupport_introspection_c/pinkk_usb_insertion_interfaces/msg/detail/usb_port_observation__type_support.c.o[0m
[5.232s] [ 64%] [32m[1mLinking C shared library libpinkk_usb_insertion_interfaces__rosidl_typesupport_introspection_c.so[0m
[5.305s] [ 64%] Built target pinkk_usb_insertion_interfaces__rosidl_typesupport_introspection_c
[5.323s] [ 66%] [32mBuilding CXX object CMakeFiles/pinkk_usb_insertion_interfaces__rosidl_typesupport_fastrtps_cpp.dir/rosidl_typesupport_fastrtps_cpp/pinkk_usb_insertion_interfaces/msg/detail/dds_fastrtps/usb_port_detection__type_support.cpp.o[0m
[5.323s] [ 66%] [32mBuilding CXX object CMakeFiles/pinkk_usb_insertion_interfaces__rosidl_typesupport_fastrtps_cpp.dir/rosidl_typesupport_fastrtps_cpp/pinkk_usb_insertion_interfaces/action/detail/dds_fastrtps/cartesian_move__type_support.cpp.o[0m
[5.324s] [ 68%] [32mBuilding CXX object CMakeFiles/pinkk_usb_insertion_interfaces__rosidl_typesupport_fastrtps_cpp.dir/rosidl_typesupport_fastrtps_cpp/pinkk_usb_insertion_interfaces/msg/detail/dds_fastrtps/keypoint2_d__type_support.cpp.o[0m
[5.335s] [ 69%] [32mBuilding CXX object CMakeFiles/pinkk_usb_insertion_interfaces__rosidl_typesupport_fastrtps_cpp.dir/rosidl_typesupport_fastrtps_cpp/pinkk_usb_insertion_interfaces/msg/detail/dds_fastrtps/usb_port_detection_array__type_support.cpp.o[0m
[5.337s] [ 70%] [32mBuilding CXX object CMakeFiles/pinkk_usb_insertion_interfaces__rosidl_typesupport_fastrtps_cpp.dir/rosidl_typesupport_fastrtps_cpp/pinkk_usb_insertion_interfaces/msg/detail/dds_fastrtps/usb_port_observation__type_support.cpp.o[0m
[5.438s] [ 77%] [32mBuilding CXX object CMakeFiles/pinkk_usb_insertion_interfaces__rosidl_typesupport_fastrtps_c.dir/rosidl_typesupport_fastrtps_c/pinkk_usb_insertion_interfaces/msg/detail/keypoint2_d__type_support_c.cpp.o[0m
[5.438s] [ 77%] [32mBuilding CXX object CMakeFiles/pinkk_usb_insertion_interfaces__rosidl_typesupport_fastrtps_c.dir/rosidl_typesupport_fastrtps_c/pinkk_usb_insertion_interfaces/action/detail/cartesian_move__type_support_c.cpp.o[0m
[5.438s] [ 77%] [32mBuilding CXX object CMakeFiles/pinkk_usb_insertion_interfaces__rosidl_typesupport_fastrtps_c.dir/rosidl_typesupport_fastrtps_c/pinkk_usb_insertion_interfaces/msg/detail/usb_port_detection__type_support_c.cpp.o[0m
[5.439s] [ 77%] [32mBuilding CXX object CMakeFiles/pinkk_usb_insertion_interfaces__rosidl_typesupport_fastrtps_c.dir/rosidl_typesupport_fastrtps_c/pinkk_usb_insertion_interfaces/msg/detail/usb_port_observation__type_support_c.cpp.o[0m
[5.439s] [ 77%] [32mBuilding CXX object CMakeFiles/pinkk_usb_insertion_interfaces__rosidl_typesupport_fastrtps_c.dir/rosidl_typesupport_fastrtps_c/pinkk_usb_insertion_interfaces/msg/detail/usb_port_detection_array__type_support_c.cpp.o[0m
[5.830s] [ 78%] [32m[1mLinking CXX shared library libpinkk_usb_insertion_interfaces__rosidl_typesupport_cpp.so[0m
[5.913s] [ 78%] Built target pinkk_usb_insertion_interfaces__rosidl_typesupport_cpp
[5.925s] [ 80%] [32m[1mLinking CXX shared library libpinkk_usb_insertion_interfaces__rosidl_typesupport_introspection_cpp.so[0m
[5.995s] [ 80%] Built target pinkk_usb_insertion_interfaces__rosidl_typesupport_introspection_cpp
[6.011s] [ 81%] [32m[1mLinking CXX shared library libpinkk_usb_insertion_interfaces__rosidl_typesupport_fastrtps_c.so[0m
[6.080s] [ 81%] Built target pinkk_usb_insertion_interfaces__rosidl_typesupport_fastrtps_c
[6.140s] [ 82%] [32m[1mLinking CXX shared library libpinkk_usb_insertion_interfaces__rosidl_typesupport_fastrtps_cpp.so[0m
[6.208s] [ 82%] Built target pinkk_usb_insertion_interfaces__rosidl_typesupport_fastrtps_cpp
[6.229s] [ 82%] Built target pinkk_usb_insertion_interfaces
[6.252s] [ 84%] [34m[1mGenerating Python code for ROS interfaces[0m
[6.888s] [ 84%] Built target pinkk_usb_insertion_interfaces__py
[6.910s] [ 90%] [32mBuilding C object CMakeFiles/pinkk_usb_insertion_interfaces__rosidl_generator_py.dir/rosidl_generator_py/pinkk_usb_insertion_interfaces/msg/_usb_port_detection_s.c.o[0m
[6.910s] [ 90%] [32mBuilding C object CMakeFiles/pinkk_usb_insertion_interfaces__rosidl_generator_py.dir/rosidl_generator_py/pinkk_usb_insertion_interfaces/action/_cartesian_move_s.c.o[0m
[6.910s] [ 90%] [32mBuilding C object CMakeFiles/pinkk_usb_insertion_interfaces__rosidl_generator_py.dir/rosidl_generator_py/pinkk_usb_insertion_interfaces/msg/_keypoint2_d_s.c.o[0m
[6.910s] [ 90%] [32mBuilding C object CMakeFiles/pinkk_usb_insertion_interfaces__rosidl_generator_py.dir/rosidl_generator_py/pinkk_usb_insertion_interfaces/msg/_usb_port_detection_array_s.c.o[0m
[6.910s] [ 90%] [32mBuilding C object CMakeFiles/pinkk_usb_insertion_interfaces__rosidl_generator_py.dir/rosidl_generator_py/pinkk_usb_insertion_interfaces/msg/_usb_port_observation_s.c.o[0m
[7.073s] [ 92%] [32m[1mLinking C shared library libpinkk_usb_insertion_interfaces__rosidl_generator_py.so[0m
[7.123s] [ 92%] Built target pinkk_usb_insertion_interfaces__rosidl_generator_py
[7.141s] [ 94%] [32mBuilding C object CMakeFiles/pinkk_usb_insertion_interfaces_s__rosidl_typesupport_introspection_c.dir/rosidl_generator_py/pinkk_usb_insertion_interfaces/_pinkk_usb_insertion_interfaces_s.ep.rosidl_typesupport_introspection_c.c.o[0m
[7.141s] [ 94%] [32mBuilding C object CMakeFiles/pinkk_usb_insertion_interfaces_s__rosidl_typesupport_fastrtps_c.dir/rosidl_generator_py/pinkk_usb_insertion_interfaces/_pinkk_usb_insertion_interfaces_s.ep.rosidl_typesupport_fastrtps_c.c.o[0m
[7.143s] [ 96%] [32mBuilding C object CMakeFiles/pinkk_usb_insertion_interfaces_s__rosidl_typesupport_c.dir/rosidl_generator_py/pinkk_usb_insertion_interfaces/_pinkk_usb_insertion_interfaces_s.ep.rosidl_typesupport_c.c.o[0m
[7.238s] [ 97%] [32m[1mLinking C shared module rosidl_generator_py/pinkk_usb_insertion_interfaces/pinkk_usb_insertion_interfaces_s__rosidl_typesupport_c.so[0m
[7.240s] [ 98%] [32m[1mLinking C shared module rosidl_generator_py/pinkk_usb_insertion_interfaces/pinkk_usb_insertion_interfaces_s__rosidl_typesupport_introspection_c.so[0m
[7.244s] [100%] [32m[1mLinking C shared module rosidl_generator_py/pinkk_usb_insertion_interfaces/pinkk_usb_insertion_interfaces_s__rosidl_typesupport_fastrtps_c.so[0m
[7.270s] [100%] Built target pinkk_usb_insertion_interfaces_s__rosidl_typesupport_c
[7.271s] [100%] Built target pinkk_usb_insertion_interfaces_s__rosidl_typesupport_introspection_c
[7.277s] [100%] Built target pinkk_usb_insertion_interfaces_s__rosidl_typesupport_fastrtps_c
[7.289s] Invoked command in '/home/kim-jayeon/Pinkk/ros2_ws/build/pinkk_usb_insertion_interfaces' returned '0': CMAKE_PREFIX_PATH=${CMAKE_PREFIX_PATH}:/home/kim-jayeon/Pinkk/ros2_ws/install/pinkk_mycobot_bridge:/home/kim-jayeon/Pinkk/ros2_ws/install/pinkk_handeye_automation:/home/kim-jayeon/camera_ws/install/ultraarm:/home/kim-jayeon/camera_ws/install/pro450_moveit2_control:/home/kim-jayeon/camera_ws/install/mypalletizer_communication:/home/kim-jayeon/camera_ws/install/mypalletizer_260_pi:/home/kim-jayeon/camera_ws/install/mypalletizer_260:/home/kim-jayeon/camera_ws/install/mycobot_pro_450:/home/kim-jayeon/camera_ws/install/myarm_m750:/home/kim-jayeon/camera_ws/install/myarm_c650:/home/kim-jayeon/camera_ws/install/mycobot_communication:/home/kim-jayeon/camera_ws/install/mecharm_communication:/home/kim-jayeon/camera_ws/install/mycobot_630:/home/kim-jayeon/camera_ws/install/mycobot_600:/home/kim-jayeon/camera_ws/install/mycobot_320pi:/home/kim-jayeon/camera_ws/install/mycobot_320_riscv:/home/kim-jayeon/camera_ws/install/mycobot_320:/home/kim-jayeon/camera_ws/install/mycobot_280pi:/home/kim-jayeon/camera_ws/install/mycobot_280jn:/home/kim-jayeon/camera_ws/install/mycobot_280_x3pi:/home/kim-jayeon/camera_ws/install/mycobot_280_riscv:/home/kim-jayeon/camera_ws/install/mycobot_280_rdkx5:/home/kim-jayeon/camera_ws/install/mycobot_280_moveit2_control:/home/kim-jayeon/camera_ws/install/mycobot_280_arduino:/home/kim-jayeon/camera_ws/install/mycobot_280:/home/kim-jayeon/camera_ws/install/mybuddy:/home/kim-jayeon/camera_ws/install/myarm_300:/home/kim-jayeon/camera_ws/install/mecharm_pi:/home/kim-jayeon/camera_ws/install/mecharm:/home/kim-jayeon/camera_ws/install/mycobot_description:/opt/ros/jazzy DEBUGINFOD_URLS=https://debuginfod.ubuntu.com /usr/bin/cmake --build /home/kim-jayeon/Pinkk/ros2_ws/build/pinkk_usb_insertion_interfaces -- -j16 -l16
[7.301s] Invoking command in '/home/kim-jayeon/Pinkk/ros2_ws/build/pinkk_usb_insertion_interfaces': CMAKE_PREFIX_PATH=${CMAKE_PREFIX_PATH}:/home/kim-jayeon/Pinkk/ros2_ws/install/pinkk_mycobot_bridge:/home/kim-jayeon/Pinkk/ros2_ws/install/pinkk_handeye_automation:/home/kim-jayeon/camera_ws/install/ultraarm:/home/kim-jayeon/camera_ws/install/pro450_moveit2_control:/home/kim-jayeon/camera_ws/install/mypalletizer_communication:/home/kim-jayeon/camera_ws/install/mypalletizer_260_pi:/home/kim-jayeon/camera_ws/install/mypalletizer_260:/home/kim-jayeon/camera_ws/install/mycobot_pro_450:/home/kim-jayeon/camera_ws/install/myarm_m750:/home/kim-jayeon/camera_ws/install/myarm_c650:/home/kim-jayeon/camera_ws/install/mycobot_communication:/home/kim-jayeon/camera_ws/install/mecharm_communication:/home/kim-jayeon/camera_ws/install/mycobot_630:/home/kim-jayeon/camera_ws/install/mycobot_600:/home/kim-jayeon/camera_ws/install/mycobot_320pi:/home/kim-jayeon/camera_ws/install/mycobot_320_riscv:/home/kim-jayeon/camera_ws/install/mycobot_320:/home/kim-jayeon/camera_ws/install/mycobot_280pi:/home/kim-jayeon/camera_ws/install/mycobot_280jn:/home/kim-jayeon/camera_ws/install/mycobot_280_x3pi:/home/kim-jayeon/camera_ws/install/mycobot_280_riscv:/home/kim-jayeon/camera_ws/install/mycobot_280_rdkx5:/home/kim-jayeon/camera_ws/install/mycobot_280_moveit2_control:/home/kim-jayeon/camera_ws/install/mycobot_280_arduino:/home/kim-jayeon/camera_ws/install/mycobot_280:/home/kim-jayeon/camera_ws/install/mybuddy:/home/kim-jayeon/camera_ws/install/myarm_300:/home/kim-jayeon/camera_ws/install/mecharm_pi:/home/kim-jayeon/camera_ws/install/mecharm:/home/kim-jayeon/camera_ws/install/mycobot_description:/opt/ros/jazzy DEBUGINFOD_URLS=https://debuginfod.ubuntu.com /usr/bin/cmake --install /home/kim-jayeon/Pinkk/ros2_ws/build/pinkk_usb_insertion_interfaces
[7.309s] -- Install configuration: ""
[7.309s] -- Execute custom install script
[7.310s] -- Symlinking: /home/kim-jayeon/Pinkk/ros2_ws/install/pinkk_usb_insertion_interfaces/share/ament_index/resource_index/rosidl_interfaces/pinkk_usb_insertion_interfaces
[7.318s] -- Symlinking: /home/kim-jayeon/Pinkk/ros2_ws/install/pinkk_usb_insertion_interfaces/share/pinkk_usb_insertion_interfaces/action/CartesianMove.json
[7.327s] -- Symlinking: /home/kim-jayeon/Pinkk/ros2_ws/install/pinkk_usb_insertion_interfaces/share/pinkk_usb_insertion_interfaces/msg/Keypoint2D.json
[7.335s] -- Symlinking: /home/kim-jayeon/Pinkk/ros2_ws/install/pinkk_usb_insertion_interfaces/share/pinkk_usb_insertion_interfaces/msg/UsbPortDetection.json
[7.345s] -- Symlinking: /home/kim-jayeon/Pinkk/ros2_ws/install/pinkk_usb_insertion_interfaces/share/pinkk_usb_insertion_interfaces/msg/UsbPortDetectionArray.json
[7.353s] -- Symlinking: /home/kim-jayeon/Pinkk/ros2_ws/install/pinkk_usb_insertion_interfaces/share/pinkk_usb_insertion_interfaces/msg/UsbPortObservation.json
[7.362s] -- Symlinking: /home/kim-jayeon/Pinkk/ros2_ws/install/pinkk_usb_insertion_interfaces/include/pinkk_usb_insertion_interfaces/pinkk_usb_insertion_interfaces/action/cartesian_move.h
[7.371s] -- Symlinking: /home/kim-jayeon/Pinkk/ros2_ws/install/pinkk_usb_insertion_interfaces/include/pinkk_usb_insertion_interfaces/pinkk_usb_insertion_interfaces/action/detail/cartesian_move__functions.h
[7.380s] -- Symlinking: /home/kim-jayeon/Pinkk/ros2_ws/install/pinkk_usb_insertion_interfaces/include/pinkk_usb_insertion_interfaces/pinkk_usb_insertion_interfaces/action/detail/cartesian_move__struct.h
[7.388s] -- Symlinking: /home/kim-jayeon/Pinkk/ros2_ws/install/pinkk_usb_insertion_interfaces/include/pinkk_usb_insertion_interfaces/pinkk_usb_insertion_interfaces/action/detail/cartesian_move__type_support.h
[7.397s] -- Symlinking: /home/kim-jayeon/Pinkk/ros2_ws/install/pinkk_usb_insertion_interfaces/include/pinkk_usb_insertion_interfaces/pinkk_usb_insertion_interfaces/msg/detail/keypoint2_d__functions.h
[7.405s] -- Symlinking: /home/kim-jayeon/Pinkk/ros2_ws/install/pinkk_usb_insertion_interfaces/include/pinkk_usb_insertion_interfaces/pinkk_usb_insertion_interfaces/msg/detail/keypoint2_d__struct.h
[7.414s] -- Symlinking: /home/kim-jayeon/Pinkk/ros2_ws/install/pinkk_usb_insertion_interfaces/include/pinkk_usb_insertion_interfaces/pinkk_usb_insertion_interfaces/msg/detail/keypoint2_d__type_support.h
[7.423s] -- Symlinking: /home/kim-jayeon/Pinkk/ros2_ws/install/pinkk_usb_insertion_interfaces/include/pinkk_usb_insertion_interfaces/pinkk_usb_insertion_interfaces/msg/detail/usb_port_detection__functions.h
[7.432s] -- Symlinking: /home/kim-jayeon/Pinkk/ros2_ws/install/pinkk_usb_insertion_interfaces/include/pinkk_usb_insertion_interfaces/pinkk_usb_insertion_interfaces/msg/detail/usb_port_detection__struct.h
[7.443s] -- Symlinking: /home/kim-jayeon/Pinkk/ros2_ws/install/pinkk_usb_insertion_interfaces/include/pinkk_usb_insertion_interfaces/pinkk_usb_insertion_interfaces/msg/detail/usb_port_detection__type_support.h
[7.452s] -- Symlinking: /home/kim-jayeon/Pinkk/ros2_ws/install/pinkk_usb_insertion_interfaces/include/pinkk_usb_insertion_interfaces/pinkk_usb_insertion_interfaces/msg/detail/usb_port_detection_array__functions.h
[7.462s] -- Symlinking: /home/kim-jayeon/Pinkk/ros2_ws/install/pinkk_usb_insertion_interfaces/include/pinkk_usb_insertion_interfaces/pinkk_usb_insertion_interfaces/msg/detail/usb_port_detection_array__struct.h
[7.470s] -- Symlinking: /home/kim-jayeon/Pinkk/ros2_ws/install/pinkk_usb_insertion_interfaces/include/pinkk_usb_insertion_interfaces/pinkk_usb_insertion_interfaces/msg/detail/usb_port_detection_array__type_support.h
[7.479s] -- Symlinking: /home/kim-jayeon/Pinkk/ros2_ws/install/pinkk_usb_insertion_interfaces/include/pinkk_usb_insertion_interfaces/pinkk_usb_insertion_interfaces/msg/detail/usb_port_observation__functions.h
[7.487s] -- Symlinking: /home/kim-jayeon/Pinkk/ros2_ws/install/pinkk_usb_insertion_interfaces/include/pinkk_usb_insertion_interfaces/pinkk_usb_insertion_interfaces/msg/detail/usb_port_observation__struct.h
[7.495s] -- Symlinking: /home/kim-jayeon/Pinkk/ros2_ws/install/pinkk_usb_insertion_interfaces/include/pinkk_usb_insertion_interfaces/pinkk_usb_insertion_interfaces/msg/detail/usb_port_observation__type_support.h
[7.505s] -- Symlinking: /home/kim-jayeon/Pinkk/ros2_ws/install/pinkk_usb_insertion_interfaces/include/pinkk_usb_insertion_interfaces/pinkk_usb_insertion_interfaces/msg/keypoint2_d.h
[7.513s] -- Symlinking: /home/kim-jayeon/Pinkk/ros2_ws/install/pinkk_usb_insertion_interfaces/include/pinkk_usb_insertion_interfaces/pinkk_usb_insertion_interfaces/msg/rosidl_generator_c__visibility_control.h
[7.521s] -- Symlinking: /home/kim-jayeon/Pinkk/ros2_ws/install/pinkk_usb_insertion_interfaces/include/pinkk_usb_insertion_interfaces/pinkk_usb_insertion_interfaces/msg/usb_port_detection.h
[7.530s] -- Symlinking: /home/kim-jayeon/Pinkk/ros2_ws/install/pinkk_usb_insertion_interfaces/include/pinkk_usb_insertion_interfaces/pinkk_usb_insertion_interfaces/msg/usb_port_detection_array.h
[7.538s] -- Symlinking: /home/kim-jayeon/Pinkk/ros2_ws/install/pinkk_usb_insertion_interfaces/include/pinkk_usb_insertion_interfaces/pinkk_usb_insertion_interfaces/msg/usb_port_observation.h
[7.547s] -- Symlinking: /home/kim-jayeon/Pinkk/ros2_ws/install/pinkk_usb_insertion_interfaces/share/pinkk_usb_insertion_interfaces/environment/library_path.sh
[7.555s] -- Symlinking: /home/kim-jayeon/Pinkk/ros2_ws/install/pinkk_usb_insertion_interfaces/share/pinkk_usb_insertion_interfaces/environment/library_path.dsv
[7.565s] -- Symlinking: /home/kim-jayeon/Pinkk/ros2_ws/install/pinkk_usb_insertion_interfaces/include/pinkk_usb_insertion_interfaces/pinkk_usb_insertion_interfaces/action/detail/cartesian_move__rosidl_typesupport_fastrtps_c.h
[7.574s] -- Symlinking: /home/kim-jayeon/Pinkk/ros2_ws/install/pinkk_usb_insertion_interfaces/include/pinkk_usb_insertion_interfaces/pinkk_usb_insertion_interfaces/msg/detail/keypoint2_d__rosidl_typesupport_fastrtps_c.h
[7.582s] -- Symlinking: /home/kim-jayeon/Pinkk/ros2_ws/install/pinkk_usb_insertion_interfaces/include/pinkk_usb_insertion_interfaces/pinkk_usb_insertion_interfaces/msg/detail/usb_port_detection__rosidl_typesupport_fastrtps_c.h
[7.591s] -- Symlinking: /home/kim-jayeon/Pinkk/ros2_ws/install/pinkk_usb_insertion_interfaces/include/pinkk_usb_insertion_interfaces/pinkk_usb_insertion_interfaces/msg/detail/usb_port_detection_array__rosidl_typesupport_fastrtps_c.h
[7.600s] -- Symlinking: /home/kim-jayeon/Pinkk/ros2_ws/install/pinkk_usb_insertion_interfaces/include/pinkk_usb_insertion_interfaces/pinkk_usb_insertion_interfaces/msg/detail/usb_port_observation__rosidl_typesupport_fastrtps_c.h
[7.608s] -- Symlinking: /home/kim-jayeon/Pinkk/ros2_ws/install/pinkk_usb_insertion_interfaces/include/pinkk_usb_insertion_interfaces/pinkk_usb_insertion_interfaces/msg/rosidl_typesupport_fastrtps_c__visibility_control.h
[7.617s] -- Symlinking: /home/kim-jayeon/Pinkk/ros2_ws/install/pinkk_usb_insertion_interfaces/include/pinkk_usb_insertion_interfaces/pinkk_usb_insertion_interfaces/action/cartesian_move.hpp
[7.625s] -- Symlinking: /home/kim-jayeon/Pinkk/ros2_ws/install/pinkk_usb_insertion_interfaces/include/pinkk_usb_insertion_interfaces/pinkk_usb_insertion_interfaces/action/detail/cartesian_move__builder.hpp
[7.634s] -- Symlinking: /home/kim-jayeon/Pinkk/ros2_ws/install/pinkk_usb_insertion_interfaces/include/pinkk_usb_insertion_interfaces/pinkk_usb_insertion_interfaces/action/detail/cartesian_move__struct.hpp
[7.643s] -- Symlinking: /home/kim-jayeon/Pinkk/ros2_ws/install/pinkk_usb_insertion_interfaces/include/pinkk_usb_insertion_interfaces/pinkk_usb_insertion_interfaces/action/detail/cartesian_move__traits.hpp
[7.654s] -- Symlinking: /home/kim-jayeon/Pinkk/ros2_ws/install/pinkk_usb_insertion_interfaces/include/pinkk_usb_insertion_interfaces/pinkk_usb_insertion_interfaces/action/detail/cartesian_move__type_support.hpp
[7.662s] -- Symlinking: /home/kim-jayeon/Pinkk/ros2_ws/install/pinkk_usb_insertion_interfaces/include/pinkk_usb_insertion_interfaces/pinkk_usb_insertion_interfaces/msg/detail/keypoint2_d__builder.hpp
[7.671s] -- Symlinking: /home/kim-jayeon/Pinkk/ros2_ws/install/pinkk_usb_insertion_interfaces/include/pinkk_usb_insertion_interfaces/pinkk_usb_insertion_interfaces/msg/detail/keypoint2_d__struct.hpp
[7.679s] -- Symlinking: /home/kim-jayeon/Pinkk/ros2_ws/install/pinkk_usb_insertion_interfaces/include/pinkk_usb_insertion_interfaces/pinkk_usb_insertion_interfaces/msg/detail/keypoint2_d__traits.hpp
[7.688s] -- Symlinking: /home/kim-jayeon/Pinkk/ros2_ws/install/pinkk_usb_insertion_interfaces/include/pinkk_usb_insertion_interfaces/pinkk_usb_insertion_interfaces/msg/detail/keypoint2_d__type_support.hpp
[7.697s] -- Symlinking: /home/kim-jayeon/Pinkk/ros2_ws/install/pinkk_usb_insertion_interfaces/include/pinkk_usb_insertion_interfaces/pinkk_usb_insertion_interfaces/msg/detail/usb_port_detection__builder.hpp
[7.706s] -- Symlinking: /home/kim-jayeon/Pinkk/ros2_ws/install/pinkk_usb_insertion_interfaces/include/pinkk_usb_insertion_interfaces/pinkk_usb_insertion_interfaces/msg/detail/usb_port_detection__struct.hpp
[7.715s] -- Symlinking: /home/kim-jayeon/Pinkk/ros2_ws/install/pinkk_usb_insertion_interfaces/include/pinkk_usb_insertion_interfaces/pinkk_usb_insertion_interfaces/msg/detail/usb_port_detection__traits.hpp
[7.724s] -- Symlinking: /home/kim-jayeon/Pinkk/ros2_ws/install/pinkk_usb_insertion_interfaces/include/pinkk_usb_insertion_interfaces/pinkk_usb_insertion_interfaces/msg/detail/usb_port_detection__type_support.hpp
[7.733s] -- Symlinking: /home/kim-jayeon/Pinkk/ros2_ws/install/pinkk_usb_insertion_interfaces/include/pinkk_usb_insertion_interfaces/pinkk_usb_insertion_interfaces/msg/detail/usb_port_detection_array__builder.hpp
[7.740s] -- Symlinking: /home/kim-jayeon/Pinkk/ros2_ws/install/pinkk_usb_insertion_interfaces/include/pinkk_usb_insertion_interfaces/pinkk_usb_insertion_interfaces/msg/detail/usb_port_detection_array__struct.hpp
[7.750s] -- Symlinking: /home/kim-jayeon/Pinkk/ros2_ws/install/pinkk_usb_insertion_interfaces/include/pinkk_usb_insertion_interfaces/pinkk_usb_insertion_interfaces/msg/detail/usb_port_detection_array__traits.hpp
[7.759s] -- Symlinking: /home/kim-jayeon/Pinkk/ros2_ws/install/pinkk_usb_insertion_interfaces/include/pinkk_usb_insertion_interfaces/pinkk_usb_insertion_interfaces/msg/detail/usb_port_detection_array__type_support.hpp
[7.768s] -- Symlinking: /home/kim-jayeon/Pinkk/ros2_ws/install/pinkk_usb_insertion_interfaces/include/pinkk_usb_insertion_interfaces/pinkk_usb_insertion_interfaces/msg/detail/usb_port_observation__builder.hpp
[7.778s] -- Symlinking: /home/kim-jayeon/Pinkk/ros2_ws/install/pinkk_usb_insertion_interfaces/include/pinkk_usb_insertion_interfaces/pinkk_usb_insertion_interfaces/msg/detail/usb_port_observation__struct.hpp
[7.786s] -- Symlinking: /home/kim-jayeon/Pinkk/ros2_ws/install/pinkk_usb_insertion_interfaces/include/pinkk_usb_insertion_interfaces/pinkk_usb_insertion_interfaces/msg/detail/usb_port_observation__traits.hpp
[7.795s] -- Symlinking: /home/kim-jayeon/Pinkk/ros2_ws/install/pinkk_usb_insertion_interfaces/include/pinkk_usb_insertion_interfaces/pinkk_usb_insertion_interfaces/msg/detail/usb_port_observation__type_support.hpp
[7.804s] -- Symlinking: /home/kim-jayeon/Pinkk/ros2_ws/install/pinkk_usb_insertion_interfaces/include/pinkk_usb_insertion_interfaces/pinkk_usb_insertion_interfaces/msg/keypoint2_d.hpp
[7.814s] -- Symlinking: /home/kim-jayeon/Pinkk/ros2_ws/install/pinkk_usb_insertion_interfaces/include/pinkk_usb_insertion_interfaces/pinkk_usb_insertion_interfaces/msg/rosidl_generator_cpp__visibility_control.hpp
[7.824s] -- Symlinking: /home/kim-jayeon/Pinkk/ros2_ws/install/pinkk_usb_insertion_interfaces/include/pinkk_usb_insertion_interfaces/pinkk_usb_insertion_interfaces/msg/usb_port_detection.hpp
[7.833s] -- Symlinking: /home/kim-jayeon/Pinkk/ros2_ws/install/pinkk_usb_insertion_interfaces/include/pinkk_usb_insertion_interfaces/pinkk_usb_insertion_interfaces/msg/usb_port_detection_array.hpp
[7.841s] -- Symlinking: /home/kim-jayeon/Pinkk/ros2_ws/install/pinkk_usb_insertion_interfaces/include/pinkk_usb_insertion_interfaces/pinkk_usb_insertion_interfaces/msg/usb_port_observation.hpp
[7.851s] -- Symlinking: /home/kim-jayeon/Pinkk/ros2_ws/install/pinkk_usb_insertion_interfaces/include/pinkk_usb_insertion_interfaces/pinkk_usb_insertion_interfaces/action/detail/cartesian_move__rosidl_typesupport_fastrtps_cpp.hpp
[7.860s] -- Symlinking: /home/kim-jayeon/Pinkk/ros2_ws/install/pinkk_usb_insertion_interfaces/include/pinkk_usb_insertion_interfaces/pinkk_usb_insertion_interfaces/msg/detail/keypoint2_d__rosidl_typesupport_fastrtps_cpp.hpp
[7.868s] -- Symlinking: /home/kim-jayeon/Pinkk/ros2_ws/install/pinkk_usb_insertion_interfaces/include/pinkk_usb_insertion_interfaces/pinkk_usb_insertion_interfaces/msg/detail/usb_port_detection__rosidl_typesupport_fastrtps_cpp.hpp
[7.877s] -- Symlinking: /home/kim-jayeon/Pinkk/ros2_ws/install/pinkk_usb_insertion_interfaces/include/pinkk_usb_insertion_interfaces/pinkk_usb_insertion_interfaces/msg/detail/usb_port_detection_array__rosidl_typesupport_fastrtps_cpp.hpp
[7.885s] -- Symlinking: /home/kim-jayeon/Pinkk/ros2_ws/install/pinkk_usb_insertion_interfaces/include/pinkk_usb_insertion_interfaces/pinkk_usb_insertion_interfaces/msg/detail/usb_port_observation__rosidl_typesupport_fastrtps_cpp.hpp
[7.893s] -- Symlinking: /home/kim-jayeon/Pinkk/ros2_ws/install/pinkk_usb_insertion_interfaces/include/pinkk_usb_insertion_interfaces/pinkk_usb_insertion_interfaces/msg/rosidl_typesupport_fastrtps_cpp__visibility_control.h
[7.902s] -- Symlinking: /home/kim-jayeon/Pinkk/ros2_ws/install/pinkk_usb_insertion_interfaces/include/pinkk_usb_insertion_interfaces/pinkk_usb_insertion_interfaces/action/detail/cartesian_move__rosidl_typesupport_introspection_c.h
[7.912s] -- Symlinking: /home/kim-jayeon/Pinkk/ros2_ws/install/pinkk_usb_insertion_interfaces/include/pinkk_usb_insertion_interfaces/pinkk_usb_insertion_interfaces/msg/detail/keypoint2_d__rosidl_typesupport_introspection_c.h
[7.920s] -- Symlinking: /home/kim-jayeon/Pinkk/ros2_ws/install/pinkk_usb_insertion_interfaces/include/pinkk_usb_insertion_interfaces/pinkk_usb_insertion_interfaces/msg/detail/usb_port_detection__rosidl_typesupport_introspection_c.h
[7.928s] -- Symlinking: /home/kim-jayeon/Pinkk/ros2_ws/install/pinkk_usb_insertion_interfaces/include/pinkk_usb_insertion_interfaces/pinkk_usb_insertion_interfaces/msg/detail/usb_port_detection_array__rosidl_typesupport_introspection_c.h
[7.935s] -- Symlinking: /home/kim-jayeon/Pinkk/ros2_ws/install/pinkk_usb_insertion_interfaces/include/pinkk_usb_insertion_interfaces/pinkk_usb_insertion_interfaces/msg/detail/usb_port_observation__rosidl_typesupport_introspection_c.h
[7.943s] -- Symlinking: /home/kim-jayeon/Pinkk/ros2_ws/install/pinkk_usb_insertion_interfaces/include/pinkk_usb_insertion_interfaces/pinkk_usb_insertion_interfaces/msg/rosidl_typesupport_introspection_c__visibility_control.h
[7.951s] -- Symlinking: /home/kim-jayeon/Pinkk/ros2_ws/install/pinkk_usb_insertion_interfaces/include/pinkk_usb_insertion_interfaces/pinkk_usb_insertion_interfaces/action/detail/cartesian_move__rosidl_typesupport_introspection_cpp.hpp
[7.960s] -- Symlinking: /home/kim-jayeon/Pinkk/ros2_ws/install/pinkk_usb_insertion_interfaces/include/pinkk_usb_insertion_interfaces/pinkk_usb_insertion_interfaces/msg/detail/keypoint2_d__rosidl_typesupport_introspection_cpp.hpp
[7.968s] -- Symlinking: /home/kim-jayeon/Pinkk/ros2_ws/install/pinkk_usb_insertion_interfaces/include/pinkk_usb_insertion_interfaces/pinkk_usb_insertion_interfaces/msg/detail/usb_port_detection__rosidl_typesupport_introspection_cpp.hpp
[7.975s] -- Symlinking: /home/kim-jayeon/Pinkk/ros2_ws/install/pinkk_usb_insertion_interfaces/include/pinkk_usb_insertion_interfaces/pinkk_usb_insertion_interfaces/msg/detail/usb_port_detection_array__rosidl_typesupport_introspection_cpp.hpp
[7.983s] -- Symlinking: /home/kim-jayeon/Pinkk/ros2_ws/install/pinkk_usb_insertion_interfaces/include/pinkk_usb_insertion_interfaces/pinkk_usb_insertion_interfaces/msg/detail/usb_port_observation__rosidl_typesupport_introspection_cpp.hpp
[7.992s] -- Symlinking: /home/kim-jayeon/Pinkk/ros2_ws/install/pinkk_usb_insertion_interfaces/share/pinkk_usb_insertion_interfaces/environment/pythonpath.sh
[8.001s] -- Symlinking: /home/kim-jayeon/Pinkk/ros2_ws/install/pinkk_usb_insertion_interfaces/share/pinkk_usb_insertion_interfaces/environment/pythonpath.dsv
[8.011s] -- Symlinking: /home/kim-jayeon/Pinkk/ros2_ws/install/pinkk_usb_insertion_interfaces/lib/python3.12/site-packages/pinkk_usb_insertion_interfaces-0.1.0-py3.12.egg-info/PKG-INFO
[8.018s] -- Symlinking: /home/kim-jayeon/Pinkk/ros2_ws/install/pinkk_usb_insertion_interfaces/lib/python3.12/site-packages/pinkk_usb_insertion_interfaces-0.1.0-py3.12.egg-info/SOURCES.txt
[8.025s] -- Symlinking: /home/kim-jayeon/Pinkk/ros2_ws/install/pinkk_usb_insertion_interfaces/lib/python3.12/site-packages/pinkk_usb_insertion_interfaces-0.1.0-py3.12.egg-info/dependency_links.txt
[8.034s] -- Symlinking: /home/kim-jayeon/Pinkk/ros2_ws/install/pinkk_usb_insertion_interfaces/lib/python3.12/site-packages/pinkk_usb_insertion_interfaces-0.1.0-py3.12.egg-info/top_level.txt
[8.043s] -- Symlinking: /home/kim-jayeon/Pinkk/ros2_ws/install/pinkk_usb_insertion_interfaces/lib/python3.12/site-packages/pinkk_usb_insertion_interfaces/__init__.py
[8.051s] -- Symlinking: /home/kim-jayeon/Pinkk/ros2_ws/install/pinkk_usb_insertion_interfaces/lib/python3.12/site-packages/pinkk_usb_insertion_interfaces/_pinkk_usb_insertion_interfaces_s.ep.rosidl_typesupport_c.c
[8.059s] -- Symlinking: /home/kim-jayeon/Pinkk/ros2_ws/install/pinkk_usb_insertion_interfaces/lib/python3.12/site-packages/pinkk_usb_insertion_interfaces/_pinkk_usb_insertion_interfaces_s.ep.rosidl_typesupport_fastrtps_c.c
[8.068s] -- Symlinking: /home/kim-jayeon/Pinkk/ros2_ws/install/pinkk_usb_insertion_interfaces/lib/python3.12/site-packages/pinkk_usb_insertion_interfaces/_pinkk_usb_insertion_interfaces_s.ep.rosidl_typesupport_introspection_c.c
[8.076s] -- Symlinking: /home/kim-jayeon/Pinkk/ros2_ws/install/pinkk_usb_insertion_interfaces/lib/python3.12/site-packages/pinkk_usb_insertion_interfaces/action/__init__.py
[8.084s] -- Symlinking: /home/kim-jayeon/Pinkk/ros2_ws/install/pinkk_usb_insertion_interfaces/lib/python3.12/site-packages/pinkk_usb_insertion_interfaces/action/_cartesian_move.py
[8.092s] -- Symlinking: /home/kim-jayeon/Pinkk/ros2_ws/install/pinkk_usb_insertion_interfaces/lib/python3.12/site-packages/pinkk_usb_insertion_interfaces/action/_cartesian_move_s.c
[8.100s] -- Symlinking: /home/kim-jayeon/Pinkk/ros2_ws/install/pinkk_usb_insertion_interfaces/lib/python3.12/site-packages/pinkk_usb_insertion_interfaces/msg/__init__.py
[8.109s] -- Symlinking: /home/kim-jayeon/Pinkk/ros2_ws/install/pinkk_usb_insertion_interfaces/lib/python3.12/site-packages/pinkk_usb_insertion_interfaces/msg/_keypoint2_d.py
[8.117s] -- Symlinking: /home/kim-jayeon/Pinkk/ros2_ws/install/pinkk_usb_insertion_interfaces/lib/python3.12/site-packages/pinkk_usb_insertion_interfaces/msg/_keypoint2_d_s.c
[8.125s] -- Symlinking: /home/kim-jayeon/Pinkk/ros2_ws/install/pinkk_usb_insertion_interfaces/lib/python3.12/site-packages/pinkk_usb_insertion_interfaces/msg/_usb_port_detection.py
[8.134s] -- Symlinking: /home/kim-jayeon/Pinkk/ros2_ws/install/pinkk_usb_insertion_interfaces/lib/python3.12/site-packages/pinkk_usb_insertion_interfaces/msg/_usb_port_detection_array.py
[8.142s] -- Symlinking: /home/kim-jayeon/Pinkk/ros2_ws/install/pinkk_usb_insertion_interfaces/lib/python3.12/site-packages/pinkk_usb_insertion_interfaces/msg/_usb_port_detection_array_s.c
[8.151s] -- Symlinking: /home/kim-jayeon/Pinkk/ros2_ws/install/pinkk_usb_insertion_interfaces/lib/python3.12/site-packages/pinkk_usb_insertion_interfaces/msg/_usb_port_detection_s.c
[8.160s] -- Symlinking: /home/kim-jayeon/Pinkk/ros2_ws/install/pinkk_usb_insertion_interfaces/lib/python3.12/site-packages/pinkk_usb_insertion_interfaces/msg/_usb_port_observation.py
[8.169s] -- Symlinking: /home/kim-jayeon/Pinkk/ros2_ws/install/pinkk_usb_insertion_interfaces/lib/python3.12/site-packages/pinkk_usb_insertion_interfaces/msg/_usb_port_observation_s.c
[8.177s] -- Symlinking: /home/kim-jayeon/Pinkk/ros2_ws/install/pinkk_usb_insertion_interfaces/lib/python3.12/site-packages/pinkk_usb_insertion_interfaces/pinkk_usb_insertion_interfaces_s__rosidl_typesupport_c.so
[8.186s] -- Symlinking: /home/kim-jayeon/Pinkk/ros2_ws/install/pinkk_usb_insertion_interfaces/lib/python3.12/site-packages/pinkk_usb_insertion_interfaces/pinkk_usb_insertion_interfaces_s__rosidl_typesupport_fastrtps_c.so
[8.196s] -- Symlinking: /home/kim-jayeon/Pinkk/ros2_ws/install/pinkk_usb_insertion_interfaces/lib/python3.12/site-packages/pinkk_usb_insertion_interfaces/pinkk_usb_insertion_interfaces_s__rosidl_typesupport_introspection_c.so
[8.207s] -- Up-to-date symlink: /home/kim-jayeon/Pinkk/ros2_ws/install/pinkk_usb_insertion_interfaces/lib/python3.12/site-packages/pinkk_usb_insertion_interfaces/pinkk_usb_insertion_interfaces_s__rosidl_typesupport_fastrtps_c.so
[8.208s] -- Up-to-date symlink: /home/kim-jayeon/Pinkk/ros2_ws/install/pinkk_usb_insertion_interfaces/lib/python3.12/site-packages/pinkk_usb_insertion_interfaces/pinkk_usb_insertion_interfaces_s__rosidl_typesupport_introspection_c.so
[8.208s] -- Up-to-date symlink: /home/kim-jayeon/Pinkk/ros2_ws/install/pinkk_usb_insertion_interfaces/lib/python3.12/site-packages/pinkk_usb_insertion_interfaces/pinkk_usb_insertion_interfaces_s__rosidl_typesupport_c.so
[8.208s] -- Symlinking: /home/kim-jayeon/Pinkk/ros2_ws/install/pinkk_usb_insertion_interfaces/share/ament_index/resource_index/rust_packages/pinkk_usb_insertion_interfaces
[8.219s] -- Symlinking: /home/kim-jayeon/Pinkk/ros2_ws/install/pinkk_usb_insertion_interfaces/share/pinkk_usb_insertion_interfaces/rust/Cargo.toml
[8.228s] -- Symlinking: /home/kim-jayeon/Pinkk/ros2_ws/install/pinkk_usb_insertion_interfaces/share/pinkk_usb_insertion_interfaces/rust/build.rs
[8.238s] -- Symlinking: /home/kim-jayeon/Pinkk/ros2_ws/install/pinkk_usb_insertion_interfaces/share/pinkk_usb_insertion_interfaces/rust/src/action.rs
[8.247s] -- Symlinking: /home/kim-jayeon/Pinkk/ros2_ws/install/pinkk_usb_insertion_interfaces/share/pinkk_usb_insertion_interfaces/rust/src/action/rmw.rs
[8.256s] -- Symlinking: /home/kim-jayeon/Pinkk/ros2_ws/install/pinkk_usb_insertion_interfaces/share/pinkk_usb_insertion_interfaces/rust/src/lib.rs
[8.266s] -- Symlinking: /home/kim-jayeon/Pinkk/ros2_ws/install/pinkk_usb_insertion_interfaces/share/pinkk_usb_insertion_interfaces/rust/src/msg.rs
[8.274s] -- Symlinking: /home/kim-jayeon/Pinkk/ros2_ws/install/pinkk_usb_insertion_interfaces/share/pinkk_usb_insertion_interfaces/rust/src/msg/rmw.rs
[8.283s] -- Symlinking: /home/kim-jayeon/Pinkk/ros2_ws/install/pinkk_usb_insertion_interfaces/share/pinkk_usb_insertion_interfaces/action/CartesianMove.idl
[8.292s] -- Symlinking: /home/kim-jayeon/Pinkk/ros2_ws/install/pinkk_usb_insertion_interfaces/share/pinkk_usb_insertion_interfaces/msg/Keypoint2D.idl
[8.301s] -- Symlinking: /home/kim-jayeon/Pinkk/ros2_ws/install/pinkk_usb_insertion_interfaces/share/pinkk_usb_insertion_interfaces/msg/UsbPortDetection.idl
[8.310s] -- Symlinking: /home/kim-jayeon/Pinkk/ros2_ws/install/pinkk_usb_insertion_interfaces/share/pinkk_usb_insertion_interfaces/msg/UsbPortDetectionArray.idl
[8.319s] -- Symlinking: /home/kim-jayeon/Pinkk/ros2_ws/install/pinkk_usb_insertion_interfaces/share/pinkk_usb_insertion_interfaces/msg/UsbPortObservation.idl
[8.327s] -- Symlinking: /home/kim-jayeon/Pinkk/ros2_ws/install/pinkk_usb_insertion_interfaces/share/pinkk_usb_insertion_interfaces/action/CartesianMove.action
[8.337s] -- Symlinking: /home/kim-jayeon/Pinkk/ros2_ws/install/pinkk_usb_insertion_interfaces/share/pinkk_usb_insertion_interfaces/msg/Keypoint2D.msg
[8.347s] -- Symlinking: /home/kim-jayeon/Pinkk/ros2_ws/install/pinkk_usb_insertion_interfaces/share/pinkk_usb_insertion_interfaces/msg/UsbPortDetection.msg
[8.355s] -- Symlinking: /home/kim-jayeon/Pinkk/ros2_ws/install/pinkk_usb_insertion_interfaces/share/pinkk_usb_insertion_interfaces/msg/UsbPortDetectionArray.msg
[8.363s] -- Symlinking: /home/kim-jayeon/Pinkk/ros2_ws/install/pinkk_usb_insertion_interfaces/share/pinkk_usb_insertion_interfaces/msg/UsbPortObservation.msg
[8.372s] -- Symlinking: /home/kim-jayeon/Pinkk/ros2_ws/install/pinkk_usb_insertion_interfaces/share/ament_index/resource_index/package_run_dependencies/pinkk_usb_insertion_interfaces
[8.380s] -- Symlinking: /home/kim-jayeon/Pinkk/ros2_ws/install/pinkk_usb_insertion_interfaces/share/ament_index/resource_index/parent_prefix_path/pinkk_usb_insertion_interfaces
[8.388s] -- Symlinking: /home/kim-jayeon/Pinkk/ros2_ws/install/pinkk_usb_insertion_interfaces/share/pinkk_usb_insertion_interfaces/environment/ament_prefix_path.sh
[8.396s] -- Symlinking: /home/kim-jayeon/Pinkk/ros2_ws/install/pinkk_usb_insertion_interfaces/share/pinkk_usb_insertion_interfaces/environment/ament_prefix_path.dsv
[8.404s] -- Symlinking: /home/kim-jayeon/Pinkk/ros2_ws/install/pinkk_usb_insertion_interfaces/share/pinkk_usb_insertion_interfaces/environment/path.sh
[8.412s] -- Symlinking: /home/kim-jayeon/Pinkk/ros2_ws/install/pinkk_usb_insertion_interfaces/share/pinkk_usb_insertion_interfaces/environment/path.dsv
[8.422s] -- Symlinking: /home/kim-jayeon/Pinkk/ros2_ws/install/pinkk_usb_insertion_interfaces/share/pinkk_usb_insertion_interfaces/local_setup.bash
[8.431s] -- Symlinking: /home/kim-jayeon/Pinkk/ros2_ws/install/pinkk_usb_insertion_interfaces/share/pinkk_usb_insertion_interfaces/local_setup.sh
[8.440s] -- Symlinking: /home/kim-jayeon/Pinkk/ros2_ws/install/pinkk_usb_insertion_interfaces/share/pinkk_usb_insertion_interfaces/local_setup.zsh
[8.450s] -- Symlinking: /home/kim-jayeon/Pinkk/ros2_ws/install/pinkk_usb_insertion_interfaces/share/pinkk_usb_insertion_interfaces/local_setup.dsv
[8.459s] -- Symlinking: /home/kim-jayeon/Pinkk/ros2_ws/install/pinkk_usb_insertion_interfaces/share/pinkk_usb_insertion_interfaces/package.dsv
[8.468s] -- Symlinking: /home/kim-jayeon/Pinkk/ros2_ws/install/pinkk_usb_insertion_interfaces/share/ament_index/resource_index/packages/pinkk_usb_insertion_interfaces
[8.477s] -- Symlinking: /home/kim-jayeon/Pinkk/ros2_ws/install/pinkk_usb_insertion_interfaces/share/pinkk_usb_insertion_interfaces/cmake/rosidl_cmake-extras.cmake
[8.485s] -- Symlinking: /home/kim-jayeon/Pinkk/ros2_ws/install/pinkk_usb_insertion_interfaces/share/pinkk_usb_insertion_interfaces/cmake/ament_cmake_export_dependencies-extras.cmake
[8.494s] -- Symlinking: /home/kim-jayeon/Pinkk/ros2_ws/install/pinkk_usb_insertion_interfaces/share/pinkk_usb_insertion_interfaces/cmake/ament_cmake_export_include_directories-extras.cmake
[8.503s] -- Symlinking: /home/kim-jayeon/Pinkk/ros2_ws/install/pinkk_usb_insertion_interfaces/share/pinkk_usb_insertion_interfaces/cmake/ament_cmake_export_libraries-extras.cmake
[8.512s] -- Symlinking: /home/kim-jayeon/Pinkk/ros2_ws/install/pinkk_usb_insertion_interfaces/share/pinkk_usb_insertion_interfaces/cmake/ament_cmake_export_targets-extras.cmake
[8.522s] -- Symlinking: /home/kim-jayeon/Pinkk/ros2_ws/install/pinkk_usb_insertion_interfaces/share/pinkk_usb_insertion_interfaces/cmake/rosidl_cmake_export_typesupport_targets-extras.cmake
[8.531s] -- Symlinking: /home/kim-jayeon/Pinkk/ros2_ws/install/pinkk_usb_insertion_interfaces/share/pinkk_usb_insertion_interfaces/cmake/rosidl_cmake_export_typesupport_libraries-extras.cmake
[8.541s] -- Symlinking: /home/kim-jayeon/Pinkk/ros2_ws/install/pinkk_usb_insertion_interfaces/share/pinkk_usb_insertion_interfaces/cmake/rosidl_cmake_aggregate_target-extras.cmake
[8.550s] -- Symlinking: /home/kim-jayeon/Pinkk/ros2_ws/install/pinkk_usb_insertion_interfaces/share/pinkk_usb_insertion_interfaces/cmake/pinkk_usb_insertion_interfacesConfig.cmake
[8.560s] -- Symlinking: /home/kim-jayeon/Pinkk/ros2_ws/install/pinkk_usb_insertion_interfaces/share/pinkk_usb_insertion_interfaces/cmake/pinkk_usb_insertion_interfacesConfig-version.cmake
[8.569s] -- Symlinking: /home/kim-jayeon/Pinkk/ros2_ws/install/pinkk_usb_insertion_interfaces/share/pinkk_usb_insertion_interfaces/package.xml
[8.578s] -- Installing: /home/kim-jayeon/Pinkk/ros2_ws/install/pinkk_usb_insertion_interfaces/lib/libpinkk_usb_insertion_interfaces__rosidl_generator_c.so
[8.579s] -- Set non-toolchain portion of runtime path of "/home/kim-jayeon/Pinkk/ros2_ws/install/pinkk_usb_insertion_interfaces/lib/libpinkk_usb_insertion_interfaces__rosidl_generator_c.so" to ""
[8.580s] -- Installing: /home/kim-jayeon/Pinkk/ros2_ws/install/pinkk_usb_insertion_interfaces/lib/libpinkk_usb_insertion_interfaces__rosidl_typesupport_fastrtps_c.so
[8.580s] -- Set non-toolchain portion of runtime path of "/home/kim-jayeon/Pinkk/ros2_ws/install/pinkk_usb_insertion_interfaces/lib/libpinkk_usb_insertion_interfaces__rosidl_typesupport_fastrtps_c.so" to ""
[8.580s] -- Installing: /home/kim-jayeon/Pinkk/ros2_ws/install/pinkk_usb_insertion_interfaces/lib/libpinkk_usb_insertion_interfaces__rosidl_typesupport_fastrtps_cpp.so
[8.581s] -- Set non-toolchain portion of runtime path of "/home/kim-jayeon/Pinkk/ros2_ws/install/pinkk_usb_insertion_interfaces/lib/libpinkk_usb_insertion_interfaces__rosidl_typesupport_fastrtps_cpp.so" to ""
[8.581s] -- Installing: /home/kim-jayeon/Pinkk/ros2_ws/install/pinkk_usb_insertion_interfaces/lib/libpinkk_usb_insertion_interfaces__rosidl_typesupport_introspection_c.so
[8.581s] -- Set non-toolchain portion of runtime path of "/home/kim-jayeon/Pinkk/ros2_ws/install/pinkk_usb_insertion_interfaces/lib/libpinkk_usb_insertion_interfaces__rosidl_typesupport_introspection_c.so" to ""
[8.581s] -- Installing: /home/kim-jayeon/Pinkk/ros2_ws/install/pinkk_usb_insertion_interfaces/lib/libpinkk_usb_insertion_interfaces__rosidl_typesupport_c.so
[8.582s] -- Set non-toolchain portion of runtime path of "/home/kim-jayeon/Pinkk/ros2_ws/install/pinkk_usb_insertion_interfaces/lib/libpinkk_usb_insertion_interfaces__rosidl_typesupport_c.so" to ""
[8.582s] -- Installing: /home/kim-jayeon/Pinkk/ros2_ws/install/pinkk_usb_insertion_interfaces/lib/libpinkk_usb_insertion_interfaces__rosidl_typesupport_introspection_cpp.so
[8.582s] -- Set non-toolchain portion of runtime path of "/home/kim-jayeon/Pinkk/ros2_ws/install/pinkk_usb_insertion_interfaces/lib/libpinkk_usb_insertion_interfaces__rosidl_typesupport_introspection_cpp.so" to ""
[8.582s] -- Installing: /home/kim-jayeon/Pinkk/ros2_ws/install/pinkk_usb_insertion_interfaces/lib/libpinkk_usb_insertion_interfaces__rosidl_typesupport_cpp.so
[8.583s] -- Set non-toolchain portion of runtime path of "/home/kim-jayeon/Pinkk/ros2_ws/install/pinkk_usb_insertion_interfaces/lib/libpinkk_usb_insertion_interfaces__rosidl_typesupport_cpp.so" to ""
[8.633s] Listing '/home/kim-jayeon/Pinkk/ros2_ws/install/pinkk_usb_insertion_interfaces/lib/python3.12/site-packages/pinkk_usb_insertion_interfaces'...
[8.633s] Compiling '/home/kim-jayeon/Pinkk/ros2_ws/install/pinkk_usb_insertion_interfaces/lib/python3.12/site-packages/pinkk_usb_insertion_interfaces/__init__.py'...
[8.633s] Listing '/home/kim-jayeon/Pinkk/ros2_ws/install/pinkk_usb_insertion_interfaces/lib/python3.12/site-packages/pinkk_usb_insertion_interfaces/action'...
[8.633s] Compiling '/home/kim-jayeon/Pinkk/ros2_ws/install/pinkk_usb_insertion_interfaces/lib/python3.12/site-packages/pinkk_usb_insertion_interfaces/action/__init__.py'...
[8.633s] Compiling '/home/kim-jayeon/Pinkk/ros2_ws/install/pinkk_usb_insertion_interfaces/lib/python3.12/site-packages/pinkk_usb_insertion_interfaces/action/_cartesian_move.py'...
[8.633s] Listing '/home/kim-jayeon/Pinkk/ros2_ws/install/pinkk_usb_insertion_interfaces/lib/python3.12/site-packages/pinkk_usb_insertion_interfaces/msg'...
[8.633s] Compiling '/home/kim-jayeon/Pinkk/ros2_ws/install/pinkk_usb_insertion_interfaces/lib/python3.12/site-packages/pinkk_usb_insertion_interfaces/msg/__init__.py'...
[8.633s] Compiling '/home/kim-jayeon/Pinkk/ros2_ws/install/pinkk_usb_insertion_interfaces/lib/python3.12/site-packages/pinkk_usb_insertion_interfaces/msg/_keypoint2_d.py'...
[8.633s] Compiling '/home/kim-jayeon/Pinkk/ros2_ws/install/pinkk_usb_insertion_interfaces/lib/python3.12/site-packages/pinkk_usb_insertion_interfaces/msg/_usb_port_detection.py'...
[8.633s] Compiling '/home/kim-jayeon/Pinkk/ros2_ws/install/pinkk_usb_insertion_interfaces/lib/python3.12/site-packages/pinkk_usb_insertion_interfaces/msg/_usb_port_detection_array.py'...
[8.633s] Compiling '/home/kim-jayeon/Pinkk/ros2_ws/install/pinkk_usb_insertion_interfaces/lib/python3.12/site-packages/pinkk_usb_insertion_interfaces/msg/_usb_port_observation.py'...
[8.637s] -- Installing: /home/kim-jayeon/Pinkk/ros2_ws/install/pinkk_usb_insertion_interfaces/lib/libpinkk_usb_insertion_interfaces__rosidl_generator_py.so
[8.638s] -- Set non-toolchain portion of runtime path of "/home/kim-jayeon/Pinkk/ros2_ws/install/pinkk_usb_insertion_interfaces/lib/libpinkk_usb_insertion_interfaces__rosidl_generator_py.so" to ""
[8.638s] -- Installing: /home/kim-jayeon/Pinkk/ros2_ws/install/pinkk_usb_insertion_interfaces/share/pinkk_usb_insertion_interfaces/cmake/export_pinkk_usb_insertion_interfaces__rosidl_generator_cExport.cmake
[8.638s] -- Installing: /home/kim-jayeon/Pinkk/ros2_ws/install/pinkk_usb_insertion_interfaces/share/pinkk_usb_insertion_interfaces/cmake/export_pinkk_usb_insertion_interfaces__rosidl_generator_cExport-noconfig.cmake
[8.638s] -- Installing: /home/kim-jayeon/Pinkk/ros2_ws/install/pinkk_usb_insertion_interfaces/share/pinkk_usb_insertion_interfaces/cmake/export_pinkk_usb_insertion_interfaces__rosidl_typesupport_fastrtps_cExport.cmake
[8.638s] -- Installing: /home/kim-jayeon/Pinkk/ros2_ws/install/pinkk_usb_insertion_interfaces/share/pinkk_usb_insertion_interfaces/cmake/export_pinkk_usb_insertion_interfaces__rosidl_typesupport_fastrtps_cExport-noconfig.cmake
[8.638s] -- Installing: /home/kim-jayeon/Pinkk/ros2_ws/install/pinkk_usb_insertion_interfaces/share/pinkk_usb_insertion_interfaces/cmake/export_pinkk_usb_insertion_interfaces__rosidl_generator_cppExport.cmake
[8.638s] -- Installing: /home/kim-jayeon/Pinkk/ros2_ws/install/pinkk_usb_insertion_interfaces/share/pinkk_usb_insertion_interfaces/cmake/export_pinkk_usb_insertion_interfaces__rosidl_typesupport_fastrtps_cppExport.cmake
[8.639s] -- Installing: /home/kim-jayeon/Pinkk/ros2_ws/install/pinkk_usb_insertion_interfaces/share/pinkk_usb_insertion_interfaces/cmake/export_pinkk_usb_insertion_interfaces__rosidl_typesupport_fastrtps_cppExport-noconfig.cmake
[8.639s] -- Installing: /home/kim-jayeon/Pinkk/ros2_ws/install/pinkk_usb_insertion_interfaces/share/pinkk_usb_insertion_interfaces/cmake/pinkk_usb_insertion_interfaces__rosidl_typesupport_introspection_cExport.cmake
[8.639s] -- Installing: /home/kim-jayeon/Pinkk/ros2_ws/install/pinkk_usb_insertion_interfaces/share/pinkk_usb_insertion_interfaces/cmake/pinkk_usb_insertion_interfaces__rosidl_typesupport_introspection_cExport-noconfig.cmake
[8.639s] -- Installing: /home/kim-jayeon/Pinkk/ros2_ws/install/pinkk_usb_insertion_interfaces/share/pinkk_usb_insertion_interfaces/cmake/pinkk_usb_insertion_interfaces__rosidl_typesupport_cExport.cmake
[8.639s] -- Installing: /home/kim-jayeon/Pinkk/ros2_ws/install/pinkk_usb_insertion_interfaces/share/pinkk_usb_insertion_interfaces/cmake/pinkk_usb_insertion_interfaces__rosidl_typesupport_cExport-noconfig.cmake
[8.639s] -- Installing: /home/kim-jayeon/Pinkk/ros2_ws/install/pinkk_usb_insertion_interfaces/share/pinkk_usb_insertion_interfaces/cmake/pinkk_usb_insertion_interfaces__rosidl_typesupport_introspection_cppExport.cmake
[8.639s] -- Installing: /home/kim-jayeon/Pinkk/ros2_ws/install/pinkk_usb_insertion_interfaces/share/pinkk_usb_insertion_interfaces/cmake/pinkk_usb_insertion_interfaces__rosidl_typesupport_introspection_cppExport-noconfig.cmake
[8.639s] -- Installing: /home/kim-jayeon/Pinkk/ros2_ws/install/pinkk_usb_insertion_interfaces/share/pinkk_usb_insertion_interfaces/cmake/pinkk_usb_insertion_interfaces__rosidl_typesupport_cppExport.cmake
[8.639s] -- Installing: /home/kim-jayeon/Pinkk/ros2_ws/install/pinkk_usb_insertion_interfaces/share/pinkk_usb_insertion_interfaces/cmake/pinkk_usb_insertion_interfaces__rosidl_typesupport_cppExport-noconfig.cmake
[8.639s] -- Installing: /home/kim-jayeon/Pinkk/ros2_ws/install/pinkk_usb_insertion_interfaces/share/pinkk_usb_insertion_interfaces/cmake/export_pinkk_usb_insertion_interfaces__rosidl_generator_pyExport.cmake
[8.639s] -- Installing: /home/kim-jayeon/Pinkk/ros2_ws/install/pinkk_usb_insertion_interfaces/share/pinkk_usb_insertion_interfaces/cmake/export_pinkk_usb_insertion_interfaces__rosidl_generator_pyExport-noconfig.cmake
[8.643s] Invoked command in '/home/kim-jayeon/Pinkk/ros2_ws/build/pinkk_usb_insertion_interfaces' returned '0': CMAKE_PREFIX_PATH=${CMAKE_PREFIX_PATH}:/home/kim-jayeon/Pinkk/ros2_ws/install/pinkk_mycobot_bridge:/home/kim-jayeon/Pinkk/ros2_ws/install/pinkk_handeye_automation:/home/kim-jayeon/camera_ws/install/ultraarm:/home/kim-jayeon/camera_ws/install/pro450_moveit2_control:/home/kim-jayeon/camera_ws/install/mypalletizer_communication:/home/kim-jayeon/camera_ws/install/mypalletizer_260_pi:/home/kim-jayeon/camera_ws/install/mypalletizer_260:/home/kim-jayeon/camera_ws/install/mycobot_pro_450:/home/kim-jayeon/camera_ws/install/myarm_m750:/home/kim-jayeon/camera_ws/install/myarm_c650:/home/kim-jayeon/camera_ws/install/mycobot_communication:/home/kim-jayeon/camera_ws/install/mecharm_communication:/home/kim-jayeon/camera_ws/install/mycobot_630:/home/kim-jayeon/camera_ws/install/mycobot_600:/home/kim-jayeon/camera_ws/install/mycobot_320pi:/home/kim-jayeon/camera_ws/install/mycobot_320_riscv:/home/kim-jayeon/camera_ws/install/mycobot_320:/home/kim-jayeon/camera_ws/install/mycobot_280pi:/home/kim-jayeon/camera_ws/install/mycobot_280jn:/home/kim-jayeon/camera_ws/install/mycobot_280_x3pi:/home/kim-jayeon/camera_ws/install/mycobot_280_riscv:/home/kim-jayeon/camera_ws/install/mycobot_280_rdkx5:/home/kim-jayeon/camera_ws/install/mycobot_280_moveit2_control:/home/kim-jayeon/camera_ws/install/mycobot_280_arduino:/home/kim-jayeon/camera_ws/install/mycobot_280:/home/kim-jayeon/camera_ws/install/mybuddy:/home/kim-jayeon/camera_ws/install/myarm_300:/home/kim-jayeon/camera_ws/install/mecharm_pi:/home/kim-jayeon/camera_ws/install/mecharm:/home/kim-jayeon/camera_ws/install/mycobot_description:/opt/ros/jazzy DEBUGINFOD_URLS=https://debuginfod.ubuntu.com /usr/bin/cmake --install /home/kim-jayeon/Pinkk/ros2_ws/build/pinkk_usb_insertion_interfaces
