[0.073s] DEBUG:colcon:Command line arguments: ['/usr/bin/colcon', 'build', '--symlink-install']
[0.073s] DEBUG:colcon:Parsed command line arguments: Namespace(log_base=None, log_level=None, verb_name='build', build_base='build', install_base='install', merge_install=False, symlink_install=True, test_result_base=None, continue_on_error=False, executor='parallel', parallel_workers=16, event_handlers=None, ignore_user_meta=False, metas=['./colcon.meta'], base_paths=['.'], packages_ignore=None, packages_ignore_regex=None, paths=None, packages_up_to=None, packages_up_to_regex=None, packages_above=None, packages_above_and_dependencies=None, packages_above_depth=None, packages_select_by_dep=None, packages_skip_by_dep=None, packages_skip_up_to=None, packages_select_build_failed=False, packages_skip_build_finished=False, packages_select_test_failures=False, packages_skip_test_passed=False, packages_select=None, packages_skip=None, packages_select_regex=None, packages_skip_regex=None, packages_start=None, packages_end=None, allow_overriding=[], cmake_args=None, cmake_target=None, cmake_target_skip_unavailable=False, cmake_clean_cache=False, cmake_clean_first=False, cmake_force_configure=False, ament_cmake_args=None, catkin_cmake_args=None, catkin_skip_building_tests=False, mixin_files=None, mixin=None, verb_parser=<colcon_mixin.mixin.mixin_argument.MixinArgumentDecorator object at 0x76aa51f0b680>, verb_extension=<colcon_core.verb.build.BuildVerb object at 0x76aa5213f4d0>, main=<bound method BuildVerb.main of <colcon_core.verb.build.BuildVerb object at 0x76aa5213f4d0>>, mixin_verb=('build',))
[0.097s] Level 1:colcon.colcon_core.package_discovery:discover_packages(colcon_meta) check parameters
[0.097s] Level 1:colcon.colcon_core.package_discovery:discover_packages(recursive) check parameters
[0.097s] Level 1:colcon.colcon_core.package_discovery:discover_packages(ignore) check parameters
[0.097s] Level 1:colcon.colcon_core.package_discovery:discover_packages(path) check parameters
[0.097s] Level 1:colcon.colcon_core.package_discovery:discover_packages(colcon_meta) discover
[0.097s] Level 1:colcon.colcon_core.package_discovery:discover_packages(recursive) discover
[0.097s] INFO:colcon.colcon_core.package_discovery:Crawling recursively for packages in '/home/kim-jayeon/Pinkk/ros2_ws'
[0.097s] Level 1:colcon.colcon_core.package_identification:_identify(.) by extensions ['ignore', 'ignore_ament_install']
[0.097s] Level 1:colcon.colcon_core.package_identification:_identify(.) by extension 'ignore'
[0.097s] Level 1:colcon.colcon_core.package_identification:_identify(.) by extension 'ignore_ament_install'
[0.097s] Level 1:colcon.colcon_core.package_identification:_identify(.) by extensions ['colcon_pkg']
[0.097s] Level 1:colcon.colcon_core.package_identification:_identify(.) by extension 'colcon_pkg'
[0.097s] Level 1:colcon.colcon_core.package_identification:_identify(.) by extensions ['colcon_meta']
[0.097s] Level 1:colcon.colcon_core.package_identification:_identify(.) by extension 'colcon_meta'
[0.097s] Level 1:colcon.colcon_core.package_identification:_identify(.) by extensions ['ros']
[0.097s] Level 1:colcon.colcon_core.package_identification:_identify(.) by extension 'ros'
[0.112s] Level 1:colcon.colcon_core.package_identification:_identify(.) by extensions ['cmake', 'python']
[0.112s] Level 1:colcon.colcon_core.package_identification:_identify(.) by extension 'cmake'
[0.112s] Level 1:colcon.colcon_core.package_identification:_identify(.) by extension 'python'
[0.112s] Level 1:colcon.colcon_core.package_identification:_identify(.) by extensions ['python_setup_py']
[0.112s] Level 1:colcon.colcon_core.package_identification:_identify(.) by extension 'python_setup_py'
[0.112s] Level 1:colcon.colcon_core.package_identification:_identify(build) by extensions ['ignore', 'ignore_ament_install']
[0.112s] Level 1:colcon.colcon_core.package_identification:_identify(build) by extension 'ignore'
[0.112s] Level 1:colcon.colcon_core.package_identification:_identify(build) ignored
[0.112s] Level 1:colcon.colcon_core.package_identification:_identify(install) by extensions ['ignore', 'ignore_ament_install']
[0.112s] Level 1:colcon.colcon_core.package_identification:_identify(install) by extension 'ignore'
[0.112s] Level 1:colcon.colcon_core.package_identification:_identify(install) ignored
[0.112s] Level 1:colcon.colcon_core.package_identification:_identify(log) by extensions ['ignore', 'ignore_ament_install']
[0.112s] Level 1:colcon.colcon_core.package_identification:_identify(log) by extension 'ignore'
[0.112s] Level 1:colcon.colcon_core.package_identification:_identify(log) ignored
[0.112s] Level 1:colcon.colcon_core.package_identification:_identify(src) by extensions ['ignore', 'ignore_ament_install']
[0.112s] Level 1:colcon.colcon_core.package_identification:_identify(src) by extension 'ignore'
[0.112s] Level 1:colcon.colcon_core.package_identification:_identify(src) by extension 'ignore_ament_install'
[0.112s] Level 1:colcon.colcon_core.package_identification:_identify(src) by extensions ['colcon_pkg']
[0.112s] Level 1:colcon.colcon_core.package_identification:_identify(src) by extension 'colcon_pkg'
[0.112s] Level 1:colcon.colcon_core.package_identification:_identify(src) by extensions ['colcon_meta']
[0.112s] Level 1:colcon.colcon_core.package_identification:_identify(src) by extension 'colcon_meta'
[0.112s] Level 1:colcon.colcon_core.package_identification:_identify(src) by extensions ['ros']
[0.112s] Level 1:colcon.colcon_core.package_identification:_identify(src) by extension 'ros'
[0.112s] Level 1:colcon.colcon_core.package_identification:_identify(src) by extensions ['cmake', 'python']
[0.112s] Level 1:colcon.colcon_core.package_identification:_identify(src) by extension 'cmake'
[0.113s] Level 1:colcon.colcon_core.package_identification:_identify(src) by extension 'python'
[0.113s] Level 1:colcon.colcon_core.package_identification:_identify(src) by extensions ['python_setup_py']
[0.113s] Level 1:colcon.colcon_core.package_identification:_identify(src) by extension 'python_setup_py'
[0.113s] Level 1:colcon.colcon_core.package_identification:_identify(src/pinkk_handeye_automation) by extensions ['ignore', 'ignore_ament_install']
[0.113s] Level 1:colcon.colcon_core.package_identification:_identify(src/pinkk_handeye_automation) by extension 'ignore'
[0.113s] Level 1:colcon.colcon_core.package_identification:_identify(src/pinkk_handeye_automation) by extension 'ignore_ament_install'
[0.113s] Level 1:colcon.colcon_core.package_identification:_identify(src/pinkk_handeye_automation) by extensions ['colcon_pkg']
[0.113s] Level 1:colcon.colcon_core.package_identification:_identify(src/pinkk_handeye_automation) by extension 'colcon_pkg'
[0.113s] Level 1:colcon.colcon_core.package_identification:_identify(src/pinkk_handeye_automation) by extensions ['colcon_meta']
[0.113s] Level 1:colcon.colcon_core.package_identification:_identify(src/pinkk_handeye_automation) by extension 'colcon_meta'
[0.113s] Level 1:colcon.colcon_core.package_identification:_identify(src/pinkk_handeye_automation) by extensions ['ros']
[0.113s] Level 1:colcon.colcon_core.package_identification:_identify(src/pinkk_handeye_automation) by extension 'ros'
[0.114s] DEBUG:colcon.colcon_core.package_identification:Package 'src/pinkk_handeye_automation' with type 'ros.ament_python' and name 'pinkk_handeye_automation'
[0.114s] Level 1:colcon.colcon_core.package_identification:_identify(src/pinkk_mycobot_bridge) by extensions ['ignore', 'ignore_ament_install']
[0.114s] Level 1:colcon.colcon_core.package_identification:_identify(src/pinkk_mycobot_bridge) by extension 'ignore'
[0.114s] Level 1:colcon.colcon_core.package_identification:_identify(src/pinkk_mycobot_bridge) by extension 'ignore_ament_install'
[0.114s] Level 1:colcon.colcon_core.package_identification:_identify(src/pinkk_mycobot_bridge) by extensions ['colcon_pkg']
[0.114s] Level 1:colcon.colcon_core.package_identification:_identify(src/pinkk_mycobot_bridge) by extension 'colcon_pkg'
[0.114s] Level 1:colcon.colcon_core.package_identification:_identify(src/pinkk_mycobot_bridge) by extensions ['colcon_meta']
[0.114s] Level 1:colcon.colcon_core.package_identification:_identify(src/pinkk_mycobot_bridge) by extension 'colcon_meta'
[0.114s] Level 1:colcon.colcon_core.package_identification:_identify(src/pinkk_mycobot_bridge) by extensions ['ros']
[0.114s] Level 1:colcon.colcon_core.package_identification:_identify(src/pinkk_mycobot_bridge) by extension 'ros'
[0.114s] DEBUG:colcon.colcon_core.package_identification:Package 'src/pinkk_mycobot_bridge' with type 'ros.ament_python' and name 'pinkk_mycobot_bridge'
[0.114s] Level 1:colcon.colcon_core.package_discovery:discover_packages(recursive) using defaults
[0.114s] Level 1:colcon.colcon_core.package_discovery:discover_packages(ignore) discover
[0.114s] Level 1:colcon.colcon_core.package_discovery:discover_packages(ignore) using defaults
[0.114s] Level 1:colcon.colcon_core.package_discovery:discover_packages(path) discover
[0.115s] Level 1:colcon.colcon_core.package_discovery:discover_packages(path) using defaults
[0.127s] Level 1:colcon.colcon_core.package_discovery:discover_packages(prefix_path) check parameters
[0.127s] Level 1:colcon.colcon_core.package_discovery:discover_packages(prefix_path) discover
[0.129s] DEBUG:colcon.colcon_installed_package_information.package_discovery:Found 37 installed packages in /home/kim-jayeon/camera_ws/install
[0.131s] DEBUG:colcon.colcon_installed_package_information.package_discovery:Found 441 installed packages in /opt/ros/jazzy
[0.131s] Level 1:colcon.colcon_core.package_discovery:discover_packages(prefix_path) using defaults
[0.172s] Level 5:colcon.colcon_core.verb:set package 'pinkk_handeye_automation' build argument 'cmake_args' from command line to 'None'
[0.172s] Level 5:colcon.colcon_core.verb:set package 'pinkk_handeye_automation' build argument 'cmake_target' from command line to 'None'
[0.172s] Level 5:colcon.colcon_core.verb:set package 'pinkk_handeye_automation' build argument 'cmake_target_skip_unavailable' from command line to 'False'
[0.172s] Level 5:colcon.colcon_core.verb:set package 'pinkk_handeye_automation' build argument 'cmake_clean_cache' from command line to 'False'
[0.172s] Level 5:colcon.colcon_core.verb:set package 'pinkk_handeye_automation' build argument 'cmake_clean_first' from command line to 'False'
[0.172s] Level 5:colcon.colcon_core.verb:set package 'pinkk_handeye_automation' build argument 'cmake_force_configure' from command line to 'False'
[0.172s] Level 5:colcon.colcon_core.verb:set package 'pinkk_handeye_automation' build argument 'ament_cmake_args' from command line to 'None'
[0.172s] Level 5:colcon.colcon_core.verb:set package 'pinkk_handeye_automation' build argument 'catkin_cmake_args' from command line to 'None'
[0.172s] Level 5:colcon.colcon_core.verb:set package 'pinkk_handeye_automation' build argument 'catkin_skip_building_tests' from command line to 'False'
[0.172s] DEBUG:colcon.colcon_core.verb:Building package 'pinkk_handeye_automation' with the following arguments: {'ament_cmake_args': None, 'build_base': '/home/kim-jayeon/Pinkk/ros2_ws/build/pinkk_handeye_automation', 'catkin_cmake_args': None, 'catkin_skip_building_tests': False, 'cmake_args': None, 'cmake_clean_cache': False, 'cmake_clean_first': False, 'cmake_force_configure': False, 'cmake_target': None, 'cmake_target_skip_unavailable': False, 'install_base': '/home/kim-jayeon/Pinkk/ros2_ws/install/pinkk_handeye_automation', 'merge_install': False, 'path': '/home/kim-jayeon/Pinkk/ros2_ws/src/pinkk_handeye_automation', 'symlink_install': True, 'test_result_base': None}
[0.172s] Level 5:colcon.colcon_core.verb:set package 'pinkk_mycobot_bridge' build argument 'cmake_args' from command line to 'None'
[0.172s] Level 5:colcon.colcon_core.verb:set package 'pinkk_mycobot_bridge' build argument 'cmake_target' from command line to 'None'
[0.172s] Level 5:colcon.colcon_core.verb:set package 'pinkk_mycobot_bridge' build argument 'cmake_target_skip_unavailable' from command line to 'False'
[0.172s] Level 5:colcon.colcon_core.verb:set package 'pinkk_mycobot_bridge' build argument 'cmake_clean_cache' from command line to 'False'
[0.172s] Level 5:colcon.colcon_core.verb:set package 'pinkk_mycobot_bridge' build argument 'cmake_clean_first' from command line to 'False'
[0.172s] Level 5:colcon.colcon_core.verb:set package 'pinkk_mycobot_bridge' build argument 'cmake_force_configure' from command line to 'False'
[0.172s] Level 5:colcon.colcon_core.verb:set package 'pinkk_mycobot_bridge' build argument 'ament_cmake_args' from command line to 'None'
[0.172s] Level 5:colcon.colcon_core.verb:set package 'pinkk_mycobot_bridge' build argument 'catkin_cmake_args' from command line to 'None'
[0.172s] Level 5:colcon.colcon_core.verb:set package 'pinkk_mycobot_bridge' build argument 'catkin_skip_building_tests' from command line to 'False'
[0.172s] DEBUG:colcon.colcon_core.verb:Building package 'pinkk_mycobot_bridge' with the following arguments: {'ament_cmake_args': None, 'build_base': '/home/kim-jayeon/Pinkk/ros2_ws/build/pinkk_mycobot_bridge', 'catkin_cmake_args': None, 'catkin_skip_building_tests': False, 'cmake_args': None, 'cmake_clean_cache': False, 'cmake_clean_first': False, 'cmake_force_configure': False, 'cmake_target': None, 'cmake_target_skip_unavailable': False, 'install_base': '/home/kim-jayeon/Pinkk/ros2_ws/install/pinkk_mycobot_bridge', 'merge_install': False, 'path': '/home/kim-jayeon/Pinkk/ros2_ws/src/pinkk_mycobot_bridge', 'symlink_install': True, 'test_result_base': None}
[0.172s] INFO:colcon.colcon_core.executor:Executing jobs using 'parallel' executor
[0.173s] DEBUG:colcon.colcon_parallel_executor.executor.parallel:run_until_complete
[0.173s] INFO:colcon.colcon_ros.task.ament_python.build:Building ROS package in '/home/kim-jayeon/Pinkk/ros2_ws/src/pinkk_handeye_automation' with build type 'ament_python'
[0.173s] Level 1:colcon.colcon_core.shell:create_environment_hook('pinkk_handeye_automation', 'ament_prefix_path')
[0.175s] INFO:colcon.colcon_core.plugin_system:Skipping extension 'colcon_core.shell.bat': Not used on non-Windows systems
[0.175s] INFO:colcon.colcon_core.shell:Creating environment hook '/home/kim-jayeon/Pinkk/ros2_ws/install/pinkk_handeye_automation/share/pinkk_handeye_automation/hook/ament_prefix_path.ps1'
[0.176s] INFO:colcon.colcon_core.shell:Creating environment descriptor '/home/kim-jayeon/Pinkk/ros2_ws/install/pinkk_handeye_automation/share/pinkk_handeye_automation/hook/ament_prefix_path.dsv'
[0.177s] INFO:colcon.colcon_core.shell:Creating environment hook '/home/kim-jayeon/Pinkk/ros2_ws/install/pinkk_handeye_automation/share/pinkk_handeye_automation/hook/ament_prefix_path.sh'
[0.178s] INFO:colcon.colcon_core.shell:Skip shell extension 'powershell' for command environment: Not usable outside of PowerShell
[0.178s] DEBUG:colcon.colcon_core.shell:Skip shell extension 'dsv' for command environment
[0.182s] INFO:colcon.colcon_ros.task.ament_python.build:Building ROS package in '/home/kim-jayeon/Pinkk/ros2_ws/src/pinkk_mycobot_bridge' with build type 'ament_python'
[0.183s] Level 1:colcon.colcon_core.shell:create_environment_hook('pinkk_mycobot_bridge', 'ament_prefix_path')
[0.183s] INFO:colcon.colcon_core.shell:Creating environment hook '/home/kim-jayeon/Pinkk/ros2_ws/install/pinkk_mycobot_bridge/share/pinkk_mycobot_bridge/hook/ament_prefix_path.ps1'
[0.183s] INFO:colcon.colcon_core.shell:Creating environment descriptor '/home/kim-jayeon/Pinkk/ros2_ws/install/pinkk_mycobot_bridge/share/pinkk_mycobot_bridge/hook/ament_prefix_path.dsv'
[0.183s] INFO:colcon.colcon_core.shell:Creating environment hook '/home/kim-jayeon/Pinkk/ros2_ws/install/pinkk_mycobot_bridge/share/pinkk_mycobot_bridge/hook/ament_prefix_path.sh'
[0.184s] INFO:colcon.colcon_core.shell:Skip shell extension 'powershell' for command environment: Not usable outside of PowerShell
[0.184s] DEBUG:colcon.colcon_core.shell:Skip shell extension 'dsv' for command environment
[0.360s] INFO:colcon.colcon_core.task.python.build:Building Python package in '/home/kim-jayeon/Pinkk/ros2_ws/src/pinkk_handeye_automation'
[0.360s] INFO:colcon.colcon_core.shell:Skip shell extension 'powershell' for command environment: Not usable outside of PowerShell
[0.360s] DEBUG:colcon.colcon_core.shell:Skip shell extension 'dsv' for command environment
[0.560s] INFO:colcon.colcon_core.task.python.build:Building Python package in '/home/kim-jayeon/Pinkk/ros2_ws/src/pinkk_mycobot_bridge'
[0.561s] INFO:colcon.colcon_core.shell:Skip shell extension 'powershell' for command environment: Not usable outside of PowerShell
[0.561s] DEBUG:colcon.colcon_core.shell:Skip shell extension 'dsv' for command environment
[1.061s] DEBUG:colcon.colcon_core.task.python.build:Available setuptools commands: register, build_clib, symlink_data, build, compile_catalog, install_scripts, bdist_rpm, sdist, editable_wheel, upload, easy_install, install_lib, test, upload_docs, build_py, build_scripts, build_ext, check, install, setopt, bdist_egg, bdist, install_data, egg_info, bdist_wheel, install_egg_info, alias, clean, install_headers, bdist_dumb, extract_messages, rotate, saveopts, update_catalog, develop, dist_info, init_catalog
[1.062s] DEBUG:colcon.colcon_core.task.python.build:Available setuptools commands: register, build_clib, symlink_data, build, compile_catalog, install_scripts, bdist_rpm, sdist, editable_wheel, upload, easy_install, install_lib, test, upload_docs, build_py, build_scripts, build_ext, check, install, setopt, bdist_egg, bdist, install_data, egg_info, bdist_wheel, install_egg_info, alias, clean, install_headers, bdist_dumb, extract_messages, rotate, saveopts, update_catalog, develop, dist_info, init_catalog
[1.370s] DEBUG:colcon.colcon_core.task.python.build:Available setuptools 'develop' options: --always-copy, --no-find-links, --site-dirs, --multi-version, --find-links, --uninstall, --install-layout, --local-snapshots-ok, --exclude-scripts, --egg-path, --no-deps, --optimize, --dry-run, --upgrade, --build-directory, --version, --quiet, --zip-ok, --editable, --install-dir, --help, --user, --always-unzip, --record, --verbose, --no-user-cfg, --script-dir, --force-installation-into-system-dir, --allow-hosts, --prefix, --index-url
[1.371s] DEBUG:colcon.colcon_core.event_handler.log_command:Invoking command in '/home/kim-jayeon/Pinkk/ros2_ws/build/pinkk_mycobot_bridge': DEBUGINFOD_URLS=https://debuginfod.ubuntu.com PYTHONPATH=/home/kim-jayeon/Pinkk/ros2_ws/build/pinkk_mycobot_bridge/prefix_override:/usr/lib/python3/dist-packages/colcon_core/task/python/colcon_distutils_commands:/home/kim-jayeon/Pinkk/ros2_ws/install/pinkk_mycobot_bridge/lib/python3.12/site-packages:${PYTHONPATH} /usr/bin/python3 -W ignore:setup.py install is deprecated -W ignore:easy_install command is deprecated setup.py develop --editable --build-directory /home/kim-jayeon/Pinkk/ros2_ws/build/pinkk_mycobot_bridge/build --no-deps symlink_data
[1.374s] DEBUG:colcon.colcon_core.task.python.build:Available setuptools 'develop' options: --always-copy, --no-find-links, --site-dirs, --multi-version, --find-links, --uninstall, --install-layout, --local-snapshots-ok, --exclude-scripts, --egg-path, --no-deps, --optimize, --dry-run, --upgrade, --build-directory, --version, --quiet, --zip-ok, --editable, --install-dir, --help, --user, --always-unzip, --record, --verbose, --no-user-cfg, --script-dir, --force-installation-into-system-dir, --allow-hosts, --prefix, --index-url
[1.376s] DEBUG:colcon.colcon_core.event_handler.log_command:Invoking command in '/home/kim-jayeon/Pinkk/ros2_ws/build/pinkk_handeye_automation': DEBUGINFOD_URLS=https://debuginfod.ubuntu.com PYTHONPATH=/home/kim-jayeon/Pinkk/ros2_ws/build/pinkk_handeye_automation/prefix_override:/usr/lib/python3/dist-packages/colcon_core/task/python/colcon_distutils_commands:/home/kim-jayeon/Pinkk/ros2_ws/install/pinkk_handeye_automation/lib/python3.12/site-packages:${PYTHONPATH} /usr/bin/python3 -W ignore:setup.py install is deprecated -W ignore:easy_install command is deprecated setup.py develop --editable --build-directory /home/kim-jayeon/Pinkk/ros2_ws/build/pinkk_handeye_automation/build --no-deps symlink_data
[1.955s] Level 1:colcon.colcon_core.shell:create_environment_hook('pinkk_handeye_automation', 'pythonpath_develop')
[1.955s] INFO:colcon.colcon_core.shell:Creating environment hook '/home/kim-jayeon/Pinkk/ros2_ws/build/pinkk_handeye_automation/share/pinkk_handeye_automation/hook/pythonpath_develop.ps1'
[1.956s] DEBUG:colcon.colcon_core.event_handler.log_command:Invoked command in '/home/kim-jayeon/Pinkk/ros2_ws/build/pinkk_handeye_automation' returned '0': DEBUGINFOD_URLS=https://debuginfod.ubuntu.com PYTHONPATH=/home/kim-jayeon/Pinkk/ros2_ws/build/pinkk_handeye_automation/prefix_override:/usr/lib/python3/dist-packages/colcon_core/task/python/colcon_distutils_commands:/home/kim-jayeon/Pinkk/ros2_ws/install/pinkk_handeye_automation/lib/python3.12/site-packages:${PYTHONPATH} /usr/bin/python3 -W ignore:setup.py install is deprecated -W ignore:easy_install command is deprecated setup.py develop --editable --build-directory /home/kim-jayeon/Pinkk/ros2_ws/build/pinkk_handeye_automation/build --no-deps symlink_data
[1.956s] INFO:colcon.colcon_core.shell:Creating environment descriptor '/home/kim-jayeon/Pinkk/ros2_ws/build/pinkk_handeye_automation/share/pinkk_handeye_automation/hook/pythonpath_develop.dsv'
[1.956s] INFO:colcon.colcon_core.shell:Creating environment hook '/home/kim-jayeon/Pinkk/ros2_ws/build/pinkk_handeye_automation/share/pinkk_handeye_automation/hook/pythonpath_develop.sh'
[1.958s] Level 1:colcon.colcon_core.environment:checking '/home/kim-jayeon/Pinkk/ros2_ws/install/pinkk_handeye_automation' for CMake module files
[1.958s] Level 1:colcon.colcon_core.environment:checking '/home/kim-jayeon/Pinkk/ros2_ws/install/pinkk_handeye_automation' for CMake config files
[1.959s] Level 1:colcon.colcon_core.environment:checking '/home/kim-jayeon/Pinkk/ros2_ws/install/pinkk_handeye_automation/lib'
[1.959s] Level 1:colcon.colcon_core.environment:checking '/home/kim-jayeon/Pinkk/ros2_ws/install/pinkk_handeye_automation/bin'
[1.959s] Level 1:colcon.colcon_core.environment:checking '/home/kim-jayeon/Pinkk/ros2_ws/install/pinkk_handeye_automation/lib/pkgconfig/pinkk_handeye_automation.pc'
[1.959s] Level 1:colcon.colcon_core.environment:checking '/home/kim-jayeon/Pinkk/ros2_ws/install/pinkk_handeye_automation/lib/python3.12/site-packages'
[1.959s] Level 1:colcon.colcon_core.shell:create_environment_hook('pinkk_handeye_automation', 'pythonpath')
[1.959s] INFO:colcon.colcon_core.shell:Creating environment hook '/home/kim-jayeon/Pinkk/ros2_ws/install/pinkk_handeye_automation/share/pinkk_handeye_automation/hook/pythonpath.ps1'
[1.959s] INFO:colcon.colcon_core.shell:Creating environment descriptor '/home/kim-jayeon/Pinkk/ros2_ws/install/pinkk_handeye_automation/share/pinkk_handeye_automation/hook/pythonpath.dsv'
[1.960s] INFO:colcon.colcon_core.shell:Creating environment hook '/home/kim-jayeon/Pinkk/ros2_ws/install/pinkk_handeye_automation/share/pinkk_handeye_automation/hook/pythonpath.sh'
[1.960s] Level 1:colcon.colcon_core.environment:checking '/home/kim-jayeon/Pinkk/ros2_ws/install/pinkk_handeye_automation/bin'
[1.960s] Level 1:colcon.colcon_core.environment:create_environment_scripts_only(pinkk_handeye_automation)
[1.960s] INFO:colcon.colcon_core.shell:Creating package script '/home/kim-jayeon/Pinkk/ros2_ws/install/pinkk_handeye_automation/share/pinkk_handeye_automation/package.ps1'
[1.961s] INFO:colcon.colcon_core.shell:Creating package descriptor '/home/kim-jayeon/Pinkk/ros2_ws/install/pinkk_handeye_automation/share/pinkk_handeye_automation/package.dsv'
[1.961s] INFO:colcon.colcon_core.shell:Creating package script '/home/kim-jayeon/Pinkk/ros2_ws/install/pinkk_handeye_automation/share/pinkk_handeye_automation/package.sh'
[1.961s] INFO:colcon.colcon_core.shell:Creating package script '/home/kim-jayeon/Pinkk/ros2_ws/install/pinkk_handeye_automation/share/pinkk_handeye_automation/package.bash'
[1.961s] INFO:colcon.colcon_core.shell:Creating package script '/home/kim-jayeon/Pinkk/ros2_ws/install/pinkk_handeye_automation/share/pinkk_handeye_automation/package.zsh'
[1.962s] Level 1:colcon.colcon_core.environment:create_file_with_runtime_dependencies(/home/kim-jayeon/Pinkk/ros2_ws/install/pinkk_handeye_automation/share/colcon-core/packages/pinkk_handeye_automation)
[1.963s] Level 1:colcon.colcon_core.shell:create_environment_hook('pinkk_mycobot_bridge', 'pythonpath_develop')
[1.963s] INFO:colcon.colcon_core.shell:Creating environment hook '/home/kim-jayeon/Pinkk/ros2_ws/build/pinkk_mycobot_bridge/share/pinkk_mycobot_bridge/hook/pythonpath_develop.ps1'
[1.963s] DEBUG:colcon.colcon_core.event_handler.log_command:Invoked command in '/home/kim-jayeon/Pinkk/ros2_ws/build/pinkk_mycobot_bridge' returned '0': DEBUGINFOD_URLS=https://debuginfod.ubuntu.com PYTHONPATH=/home/kim-jayeon/Pinkk/ros2_ws/build/pinkk_mycobot_bridge/prefix_override:/usr/lib/python3/dist-packages/colcon_core/task/python/colcon_distutils_commands:/home/kim-jayeon/Pinkk/ros2_ws/install/pinkk_mycobot_bridge/lib/python3.12/site-packages:${PYTHONPATH} /usr/bin/python3 -W ignore:setup.py install is deprecated -W ignore:easy_install command is deprecated setup.py develop --editable --build-directory /home/kim-jayeon/Pinkk/ros2_ws/build/pinkk_mycobot_bridge/build --no-deps symlink_data
[1.963s] INFO:colcon.colcon_core.shell:Creating environment descriptor '/home/kim-jayeon/Pinkk/ros2_ws/build/pinkk_mycobot_bridge/share/pinkk_mycobot_bridge/hook/pythonpath_develop.dsv'
[1.963s] INFO:colcon.colcon_core.shell:Creating environment hook '/home/kim-jayeon/Pinkk/ros2_ws/build/pinkk_mycobot_bridge/share/pinkk_mycobot_bridge/hook/pythonpath_develop.sh'
[1.964s] Level 1:colcon.colcon_core.environment:checking '/home/kim-jayeon/Pinkk/ros2_ws/install/pinkk_mycobot_bridge' for CMake module files
[1.964s] Level 1:colcon.colcon_core.environment:checking '/home/kim-jayeon/Pinkk/ros2_ws/install/pinkk_mycobot_bridge' for CMake config files
[1.964s] Level 1:colcon.colcon_core.environment:checking '/home/kim-jayeon/Pinkk/ros2_ws/install/pinkk_mycobot_bridge/lib'
[1.964s] Level 1:colcon.colcon_core.environment:checking '/home/kim-jayeon/Pinkk/ros2_ws/install/pinkk_mycobot_bridge/bin'
[1.964s] Level 1:colcon.colcon_core.environment:checking '/home/kim-jayeon/Pinkk/ros2_ws/install/pinkk_mycobot_bridge/lib/pkgconfig/pinkk_mycobot_bridge.pc'
[1.964s] Level 1:colcon.colcon_core.environment:checking '/home/kim-jayeon/Pinkk/ros2_ws/install/pinkk_mycobot_bridge/lib/python3.12/site-packages'
[1.964s] Level 1:colcon.colcon_core.shell:create_environment_hook('pinkk_mycobot_bridge', 'pythonpath')
[1.965s] INFO:colcon.colcon_core.shell:Creating environment hook '/home/kim-jayeon/Pinkk/ros2_ws/install/pinkk_mycobot_bridge/share/pinkk_mycobot_bridge/hook/pythonpath.ps1'
[1.965s] INFO:colcon.colcon_core.shell:Creating environment descriptor '/home/kim-jayeon/Pinkk/ros2_ws/install/pinkk_mycobot_bridge/share/pinkk_mycobot_bridge/hook/pythonpath.dsv'
[1.965s] INFO:colcon.colcon_core.shell:Creating environment hook '/home/kim-jayeon/Pinkk/ros2_ws/install/pinkk_mycobot_bridge/share/pinkk_mycobot_bridge/hook/pythonpath.sh'
[1.965s] Level 1:colcon.colcon_core.environment:checking '/home/kim-jayeon/Pinkk/ros2_ws/install/pinkk_mycobot_bridge/bin'
[1.965s] Level 1:colcon.colcon_core.environment:create_environment_scripts_only(pinkk_mycobot_bridge)
[1.965s] INFO:colcon.colcon_core.shell:Creating package script '/home/kim-jayeon/Pinkk/ros2_ws/install/pinkk_mycobot_bridge/share/pinkk_mycobot_bridge/package.ps1'
[1.966s] INFO:colcon.colcon_core.shell:Creating package descriptor '/home/kim-jayeon/Pinkk/ros2_ws/install/pinkk_mycobot_bridge/share/pinkk_mycobot_bridge/package.dsv'
[1.966s] INFO:colcon.colcon_core.shell:Creating package script '/home/kim-jayeon/Pinkk/ros2_ws/install/pinkk_mycobot_bridge/share/pinkk_mycobot_bridge/package.sh'
[1.966s] INFO:colcon.colcon_core.shell:Creating package script '/home/kim-jayeon/Pinkk/ros2_ws/install/pinkk_mycobot_bridge/share/pinkk_mycobot_bridge/package.bash'
[1.966s] INFO:colcon.colcon_core.shell:Creating package script '/home/kim-jayeon/Pinkk/ros2_ws/install/pinkk_mycobot_bridge/share/pinkk_mycobot_bridge/package.zsh'
[1.966s] Level 1:colcon.colcon_core.environment:create_file_with_runtime_dependencies(/home/kim-jayeon/Pinkk/ros2_ws/install/pinkk_mycobot_bridge/share/colcon-core/packages/pinkk_mycobot_bridge)
[1.967s] DEBUG:colcon.colcon_parallel_executor.executor.parallel:closing loop
[1.967s] DEBUG:colcon.colcon_parallel_executor.executor.parallel:loop closed
[1.967s] DEBUG:colcon.colcon_parallel_executor.executor.parallel:run_until_complete finished with '0'
[1.967s] DEBUG:colcon.colcon_core.event_reactor:joining thread
[1.971s] INFO:colcon.colcon_core.plugin_system:Skipping extension 'colcon_notification.desktop_notification.terminal_notifier': Not used on non-Darwin systems
[1.971s] INFO:colcon.colcon_core.plugin_system:Skipping extension 'colcon_notification.desktop_notification.win32': Not used on non-Windows systems
[1.971s] INFO:colcon.colcon_notification.desktop_notification:Sending desktop notification using 'notify2'
[1.983s] DEBUG:colcon.colcon_core.event_reactor:joined thread
[1.983s] INFO:colcon.colcon_core.shell:Creating prefix script '/home/kim-jayeon/Pinkk/ros2_ws/install/local_setup.ps1'
[1.984s] INFO:colcon.colcon_core.shell:Creating prefix util module '/home/kim-jayeon/Pinkk/ros2_ws/install/_local_setup_util_ps1.py'
[1.986s] INFO:colcon.colcon_core.shell:Creating prefix chain script '/home/kim-jayeon/Pinkk/ros2_ws/install/setup.ps1'
[1.988s] INFO:colcon.colcon_core.shell:Creating prefix script '/home/kim-jayeon/Pinkk/ros2_ws/install/local_setup.sh'
[1.988s] INFO:colcon.colcon_core.shell:Creating prefix util module '/home/kim-jayeon/Pinkk/ros2_ws/install/_local_setup_util_sh.py'
[1.988s] INFO:colcon.colcon_core.shell:Creating prefix chain script '/home/kim-jayeon/Pinkk/ros2_ws/install/setup.sh'
[1.990s] INFO:colcon.colcon_core.shell:Creating prefix script '/home/kim-jayeon/Pinkk/ros2_ws/install/local_setup.bash'
[1.990s] INFO:colcon.colcon_core.shell:Creating prefix chain script '/home/kim-jayeon/Pinkk/ros2_ws/install/setup.bash'
[1.991s] INFO:colcon.colcon_core.shell:Creating prefix script '/home/kim-jayeon/Pinkk/ros2_ws/install/local_setup.zsh'
[1.991s] INFO:colcon.colcon_core.shell:Creating prefix chain script '/home/kim-jayeon/Pinkk/ros2_ws/install/setup.zsh'
