[0.076s] DEBUG:colcon:Command line arguments: ['/usr/bin/colcon', 'build', '--packages-select', 'pinkk_usb_insertion', '--symlink-install', '--build-base', '/home/juwon/mycobot_moveit_ws/build_pinkk', '--install-base', '/home/juwon/mycobot_moveit_ws/install_pinkk']
[0.077s] DEBUG:colcon:Parsed command line arguments: Namespace(log_base=None, log_level=None, verb_name='build', build_base='/home/juwon/mycobot_moveit_ws/build_pinkk', install_base='/home/juwon/mycobot_moveit_ws/install_pinkk', merge_install=False, symlink_install=True, test_result_base=None, continue_on_error=False, executor='parallel', parallel_workers=16, event_handlers=None, ignore_user_meta=False, metas=['./colcon.meta'], base_paths=['.'], packages_ignore=None, packages_ignore_regex=None, paths=None, packages_up_to=None, packages_up_to_regex=None, packages_above=None, packages_above_and_dependencies=None, packages_above_depth=None, packages_select_by_dep=None, packages_skip_by_dep=None, packages_skip_up_to=None, packages_select_build_failed=False, packages_skip_build_finished=False, packages_select_test_failures=False, packages_skip_test_passed=False, packages_select=['pinkk_usb_insertion'], packages_skip=None, packages_select_regex=None, packages_skip_regex=None, packages_start=None, packages_end=None, allow_overriding=[], cmake_args=None, cmake_target=None, cmake_target_skip_unavailable=False, cmake_clean_cache=False, cmake_clean_first=False, cmake_force_configure=False, ament_cmake_args=None, catkin_cmake_args=None, catkin_skip_building_tests=False, verb_parser=<colcon_defaults.argument_parser.defaults.DefaultArgumentsDecorator object at 0x7af39b3adf70>, verb_extension=<colcon_core.verb.build.BuildVerb object at 0x7af39b3add60>, main=<bound method BuildVerb.main of <colcon_core.verb.build.BuildVerb object at 0x7af39b3add60>>)
[0.107s] Level 1:colcon.colcon_core.package_discovery:discover_packages(colcon_meta) check parameters
[0.107s] Level 1:colcon.colcon_core.package_discovery:discover_packages(recursive) check parameters
[0.107s] Level 1:colcon.colcon_core.package_discovery:discover_packages(ignore) check parameters
[0.107s] Level 1:colcon.colcon_core.package_discovery:discover_packages(path) check parameters
[0.107s] Level 1:colcon.colcon_core.package_discovery:discover_packages(colcon_meta) discover
[0.107s] Level 1:colcon.colcon_core.package_discovery:discover_packages(recursive) discover
[0.107s] INFO:colcon.colcon_core.package_discovery:Crawling recursively for packages in '/home/juwon/Desktop/Pinkk-robot-arm/ros2_ws'
[0.107s] Level 1:colcon.colcon_core.package_identification:_identify(.) by extensions ['ignore', 'ignore_ament_install']
[0.107s] Level 1:colcon.colcon_core.package_identification:_identify(.) by extension 'ignore'
[0.107s] Level 1:colcon.colcon_core.package_identification:_identify(.) by extension 'ignore_ament_install'
[0.107s] Level 1:colcon.colcon_core.package_identification:_identify(.) by extensions ['colcon_pkg']
[0.107s] Level 1:colcon.colcon_core.package_identification:_identify(.) by extension 'colcon_pkg'
[0.107s] Level 1:colcon.colcon_core.package_identification:_identify(.) by extensions ['colcon_meta']
[0.107s] Level 1:colcon.colcon_core.package_identification:_identify(.) by extension 'colcon_meta'
[0.107s] Level 1:colcon.colcon_core.package_identification:_identify(.) by extensions ['ros']
[0.107s] Level 1:colcon.colcon_core.package_identification:_identify(.) by extension 'ros'
[0.128s] Level 1:colcon.colcon_core.package_identification:_identify(.) by extensions ['cmake', 'python']
[0.128s] Level 1:colcon.colcon_core.package_identification:_identify(.) by extension 'cmake'
[0.128s] Level 1:colcon.colcon_core.package_identification:_identify(.) by extension 'python'
[0.128s] Level 1:colcon.colcon_core.package_identification:_identify(.) by extensions ['python_setup_py']
[0.128s] Level 1:colcon.colcon_core.package_identification:_identify(.) by extension 'python_setup_py'
[0.128s] Level 1:colcon.colcon_core.package_identification:_identify(log) by extensions ['ignore', 'ignore_ament_install']
[0.128s] Level 1:colcon.colcon_core.package_identification:_identify(log) by extension 'ignore'
[0.128s] Level 1:colcon.colcon_core.package_identification:_identify(log) ignored
[0.128s] Level 1:colcon.colcon_core.package_identification:_identify(src) by extensions ['ignore', 'ignore_ament_install']
[0.128s] Level 1:colcon.colcon_core.package_identification:_identify(src) by extension 'ignore'
[0.128s] Level 1:colcon.colcon_core.package_identification:_identify(src) by extension 'ignore_ament_install'
[0.128s] Level 1:colcon.colcon_core.package_identification:_identify(src) by extensions ['colcon_pkg']
[0.128s] Level 1:colcon.colcon_core.package_identification:_identify(src) by extension 'colcon_pkg'
[0.128s] Level 1:colcon.colcon_core.package_identification:_identify(src) by extensions ['colcon_meta']
[0.128s] Level 1:colcon.colcon_core.package_identification:_identify(src) by extension 'colcon_meta'
[0.129s] Level 1:colcon.colcon_core.package_identification:_identify(src) by extensions ['ros']
[0.129s] Level 1:colcon.colcon_core.package_identification:_identify(src) by extension 'ros'
[0.129s] Level 1:colcon.colcon_core.package_identification:_identify(src) by extensions ['cmake', 'python']
[0.129s] Level 1:colcon.colcon_core.package_identification:_identify(src) by extension 'cmake'
[0.129s] Level 1:colcon.colcon_core.package_identification:_identify(src) by extension 'python'
[0.129s] Level 1:colcon.colcon_core.package_identification:_identify(src) by extensions ['python_setup_py']
[0.129s] Level 1:colcon.colcon_core.package_identification:_identify(src) by extension 'python_setup_py'
[0.129s] Level 1:colcon.colcon_core.package_identification:_identify(src/pinkk_handeye_automation) by extensions ['ignore', 'ignore_ament_install']
[0.129s] Level 1:colcon.colcon_core.package_identification:_identify(src/pinkk_handeye_automation) by extension 'ignore'
[0.129s] Level 1:colcon.colcon_core.package_identification:_identify(src/pinkk_handeye_automation) by extension 'ignore_ament_install'
[0.129s] Level 1:colcon.colcon_core.package_identification:_identify(src/pinkk_handeye_automation) by extensions ['colcon_pkg']
[0.129s] Level 1:colcon.colcon_core.package_identification:_identify(src/pinkk_handeye_automation) by extension 'colcon_pkg'
[0.129s] Level 1:colcon.colcon_core.package_identification:_identify(src/pinkk_handeye_automation) by extensions ['colcon_meta']
[0.129s] Level 1:colcon.colcon_core.package_identification:_identify(src/pinkk_handeye_automation) by extension 'colcon_meta'
[0.129s] Level 1:colcon.colcon_core.package_identification:_identify(src/pinkk_handeye_automation) by extensions ['ros']
[0.129s] Level 1:colcon.colcon_core.package_identification:_identify(src/pinkk_handeye_automation) by extension 'ros'
[0.130s] DEBUG:colcon.colcon_core.package_identification:Package 'src/pinkk_handeye_automation' with type 'ros.ament_python' and name 'pinkk_handeye_automation'
[0.130s] Level 1:colcon.colcon_core.package_identification:_identify(src/pinkk_mycobot_bridge) by extensions ['ignore', 'ignore_ament_install']
[0.131s] Level 1:colcon.colcon_core.package_identification:_identify(src/pinkk_mycobot_bridge) by extension 'ignore'
[0.131s] Level 1:colcon.colcon_core.package_identification:_identify(src/pinkk_mycobot_bridge) by extension 'ignore_ament_install'
[0.131s] Level 1:colcon.colcon_core.package_identification:_identify(src/pinkk_mycobot_bridge) by extensions ['colcon_pkg']
[0.131s] Level 1:colcon.colcon_core.package_identification:_identify(src/pinkk_mycobot_bridge) by extension 'colcon_pkg'
[0.131s] Level 1:colcon.colcon_core.package_identification:_identify(src/pinkk_mycobot_bridge) by extensions ['colcon_meta']
[0.131s] Level 1:colcon.colcon_core.package_identification:_identify(src/pinkk_mycobot_bridge) by extension 'colcon_meta'
[0.131s] Level 1:colcon.colcon_core.package_identification:_identify(src/pinkk_mycobot_bridge) by extensions ['ros']
[0.131s] Level 1:colcon.colcon_core.package_identification:_identify(src/pinkk_mycobot_bridge) by extension 'ros'
[0.131s] DEBUG:colcon.colcon_core.package_identification:Package 'src/pinkk_mycobot_bridge' with type 'ros.ament_python' and name 'pinkk_mycobot_bridge'
[0.131s] Level 1:colcon.colcon_core.package_identification:_identify(src/pinkk_usb_insertion) by extensions ['ignore', 'ignore_ament_install']
[0.131s] Level 1:colcon.colcon_core.package_identification:_identify(src/pinkk_usb_insertion) by extension 'ignore'
[0.131s] Level 1:colcon.colcon_core.package_identification:_identify(src/pinkk_usb_insertion) by extension 'ignore_ament_install'
[0.131s] Level 1:colcon.colcon_core.package_identification:_identify(src/pinkk_usb_insertion) by extensions ['colcon_pkg']
[0.131s] Level 1:colcon.colcon_core.package_identification:_identify(src/pinkk_usb_insertion) by extension 'colcon_pkg'
[0.131s] Level 1:colcon.colcon_core.package_identification:_identify(src/pinkk_usb_insertion) by extensions ['colcon_meta']
[0.131s] Level 1:colcon.colcon_core.package_identification:_identify(src/pinkk_usb_insertion) by extension 'colcon_meta'
[0.131s] Level 1:colcon.colcon_core.package_identification:_identify(src/pinkk_usb_insertion) by extensions ['ros']
[0.131s] Level 1:colcon.colcon_core.package_identification:_identify(src/pinkk_usb_insertion) by extension 'ros'
[0.132s] DEBUG:colcon.colcon_core.package_identification:Package 'src/pinkk_usb_insertion' with type 'ros.ament_python' and name 'pinkk_usb_insertion'
[0.132s] Level 1:colcon.colcon_core.package_identification:_identify(src/pinkk_usb_insertion_interfaces) by extensions ['ignore', 'ignore_ament_install']
[0.132s] Level 1:colcon.colcon_core.package_identification:_identify(src/pinkk_usb_insertion_interfaces) by extension 'ignore'
[0.132s] Level 1:colcon.colcon_core.package_identification:_identify(src/pinkk_usb_insertion_interfaces) by extension 'ignore_ament_install'
[0.132s] Level 1:colcon.colcon_core.package_identification:_identify(src/pinkk_usb_insertion_interfaces) by extensions ['colcon_pkg']
[0.132s] Level 1:colcon.colcon_core.package_identification:_identify(src/pinkk_usb_insertion_interfaces) by extension 'colcon_pkg'
[0.132s] Level 1:colcon.colcon_core.package_identification:_identify(src/pinkk_usb_insertion_interfaces) by extensions ['colcon_meta']
[0.132s] Level 1:colcon.colcon_core.package_identification:_identify(src/pinkk_usb_insertion_interfaces) by extension 'colcon_meta'
[0.132s] Level 1:colcon.colcon_core.package_identification:_identify(src/pinkk_usb_insertion_interfaces) by extensions ['ros']
[0.132s] Level 1:colcon.colcon_core.package_identification:_identify(src/pinkk_usb_insertion_interfaces) by extension 'ros'
[0.132s] DEBUG:colcon.colcon_core.package_identification:Package 'src/pinkk_usb_insertion_interfaces' with type 'ros.ament_cmake' and name 'pinkk_usb_insertion_interfaces'
[0.132s] Level 1:colcon.colcon_core.package_discovery:discover_packages(recursive) using defaults
[0.132s] Level 1:colcon.colcon_core.package_discovery:discover_packages(ignore) discover
[0.132s] Level 1:colcon.colcon_core.package_discovery:discover_packages(ignore) using defaults
[0.132s] Level 1:colcon.colcon_core.package_discovery:discover_packages(path) discover
[0.132s] Level 1:colcon.colcon_core.package_discovery:discover_packages(path) using defaults
[0.144s] INFO:colcon.colcon_core.package_selection:Skipping not selected package 'pinkk_handeye_automation' in 'src/pinkk_handeye_automation'
[0.145s] INFO:colcon.colcon_core.package_selection:Skipping not selected package 'pinkk_usb_insertion_interfaces' in 'src/pinkk_usb_insertion_interfaces'
[0.145s] INFO:colcon.colcon_core.package_selection:Skipping not selected package 'pinkk_mycobot_bridge' in 'src/pinkk_mycobot_bridge'
[0.145s] Level 1:colcon.colcon_core.package_discovery:discover_packages(prefix_path) check parameters
[0.145s] Level 1:colcon.colcon_core.package_discovery:discover_packages(prefix_path) discover
[0.146s] DEBUG:colcon.colcon_installed_package_information.package_discovery:Found 4 installed packages in /home/juwon/mycobot_moveit_ws/install
[0.147s] DEBUG:colcon.colcon_installed_package_information.package_discovery:Found 10 installed packages in /home/juwon/pinky_pro/install
[0.149s] DEBUG:colcon.colcon_installed_package_information.package_discovery:Found 467 installed packages in /opt/ros/jazzy
[0.150s] Level 1:colcon.colcon_core.package_discovery:discover_packages(prefix_path) using defaults
[0.191s] Level 5:colcon.colcon_core.verb:set package 'pinkk_usb_insertion' build argument 'cmake_args' from command line to 'None'
[0.191s] Level 5:colcon.colcon_core.verb:set package 'pinkk_usb_insertion' build argument 'cmake_target' from command line to 'None'
[0.191s] Level 5:colcon.colcon_core.verb:set package 'pinkk_usb_insertion' build argument 'cmake_target_skip_unavailable' from command line to 'False'
[0.191s] Level 5:colcon.colcon_core.verb:set package 'pinkk_usb_insertion' build argument 'cmake_clean_cache' from command line to 'False'
[0.191s] Level 5:colcon.colcon_core.verb:set package 'pinkk_usb_insertion' build argument 'cmake_clean_first' from command line to 'False'
[0.191s] Level 5:colcon.colcon_core.verb:set package 'pinkk_usb_insertion' build argument 'cmake_force_configure' from command line to 'False'
[0.191s] Level 5:colcon.colcon_core.verb:set package 'pinkk_usb_insertion' build argument 'ament_cmake_args' from command line to 'None'
[0.191s] Level 5:colcon.colcon_core.verb:set package 'pinkk_usb_insertion' build argument 'catkin_cmake_args' from command line to 'None'
[0.191s] Level 5:colcon.colcon_core.verb:set package 'pinkk_usb_insertion' build argument 'catkin_skip_building_tests' from command line to 'False'
[0.191s] DEBUG:colcon.colcon_core.verb:Building package 'pinkk_usb_insertion' with the following arguments: {'ament_cmake_args': None, 'build_base': '/home/juwon/mycobot_moveit_ws/build_pinkk/pinkk_usb_insertion', 'catkin_cmake_args': None, 'catkin_skip_building_tests': False, 'cmake_args': None, 'cmake_clean_cache': False, 'cmake_clean_first': False, 'cmake_force_configure': False, 'cmake_target': None, 'cmake_target_skip_unavailable': False, 'install_base': '/home/juwon/mycobot_moveit_ws/install_pinkk/pinkk_usb_insertion', 'merge_install': False, 'path': '/home/juwon/Desktop/Pinkk-robot-arm/ros2_ws/src/pinkk_usb_insertion', 'symlink_install': True, 'test_result_base': None}
[0.191s] INFO:colcon.colcon_core.executor:Executing jobs using 'parallel' executor
[0.192s] DEBUG:colcon.colcon_parallel_executor.executor.parallel:run_until_complete
[0.192s] INFO:colcon.colcon_ros.task.ament_python.build:Building ROS package in '/home/juwon/Desktop/Pinkk-robot-arm/ros2_ws/src/pinkk_usb_insertion' with build type 'ament_python'
[0.192s] Level 1:colcon.colcon_core.shell:create_environment_hook('pinkk_usb_insertion', 'ament_prefix_path')
[0.193s] INFO:colcon.colcon_core.plugin_system:Skipping extension 'colcon_core.shell.bat': Not used on non-Windows systems
[0.194s] INFO:colcon.colcon_core.shell:Creating environment hook '/home/juwon/mycobot_moveit_ws/install_pinkk/pinkk_usb_insertion/share/pinkk_usb_insertion/hook/ament_prefix_path.ps1'
[0.194s] INFO:colcon.colcon_core.shell:Creating environment descriptor '/home/juwon/mycobot_moveit_ws/install_pinkk/pinkk_usb_insertion/share/pinkk_usb_insertion/hook/ament_prefix_path.dsv'
[0.194s] INFO:colcon.colcon_core.shell:Creating environment hook '/home/juwon/mycobot_moveit_ws/install_pinkk/pinkk_usb_insertion/share/pinkk_usb_insertion/hook/ament_prefix_path.sh'
[0.195s] INFO:colcon.colcon_core.shell:Skip shell extension 'powershell' for command environment: Not usable outside of PowerShell
[0.195s] DEBUG:colcon.colcon_core.shell:Skip shell extension 'dsv' for command environment
[0.415s] INFO:colcon.colcon_core.task.python.build:Building Python package in '/home/juwon/Desktop/Pinkk-robot-arm/ros2_ws/src/pinkk_usb_insertion'
[0.415s] INFO:colcon.colcon_core.shell:Skip shell extension 'powershell' for command environment: Not usable outside of PowerShell
[0.415s] DEBUG:colcon.colcon_core.shell:Skip shell extension 'dsv' for command environment
[0.819s] DEBUG:colcon.colcon_core.task.python.build:Available setuptools commands: install_scripts, build_scripts, bdist_wheel, extract_messages, install, setopt, bdist_rpm, install_lib, check, update_catalog, bdist, build, editable_wheel, build_clib, dist_info, bdist_dumb, build_py, build_ext, alias, compile_catalog, easy_install, install_data, saveopts, init_catalog, install_egg_info, install_headers, bdist_egg, egg_info, sdist, symlink_data, develop, clean, rotate
[1.041s] DEBUG:colcon.colcon_core.task.python.build:Available setuptools 'develop' options: --prefix, --no-user-cfg, --install-dir, --no-deps, --user, --index-url, --verbose, --quiet, --help
[1.041s] INFO:colcon.colcon_core.task.python.build:No '--editable' capability in setuptools, falling back to full install
[1.042s] DEBUG:colcon.colcon_core.event_handler.log_command:Invoking command in '/home/juwon/Desktop/Pinkk-robot-arm/ros2_ws/src/pinkk_usb_insertion': AMENT_PREFIX_PATH=/home/juwon/mycobot_moveit_ws/install_pinkk/pinkk_usb_insertion_interfaces:${AMENT_PREFIX_PATH} CMAKE_PREFIX_PATH=/home/juwon/mycobot_moveit_ws/install_pinkk/pinkk_usb_insertion_interfaces:${CMAKE_PREFIX_PATH} DEBUGINFOD_URLS=https://debuginfod.ubuntu.com LD_LIBRARY_PATH=/home/juwon/mycobot_moveit_ws/install_pinkk/pinkk_usb_insertion_interfaces/lib:${LD_LIBRARY_PATH} PYTHONPATH=/home/juwon/mycobot_moveit_ws/build_pinkk/pinkk_usb_insertion/prefix_override:/usr/lib/python3/dist-packages/colcon_core/task/python/colcon_distutils_commands:/home/juwon/mycobot_moveit_ws/install_pinkk/pinkk_usb_insertion/lib/python3.12/site-packages:/home/juwon/mycobot_moveit_ws/install_pinkk/pinkk_usb_insertion_interfaces/lib/python3.12/site-packages:${PYTHONPATH} /usr/bin/python3 -W ignore:setup.py install is deprecated -W ignore:easy_install command is deprecated setup.py egg_info --egg-base ../../../../../mycobot_moveit_ws/build_pinkk/pinkk_usb_insertion build --build-base /home/juwon/mycobot_moveit_ws/build_pinkk/pinkk_usb_insertion/build install --record /home/juwon/mycobot_moveit_ws/build_pinkk/pinkk_usb_insertion/install.log --install-scripts $base/lib/pinkk_usb_insertion --single-version-externally-managed install_data
[1.469s] DEBUG:colcon.colcon_core.event_handler.log_command:Invoked command in '/home/juwon/Desktop/Pinkk-robot-arm/ros2_ws/src/pinkk_usb_insertion' returned '0': AMENT_PREFIX_PATH=/home/juwon/mycobot_moveit_ws/install_pinkk/pinkk_usb_insertion_interfaces:${AMENT_PREFIX_PATH} CMAKE_PREFIX_PATH=/home/juwon/mycobot_moveit_ws/install_pinkk/pinkk_usb_insertion_interfaces:${CMAKE_PREFIX_PATH} DEBUGINFOD_URLS=https://debuginfod.ubuntu.com LD_LIBRARY_PATH=/home/juwon/mycobot_moveit_ws/install_pinkk/pinkk_usb_insertion_interfaces/lib:${LD_LIBRARY_PATH} PYTHONPATH=/home/juwon/mycobot_moveit_ws/build_pinkk/pinkk_usb_insertion/prefix_override:/usr/lib/python3/dist-packages/colcon_core/task/python/colcon_distutils_commands:/home/juwon/mycobot_moveit_ws/install_pinkk/pinkk_usb_insertion/lib/python3.12/site-packages:/home/juwon/mycobot_moveit_ws/install_pinkk/pinkk_usb_insertion_interfaces/lib/python3.12/site-packages:${PYTHONPATH} /usr/bin/python3 -W ignore:setup.py install is deprecated -W ignore:easy_install command is deprecated setup.py egg_info --egg-base ../../../../../mycobot_moveit_ws/build_pinkk/pinkk_usb_insertion build --build-base /home/juwon/mycobot_moveit_ws/build_pinkk/pinkk_usb_insertion/build install --record /home/juwon/mycobot_moveit_ws/build_pinkk/pinkk_usb_insertion/install.log --install-scripts $base/lib/pinkk_usb_insertion --single-version-externally-managed install_data
[1.471s] Level 1:colcon.colcon_core.environment:checking '/home/juwon/mycobot_moveit_ws/install_pinkk/pinkk_usb_insertion' for CMake module files
[1.471s] Level 1:colcon.colcon_core.environment:checking '/home/juwon/mycobot_moveit_ws/install_pinkk/pinkk_usb_insertion' for CMake config files
[1.472s] Level 1:colcon.colcon_core.environment:checking '/home/juwon/mycobot_moveit_ws/install_pinkk/pinkk_usb_insertion/lib'
[1.472s] Level 1:colcon.colcon_core.environment:checking '/home/juwon/mycobot_moveit_ws/install_pinkk/pinkk_usb_insertion/bin'
[1.472s] Level 1:colcon.colcon_core.environment:checking '/home/juwon/mycobot_moveit_ws/install_pinkk/pinkk_usb_insertion/lib/pkgconfig/pinkk_usb_insertion.pc'
[1.472s] Level 1:colcon.colcon_core.environment:checking '/home/juwon/mycobot_moveit_ws/install_pinkk/pinkk_usb_insertion/lib/python3.12/site-packages'
[1.472s] Level 1:colcon.colcon_core.shell:create_environment_hook('pinkk_usb_insertion', 'pythonpath')
[1.472s] INFO:colcon.colcon_core.shell:Creating environment hook '/home/juwon/mycobot_moveit_ws/install_pinkk/pinkk_usb_insertion/share/pinkk_usb_insertion/hook/pythonpath.ps1'
[1.473s] INFO:colcon.colcon_core.shell:Creating environment descriptor '/home/juwon/mycobot_moveit_ws/install_pinkk/pinkk_usb_insertion/share/pinkk_usb_insertion/hook/pythonpath.dsv'
[1.473s] INFO:colcon.colcon_core.shell:Creating environment hook '/home/juwon/mycobot_moveit_ws/install_pinkk/pinkk_usb_insertion/share/pinkk_usb_insertion/hook/pythonpath.sh'
[1.473s] Level 1:colcon.colcon_core.environment:checking '/home/juwon/mycobot_moveit_ws/install_pinkk/pinkk_usb_insertion/bin'
[1.473s] Level 1:colcon.colcon_core.environment:create_environment_scripts_only(pinkk_usb_insertion)
[1.474s] INFO:colcon.colcon_core.shell:Creating package script '/home/juwon/mycobot_moveit_ws/install_pinkk/pinkk_usb_insertion/share/pinkk_usb_insertion/package.ps1'
[1.474s] INFO:colcon.colcon_core.shell:Creating package descriptor '/home/juwon/mycobot_moveit_ws/install_pinkk/pinkk_usb_insertion/share/pinkk_usb_insertion/package.dsv'
[1.475s] INFO:colcon.colcon_core.shell:Creating package script '/home/juwon/mycobot_moveit_ws/install_pinkk/pinkk_usb_insertion/share/pinkk_usb_insertion/package.sh'
[1.475s] INFO:colcon.colcon_core.shell:Creating package script '/home/juwon/mycobot_moveit_ws/install_pinkk/pinkk_usb_insertion/share/pinkk_usb_insertion/package.bash'
[1.476s] INFO:colcon.colcon_core.shell:Creating package script '/home/juwon/mycobot_moveit_ws/install_pinkk/pinkk_usb_insertion/share/pinkk_usb_insertion/package.zsh'
[1.476s] Level 1:colcon.colcon_core.environment:create_file_with_runtime_dependencies(/home/juwon/mycobot_moveit_ws/install_pinkk/pinkk_usb_insertion/share/colcon-core/packages/pinkk_usb_insertion)
[1.477s] DEBUG:colcon.colcon_parallel_executor.executor.parallel:closing loop
[1.477s] DEBUG:colcon.colcon_parallel_executor.executor.parallel:loop closed
[1.477s] DEBUG:colcon.colcon_parallel_executor.executor.parallel:run_until_complete finished with '0'
[1.477s] DEBUG:colcon.colcon_core.event_reactor:joining thread
[1.482s] INFO:colcon.colcon_core.plugin_system:Skipping extension 'colcon_notification.desktop_notification.terminal_notifier': Not used on non-Darwin systems
[1.482s] INFO:colcon.colcon_core.plugin_system:Skipping extension 'colcon_notification.desktop_notification.win32': Not used on non-Windows systems
[1.482s] INFO:colcon.colcon_notification.desktop_notification:Sending desktop notification using 'notify2'
[1.497s] DEBUG:colcon.colcon_core.event_reactor:joined thread
[1.497s] INFO:colcon.colcon_core.shell:Creating prefix script '/home/juwon/mycobot_moveit_ws/install_pinkk/local_setup.ps1'
[1.498s] INFO:colcon.colcon_core.shell:Creating prefix util module '/home/juwon/mycobot_moveit_ws/install_pinkk/_local_setup_util_ps1.py'
[1.499s] INFO:colcon.colcon_core.shell:Creating prefix chain script '/home/juwon/mycobot_moveit_ws/install_pinkk/setup.ps1'
[1.500s] INFO:colcon.colcon_core.shell:Creating prefix script '/home/juwon/mycobot_moveit_ws/install_pinkk/local_setup.sh'
[1.500s] INFO:colcon.colcon_core.shell:Creating prefix util module '/home/juwon/mycobot_moveit_ws/install_pinkk/_local_setup_util_sh.py'
[1.501s] INFO:colcon.colcon_core.shell:Creating prefix chain script '/home/juwon/mycobot_moveit_ws/install_pinkk/setup.sh'
[1.502s] INFO:colcon.colcon_core.shell:Creating prefix script '/home/juwon/mycobot_moveit_ws/install_pinkk/local_setup.bash'
[1.502s] INFO:colcon.colcon_core.shell:Creating prefix chain script '/home/juwon/mycobot_moveit_ws/install_pinkk/setup.bash'
[1.503s] INFO:colcon.colcon_core.shell:Creating prefix script '/home/juwon/mycobot_moveit_ws/install_pinkk/local_setup.zsh'
[1.503s] INFO:colcon.colcon_core.shell:Creating prefix chain script '/home/juwon/mycobot_moveit_ws/install_pinkk/setup.zsh'
