[0.087s] DEBUG:colcon:Command line arguments: ['/usr/bin/colcon', 'build', '--packages-select', 'pinkk_moveit_test', '--symlink-install']
[0.087s] DEBUG:colcon:Parsed command line arguments: Namespace(log_base=None, log_level=None, verb_name='build', build_base='build', install_base='install', merge_install=False, symlink_install=True, test_result_base=None, continue_on_error=False, executor='parallel', parallel_workers=16, event_handlers=None, ignore_user_meta=False, metas=['./colcon.meta'], base_paths=['.'], packages_ignore=None, packages_ignore_regex=None, paths=None, packages_up_to=None, packages_up_to_regex=None, packages_above=None, packages_above_and_dependencies=None, packages_above_depth=None, packages_select_by_dep=None, packages_skip_by_dep=None, packages_skip_up_to=None, packages_select_build_failed=False, packages_skip_build_finished=False, packages_select_test_failures=False, packages_skip_test_passed=False, packages_select=['pinkk_moveit_test'], packages_skip=None, packages_select_regex=None, packages_skip_regex=None, packages_start=None, packages_end=None, allow_overriding=[], cmake_args=None, cmake_target=None, cmake_target_skip_unavailable=False, cmake_clean_cache=False, cmake_clean_first=False, cmake_force_configure=False, ament_cmake_args=None, catkin_cmake_args=None, catkin_skip_building_tests=False, mixin_files=None, mixin=None, verb_parser=<colcon_mixin.mixin.mixin_argument.MixinArgumentDecorator object at 0x7b215223d0d0>, verb_extension=<colcon_core.verb.build.BuildVerb object at 0x7b2152361c10>, main=<bound method BuildVerb.main of <colcon_core.verb.build.BuildVerb object at 0x7b2152361c10>>, mixin_verb=('build',))
[0.112s] Level 1:colcon.colcon_core.package_discovery:discover_packages(colcon_meta) check parameters
[0.112s] Level 1:colcon.colcon_core.package_discovery:discover_packages(recursive) check parameters
[0.112s] Level 1:colcon.colcon_core.package_discovery:discover_packages(ignore) check parameters
[0.112s] Level 1:colcon.colcon_core.package_discovery:discover_packages(path) check parameters
[0.112s] Level 1:colcon.colcon_core.package_discovery:discover_packages(colcon_meta) discover
[0.112s] Level 1:colcon.colcon_core.package_discovery:discover_packages(recursive) discover
[0.112s] INFO:colcon.colcon_core.package_discovery:Crawling recursively for packages in '/home/kim-jayeon/Pinkk/ros2_ws'
[0.112s] Level 1:colcon.colcon_core.package_identification:_identify(.) by extensions ['ignore', 'ignore_ament_install']
[0.112s] Level 1:colcon.colcon_core.package_identification:_identify(.) by extension 'ignore'
[0.112s] Level 1:colcon.colcon_core.package_identification:_identify(.) by extension 'ignore_ament_install'
[0.112s] Level 1:colcon.colcon_core.package_identification:_identify(.) by extensions ['colcon_pkg']
[0.112s] Level 1:colcon.colcon_core.package_identification:_identify(.) by extension 'colcon_pkg'
[0.112s] Level 1:colcon.colcon_core.package_identification:_identify(.) by extensions ['colcon_meta']
[0.112s] Level 1:colcon.colcon_core.package_identification:_identify(.) by extension 'colcon_meta'
[0.112s] Level 1:colcon.colcon_core.package_identification:_identify(.) by extensions ['ros']
[0.112s] Level 1:colcon.colcon_core.package_identification:_identify(.) by extension 'ros'
[0.129s] Level 1:colcon.colcon_core.package_identification:_identify(.) by extensions ['cmake', 'python']
[0.129s] Level 1:colcon.colcon_core.package_identification:_identify(.) by extension 'cmake'
[0.129s] Level 1:colcon.colcon_core.package_identification:_identify(.) by extension 'python'
[0.129s] Level 1:colcon.colcon_core.package_identification:_identify(.) by extensions ['python_setup_py']
[0.129s] Level 1:colcon.colcon_core.package_identification:_identify(.) by extension 'python_setup_py'
[0.129s] Level 1:colcon.colcon_core.package_identification:_identify(build) by extensions ['ignore', 'ignore_ament_install']
[0.129s] Level 1:colcon.colcon_core.package_identification:_identify(build) by extension 'ignore'
[0.129s] Level 1:colcon.colcon_core.package_identification:_identify(build) ignored
[0.129s] Level 1:colcon.colcon_core.package_identification:_identify(install) by extensions ['ignore', 'ignore_ament_install']
[0.129s] Level 1:colcon.colcon_core.package_identification:_identify(install) by extension 'ignore'
[0.129s] Level 1:colcon.colcon_core.package_identification:_identify(install) ignored
[0.129s] Level 1:colcon.colcon_core.package_identification:_identify(log) by extensions ['ignore', 'ignore_ament_install']
[0.129s] Level 1:colcon.colcon_core.package_identification:_identify(log) by extension 'ignore'
[0.129s] Level 1:colcon.colcon_core.package_identification:_identify(log) ignored
[0.129s] Level 1:colcon.colcon_core.package_identification:_identify(src) by extensions ['ignore', 'ignore_ament_install']
[0.129s] Level 1:colcon.colcon_core.package_identification:_identify(src) by extension 'ignore'
[0.129s] Level 1:colcon.colcon_core.package_identification:_identify(src) by extension 'ignore_ament_install'
[0.129s] Level 1:colcon.colcon_core.package_identification:_identify(src) by extensions ['colcon_pkg']
[0.129s] Level 1:colcon.colcon_core.package_identification:_identify(src) by extension 'colcon_pkg'
[0.129s] Level 1:colcon.colcon_core.package_identification:_identify(src) by extensions ['colcon_meta']
[0.129s] Level 1:colcon.colcon_core.package_identification:_identify(src) by extension 'colcon_meta'
[0.129s] Level 1:colcon.colcon_core.package_identification:_identify(src) by extensions ['ros']
[0.129s] Level 1:colcon.colcon_core.package_identification:_identify(src) by extension 'ros'
[0.130s] Level 1:colcon.colcon_core.package_identification:_identify(src) by extensions ['cmake', 'python']
[0.130s] Level 1:colcon.colcon_core.package_identification:_identify(src) by extension 'cmake'
[0.130s] Level 1:colcon.colcon_core.package_identification:_identify(src) by extension 'python'
[0.130s] Level 1:colcon.colcon_core.package_identification:_identify(src) by extensions ['python_setup_py']
[0.130s] Level 1:colcon.colcon_core.package_identification:_identify(src) by extension 'python_setup_py'
[0.130s] Level 1:colcon.colcon_core.package_identification:_identify(src/pinkk_handeye_automation) by extensions ['ignore', 'ignore_ament_install']
[0.130s] Level 1:colcon.colcon_core.package_identification:_identify(src/pinkk_handeye_automation) by extension 'ignore'
[0.130s] Level 1:colcon.colcon_core.package_identification:_identify(src/pinkk_handeye_automation) by extension 'ignore_ament_install'
[0.130s] Level 1:colcon.colcon_core.package_identification:_identify(src/pinkk_handeye_automation) by extensions ['colcon_pkg']
[0.130s] Level 1:colcon.colcon_core.package_identification:_identify(src/pinkk_handeye_automation) by extension 'colcon_pkg'
[0.130s] Level 1:colcon.colcon_core.package_identification:_identify(src/pinkk_handeye_automation) by extensions ['colcon_meta']
[0.130s] Level 1:colcon.colcon_core.package_identification:_identify(src/pinkk_handeye_automation) by extension 'colcon_meta'
[0.130s] Level 1:colcon.colcon_core.package_identification:_identify(src/pinkk_handeye_automation) by extensions ['ros']
[0.130s] Level 1:colcon.colcon_core.package_identification:_identify(src/pinkk_handeye_automation) by extension 'ros'
[0.131s] DEBUG:colcon.colcon_core.package_identification:Package 'src/pinkk_handeye_automation' with type 'ros.ament_python' and name 'pinkk_handeye_automation'
[0.131s] Level 1:colcon.colcon_core.package_identification:_identify(src/pinkk_moveit_test) by extensions ['ignore', 'ignore_ament_install']
[0.131s] Level 1:colcon.colcon_core.package_identification:_identify(src/pinkk_moveit_test) by extension 'ignore'
[0.131s] Level 1:colcon.colcon_core.package_identification:_identify(src/pinkk_moveit_test) by extension 'ignore_ament_install'
[0.131s] Level 1:colcon.colcon_core.package_identification:_identify(src/pinkk_moveit_test) by extensions ['colcon_pkg']
[0.131s] Level 1:colcon.colcon_core.package_identification:_identify(src/pinkk_moveit_test) by extension 'colcon_pkg'
[0.131s] Level 1:colcon.colcon_core.package_identification:_identify(src/pinkk_moveit_test) by extensions ['colcon_meta']
[0.131s] Level 1:colcon.colcon_core.package_identification:_identify(src/pinkk_moveit_test) by extension 'colcon_meta'
[0.131s] Level 1:colcon.colcon_core.package_identification:_identify(src/pinkk_moveit_test) by extensions ['ros']
[0.131s] Level 1:colcon.colcon_core.package_identification:_identify(src/pinkk_moveit_test) by extension 'ros'
[0.132s] DEBUG:colcon.colcon_core.package_identification:Package 'src/pinkk_moveit_test' with type 'ros.ament_python' and name 'pinkk_moveit_test'
[0.132s] Level 1:colcon.colcon_core.package_identification:_identify(src/pinkk_mycobot_bridge) by extensions ['ignore', 'ignore_ament_install']
[0.132s] Level 1:colcon.colcon_core.package_identification:_identify(src/pinkk_mycobot_bridge) by extension 'ignore'
[0.132s] Level 1:colcon.colcon_core.package_identification:_identify(src/pinkk_mycobot_bridge) by extension 'ignore_ament_install'
[0.132s] Level 1:colcon.colcon_core.package_identification:_identify(src/pinkk_mycobot_bridge) by extensions ['colcon_pkg']
[0.132s] Level 1:colcon.colcon_core.package_identification:_identify(src/pinkk_mycobot_bridge) by extension 'colcon_pkg'
[0.132s] Level 1:colcon.colcon_core.package_identification:_identify(src/pinkk_mycobot_bridge) by extensions ['colcon_meta']
[0.132s] Level 1:colcon.colcon_core.package_identification:_identify(src/pinkk_mycobot_bridge) by extension 'colcon_meta'
[0.132s] Level 1:colcon.colcon_core.package_identification:_identify(src/pinkk_mycobot_bridge) by extensions ['ros']
[0.132s] Level 1:colcon.colcon_core.package_identification:_identify(src/pinkk_mycobot_bridge) by extension 'ros'
[0.132s] DEBUG:colcon.colcon_core.package_identification:Package 'src/pinkk_mycobot_bridge' with type 'ros.ament_python' and name 'pinkk_mycobot_bridge'
[0.132s] Level 1:colcon.colcon_core.package_identification:_identify(src/pinkk_usb_insertion) by extensions ['ignore', 'ignore_ament_install']
[0.132s] Level 1:colcon.colcon_core.package_identification:_identify(src/pinkk_usb_insertion) by extension 'ignore'
[0.132s] Level 1:colcon.colcon_core.package_identification:_identify(src/pinkk_usb_insertion) by extension 'ignore_ament_install'
[0.132s] Level 1:colcon.colcon_core.package_identification:_identify(src/pinkk_usb_insertion) by extensions ['colcon_pkg']
[0.132s] Level 1:colcon.colcon_core.package_identification:_identify(src/pinkk_usb_insertion) by extension 'colcon_pkg'
[0.132s] Level 1:colcon.colcon_core.package_identification:_identify(src/pinkk_usb_insertion) by extensions ['colcon_meta']
[0.132s] Level 1:colcon.colcon_core.package_identification:_identify(src/pinkk_usb_insertion) by extension 'colcon_meta'
[0.132s] Level 1:colcon.colcon_core.package_identification:_identify(src/pinkk_usb_insertion) by extensions ['ros']
[0.132s] Level 1:colcon.colcon_core.package_identification:_identify(src/pinkk_usb_insertion) by extension 'ros'
[0.133s] DEBUG:colcon.colcon_core.package_identification:Package 'src/pinkk_usb_insertion' with type 'ros.ament_python' and name 'pinkk_usb_insertion'
[0.133s] Level 1:colcon.colcon_core.package_identification:_identify(src/pinkk_usb_insertion_interfaces) by extensions ['ignore', 'ignore_ament_install']
[0.133s] Level 1:colcon.colcon_core.package_identification:_identify(src/pinkk_usb_insertion_interfaces) by extension 'ignore'
[0.133s] Level 1:colcon.colcon_core.package_identification:_identify(src/pinkk_usb_insertion_interfaces) by extension 'ignore_ament_install'
[0.133s] Level 1:colcon.colcon_core.package_identification:_identify(src/pinkk_usb_insertion_interfaces) by extensions ['colcon_pkg']
[0.133s] Level 1:colcon.colcon_core.package_identification:_identify(src/pinkk_usb_insertion_interfaces) by extension 'colcon_pkg'
[0.133s] Level 1:colcon.colcon_core.package_identification:_identify(src/pinkk_usb_insertion_interfaces) by extensions ['colcon_meta']
[0.133s] Level 1:colcon.colcon_core.package_identification:_identify(src/pinkk_usb_insertion_interfaces) by extension 'colcon_meta'
[0.133s] Level 1:colcon.colcon_core.package_identification:_identify(src/pinkk_usb_insertion_interfaces) by extensions ['ros']
[0.133s] Level 1:colcon.colcon_core.package_identification:_identify(src/pinkk_usb_insertion_interfaces) by extension 'ros'
[0.133s] DEBUG:colcon.colcon_core.package_identification:Package 'src/pinkk_usb_insertion_interfaces' with type 'ros.ament_cmake' and name 'pinkk_usb_insertion_interfaces'
[0.133s] Level 1:colcon.colcon_core.package_discovery:discover_packages(recursive) using defaults
[0.134s] Level 1:colcon.colcon_core.package_discovery:discover_packages(ignore) discover
[0.134s] Level 1:colcon.colcon_core.package_discovery:discover_packages(ignore) using defaults
[0.134s] Level 1:colcon.colcon_core.package_discovery:discover_packages(path) discover
[0.134s] Level 1:colcon.colcon_core.package_discovery:discover_packages(path) using defaults
[0.150s] INFO:colcon.colcon_core.package_selection:Skipping not selected package 'pinkk_handeye_automation' in 'src/pinkk_handeye_automation'
[0.150s] INFO:colcon.colcon_core.package_selection:Skipping not selected package 'pinkk_usb_insertion_interfaces' in 'src/pinkk_usb_insertion_interfaces'
[0.150s] INFO:colcon.colcon_core.package_selection:Skipping not selected package 'pinkk_mycobot_bridge' in 'src/pinkk_mycobot_bridge'
[0.150s] INFO:colcon.colcon_core.package_selection:Skipping not selected package 'pinkk_usb_insertion' in 'src/pinkk_usb_insertion'
[0.150s] Level 1:colcon.colcon_core.package_discovery:discover_packages(prefix_path) check parameters
[0.150s] Level 1:colcon.colcon_core.package_discovery:discover_packages(prefix_path) discover
[0.151s] WARNING:colcon.colcon_ros.prefix_path.ament:The path '/home/kim-jayeon/Pinkk/ros2_ws/install/pinkk_moveit_test' in the environment variable AMENT_PREFIX_PATH doesn't exist
[0.152s] DEBUG:colcon.colcon_installed_package_information.package_discovery:Found 4 installed packages in /home/kim-jayeon/Pinkk/ros2_ws/install
[0.153s] DEBUG:colcon.colcon_installed_package_information.package_discovery:Found 37 installed packages in /home/kim-jayeon/camera_ws/install
[0.155s] DEBUG:colcon.colcon_installed_package_information.package_discovery:Found 441 installed packages in /opt/ros/jazzy
[0.155s] Level 1:colcon.colcon_core.package_discovery:discover_packages(prefix_path) using defaults
[0.203s] Level 5:colcon.colcon_core.verb:set package 'pinkk_moveit_test' build argument 'cmake_args' from command line to 'None'
[0.203s] Level 5:colcon.colcon_core.verb:set package 'pinkk_moveit_test' build argument 'cmake_target' from command line to 'None'
[0.203s] Level 5:colcon.colcon_core.verb:set package 'pinkk_moveit_test' build argument 'cmake_target_skip_unavailable' from command line to 'False'
[0.203s] Level 5:colcon.colcon_core.verb:set package 'pinkk_moveit_test' build argument 'cmake_clean_cache' from command line to 'False'
[0.203s] Level 5:colcon.colcon_core.verb:set package 'pinkk_moveit_test' build argument 'cmake_clean_first' from command line to 'False'
[0.203s] Level 5:colcon.colcon_core.verb:set package 'pinkk_moveit_test' build argument 'cmake_force_configure' from command line to 'False'
[0.203s] Level 5:colcon.colcon_core.verb:set package 'pinkk_moveit_test' build argument 'ament_cmake_args' from command line to 'None'
[0.203s] Level 5:colcon.colcon_core.verb:set package 'pinkk_moveit_test' build argument 'catkin_cmake_args' from command line to 'None'
[0.203s] Level 5:colcon.colcon_core.verb:set package 'pinkk_moveit_test' build argument 'catkin_skip_building_tests' from command line to 'False'
[0.203s] DEBUG:colcon.colcon_core.verb:Building package 'pinkk_moveit_test' with the following arguments: {'ament_cmake_args': None, 'build_base': '/home/kim-jayeon/Pinkk/ros2_ws/build/pinkk_moveit_test', 'catkin_cmake_args': None, 'catkin_skip_building_tests': False, 'cmake_args': None, 'cmake_clean_cache': False, 'cmake_clean_first': False, 'cmake_force_configure': False, 'cmake_target': None, 'cmake_target_skip_unavailable': False, 'install_base': '/home/kim-jayeon/Pinkk/ros2_ws/install/pinkk_moveit_test', 'merge_install': False, 'path': '/home/kim-jayeon/Pinkk/ros2_ws/src/pinkk_moveit_test', 'symlink_install': True, 'test_result_base': None}
[0.203s] INFO:colcon.colcon_core.executor:Executing jobs using 'parallel' executor
[0.204s] DEBUG:colcon.colcon_parallel_executor.executor.parallel:run_until_complete
[0.204s] INFO:colcon.colcon_ros.task.ament_python.build:Building ROS package in '/home/kim-jayeon/Pinkk/ros2_ws/src/pinkk_moveit_test' with build type 'ament_python'
[0.204s] Level 1:colcon.colcon_core.shell:create_environment_hook('pinkk_moveit_test', 'ament_prefix_path')
[0.206s] INFO:colcon.colcon_core.plugin_system:Skipping extension 'colcon_core.shell.bat': Not used on non-Windows systems
[0.206s] INFO:colcon.colcon_core.shell:Creating environment hook '/home/kim-jayeon/Pinkk/ros2_ws/install/pinkk_moveit_test/share/pinkk_moveit_test/hook/ament_prefix_path.ps1'
[0.207s] INFO:colcon.colcon_core.shell:Creating environment descriptor '/home/kim-jayeon/Pinkk/ros2_ws/install/pinkk_moveit_test/share/pinkk_moveit_test/hook/ament_prefix_path.dsv'
[0.207s] INFO:colcon.colcon_core.shell:Creating environment hook '/home/kim-jayeon/Pinkk/ros2_ws/install/pinkk_moveit_test/share/pinkk_moveit_test/hook/ament_prefix_path.sh'
[0.207s] INFO:colcon.colcon_core.shell:Skip shell extension 'powershell' for command environment: Not usable outside of PowerShell
[0.207s] DEBUG:colcon.colcon_core.shell:Skip shell extension 'dsv' for command environment
[0.417s] INFO:colcon.colcon_core.task.python.build:Building Python package in '/home/kim-jayeon/Pinkk/ros2_ws/src/pinkk_moveit_test'
[0.417s] INFO:colcon.colcon_core.shell:Skip shell extension 'powershell' for command environment: Not usable outside of PowerShell
[0.417s] DEBUG:colcon.colcon_core.shell:Skip shell extension 'dsv' for command environment
[0.846s] DEBUG:colcon.colcon_core.task.python.build:Available setuptools commands: build_py, clean, symlink_data, saveopts, compile_catalog, bdist_egg, init_catalog, bdist_rpm, setopt, build_scripts, editable_wheel, dist_info, extract_messages, update_catalog, check, install_headers, build_clib, bdist_dumb, bdist_wheel, easy_install, install_egg_info, install_lib, build, build_ext, alias, install_data, install_scripts, egg_info, rotate, sdist, install, bdist, develop
[1.056s] DEBUG:colcon.colcon_core.task.python.build:Available setuptools 'develop' options: --no-deps, --no-user-cfg, --quiet, --prefix, --verbose, --install-dir, --help, --user, --index-url
[1.056s] INFO:colcon.colcon_core.task.python.build:No '--editable' capability in setuptools, falling back to full install
[1.058s] DEBUG:colcon.colcon_core.event_handler.log_command:Invoking command in '/home/kim-jayeon/Pinkk/ros2_ws/src/pinkk_moveit_test': DEBUGINFOD_URLS=https://debuginfod.ubuntu.com PS1=(yolo_env) \[\e]0;\u@\h: \w\a\]${debian_chroot:+($debian_chroot)}\[\033[01;32m\]\u@\h\[\033[00m\]:\[\033[01;34m\]\w\[\033[00m\]\$ PYTHONPATH=/home/kim-jayeon/Pinkk/ros2_ws/build/pinkk_moveit_test/prefix_override:/usr/lib/python3/dist-packages/colcon_core/task/python/colcon_distutils_commands:/home/kim-jayeon/Pinkk/ros2_ws/install/pinkk_moveit_test/lib/python3.12/site-packages:${PYTHONPATH} VIRTUAL_ENV_PROMPT=(yolo_env) /usr/bin/python3 -W ignore:setup.py install is deprecated -W ignore:easy_install command is deprecated setup.py egg_info --egg-base ../../build/pinkk_moveit_test build --build-base /home/kim-jayeon/Pinkk/ros2_ws/build/pinkk_moveit_test/build install --record /home/kim-jayeon/Pinkk/ros2_ws/build/pinkk_moveit_test/install.log --install-scripts $base/lib/pinkk_moveit_test --single-version-externally-managed install_data
[1.463s] DEBUG:colcon.colcon_core.event_handler.log_command:Invoked command in '/home/kim-jayeon/Pinkk/ros2_ws/src/pinkk_moveit_test' returned '0': DEBUGINFOD_URLS=https://debuginfod.ubuntu.com PS1=(yolo_env) \[\e]0;\u@\h: \w\a\]${debian_chroot:+($debian_chroot)}\[\033[01;32m\]\u@\h\[\033[00m\]:\[\033[01;34m\]\w\[\033[00m\]\$ PYTHONPATH=/home/kim-jayeon/Pinkk/ros2_ws/build/pinkk_moveit_test/prefix_override:/usr/lib/python3/dist-packages/colcon_core/task/python/colcon_distutils_commands:/home/kim-jayeon/Pinkk/ros2_ws/install/pinkk_moveit_test/lib/python3.12/site-packages:${PYTHONPATH} VIRTUAL_ENV_PROMPT=(yolo_env) /usr/bin/python3 -W ignore:setup.py install is deprecated -W ignore:easy_install command is deprecated setup.py egg_info --egg-base ../../build/pinkk_moveit_test build --build-base /home/kim-jayeon/Pinkk/ros2_ws/build/pinkk_moveit_test/build install --record /home/kim-jayeon/Pinkk/ros2_ws/build/pinkk_moveit_test/install.log --install-scripts $base/lib/pinkk_moveit_test --single-version-externally-managed install_data
[1.465s] Level 1:colcon.colcon_core.environment:checking '/home/kim-jayeon/Pinkk/ros2_ws/install/pinkk_moveit_test' for CMake module files
[1.465s] Level 1:colcon.colcon_core.environment:checking '/home/kim-jayeon/Pinkk/ros2_ws/install/pinkk_moveit_test' for CMake config files
[1.465s] Level 1:colcon.colcon_core.environment:checking '/home/kim-jayeon/Pinkk/ros2_ws/install/pinkk_moveit_test/lib'
[1.466s] Level 1:colcon.colcon_core.environment:checking '/home/kim-jayeon/Pinkk/ros2_ws/install/pinkk_moveit_test/bin'
[1.466s] Level 1:colcon.colcon_core.environment:checking '/home/kim-jayeon/Pinkk/ros2_ws/install/pinkk_moveit_test/lib/pkgconfig/pinkk_moveit_test.pc'
[1.466s] Level 1:colcon.colcon_core.environment:checking '/home/kim-jayeon/Pinkk/ros2_ws/install/pinkk_moveit_test/lib/python3.12/site-packages'
[1.466s] Level 1:colcon.colcon_core.shell:create_environment_hook('pinkk_moveit_test', 'pythonpath')
[1.466s] INFO:colcon.colcon_core.shell:Creating environment hook '/home/kim-jayeon/Pinkk/ros2_ws/install/pinkk_moveit_test/share/pinkk_moveit_test/hook/pythonpath.ps1'
[1.466s] INFO:colcon.colcon_core.shell:Creating environment descriptor '/home/kim-jayeon/Pinkk/ros2_ws/install/pinkk_moveit_test/share/pinkk_moveit_test/hook/pythonpath.dsv'
[1.466s] INFO:colcon.colcon_core.shell:Creating environment hook '/home/kim-jayeon/Pinkk/ros2_ws/install/pinkk_moveit_test/share/pinkk_moveit_test/hook/pythonpath.sh'
[1.467s] Level 1:colcon.colcon_core.environment:checking '/home/kim-jayeon/Pinkk/ros2_ws/install/pinkk_moveit_test/bin'
[1.467s] Level 1:colcon.colcon_core.environment:create_environment_scripts_only(pinkk_moveit_test)
[1.467s] INFO:colcon.colcon_core.shell:Creating package script '/home/kim-jayeon/Pinkk/ros2_ws/install/pinkk_moveit_test/share/pinkk_moveit_test/package.ps1'
[1.468s] INFO:colcon.colcon_core.shell:Creating package descriptor '/home/kim-jayeon/Pinkk/ros2_ws/install/pinkk_moveit_test/share/pinkk_moveit_test/package.dsv'
[1.468s] INFO:colcon.colcon_core.shell:Creating package script '/home/kim-jayeon/Pinkk/ros2_ws/install/pinkk_moveit_test/share/pinkk_moveit_test/package.sh'
[1.468s] INFO:colcon.colcon_core.shell:Creating package script '/home/kim-jayeon/Pinkk/ros2_ws/install/pinkk_moveit_test/share/pinkk_moveit_test/package.bash'
[1.469s] INFO:colcon.colcon_core.shell:Creating package script '/home/kim-jayeon/Pinkk/ros2_ws/install/pinkk_moveit_test/share/pinkk_moveit_test/package.zsh'
[1.469s] Level 1:colcon.colcon_core.environment:create_file_with_runtime_dependencies(/home/kim-jayeon/Pinkk/ros2_ws/install/pinkk_moveit_test/share/colcon-core/packages/pinkk_moveit_test)
[1.469s] DEBUG:colcon.colcon_parallel_executor.executor.parallel:closing loop
[1.469s] DEBUG:colcon.colcon_parallel_executor.executor.parallel:loop closed
[1.470s] DEBUG:colcon.colcon_parallel_executor.executor.parallel:run_until_complete finished with '0'
[1.470s] DEBUG:colcon.colcon_core.event_reactor:joining thread
[1.475s] INFO:colcon.colcon_core.plugin_system:Skipping extension 'colcon_notification.desktop_notification.terminal_notifier': Not used on non-Darwin systems
[1.475s] INFO:colcon.colcon_core.plugin_system:Skipping extension 'colcon_notification.desktop_notification.win32': Not used on non-Windows systems
[1.475s] INFO:colcon.colcon_notification.desktop_notification:Sending desktop notification using 'notify2'
[1.484s] DEBUG:colcon.colcon_core.event_reactor:joined thread
[1.484s] INFO:colcon.colcon_core.shell:Creating prefix script '/home/kim-jayeon/Pinkk/ros2_ws/install/local_setup.ps1'
[1.485s] INFO:colcon.colcon_core.shell:Creating prefix util module '/home/kim-jayeon/Pinkk/ros2_ws/install/_local_setup_util_ps1.py'
[1.486s] INFO:colcon.colcon_core.shell:Creating prefix chain script '/home/kim-jayeon/Pinkk/ros2_ws/install/setup.ps1'
[1.488s] INFO:colcon.colcon_core.shell:Creating prefix script '/home/kim-jayeon/Pinkk/ros2_ws/install/local_setup.sh'
[1.488s] INFO:colcon.colcon_core.shell:Creating prefix util module '/home/kim-jayeon/Pinkk/ros2_ws/install/_local_setup_util_sh.py'
[1.488s] INFO:colcon.colcon_core.shell:Creating prefix chain script '/home/kim-jayeon/Pinkk/ros2_ws/install/setup.sh'
[1.490s] INFO:colcon.colcon_core.shell:Creating prefix script '/home/kim-jayeon/Pinkk/ros2_ws/install/local_setup.bash'
[1.490s] INFO:colcon.colcon_core.shell:Creating prefix chain script '/home/kim-jayeon/Pinkk/ros2_ws/install/setup.bash'
[1.491s] INFO:colcon.colcon_core.shell:Creating prefix script '/home/kim-jayeon/Pinkk/ros2_ws/install/local_setup.zsh'
[1.491s] INFO:colcon.colcon_core.shell:Creating prefix chain script '/home/kim-jayeon/Pinkk/ros2_ws/install/setup.zsh'
