[1.188s] Invoking command in '/home/kim-jayeon/Pinkk/ros2_ws/build/pinkk_mycobot_bridge': DEBUGINFOD_URLS=https://debuginfod.ubuntu.com PYTHONPATH=/home/kim-jayeon/Pinkk/ros2_ws/build/pinkk_mycobot_bridge/prefix_override:/usr/lib/python3/dist-packages/colcon_core/task/python/colcon_distutils_commands:/home/kim-jayeon/Pinkk/ros2_ws/install/pinkk_mycobot_bridge/lib/python3.12/site-packages:${PYTHONPATH} /usr/bin/python3 -W ignore:setup.py install is deprecated -W ignore:easy_install command is deprecated setup.py develop --editable --build-directory /home/kim-jayeon/Pinkk/ros2_ws/build/pinkk_mycobot_bridge/build --no-deps symlink_data
[1.489s] running develop
[1.666s] running egg_info
[1.666s] creating pinkk_mycobot_bridge.egg-info
[1.683s] writing pinkk_mycobot_bridge.egg-info/PKG-INFO
[1.683s] writing dependency_links to pinkk_mycobot_bridge.egg-info/dependency_links.txt
[1.683s] writing entry points to pinkk_mycobot_bridge.egg-info/entry_points.txt
[1.683s] writing requirements to pinkk_mycobot_bridge.egg-info/requires.txt
[1.683s] writing top-level names to pinkk_mycobot_bridge.egg-info/top_level.txt
[1.683s] writing manifest file 'pinkk_mycobot_bridge.egg-info/SOURCES.txt'
[1.717s] reading manifest file 'pinkk_mycobot_bridge.egg-info/SOURCES.txt'
[1.718s] writing manifest file 'pinkk_mycobot_bridge.egg-info/SOURCES.txt'
[1.736s] running build_ext
[1.736s] Creating /home/kim-jayeon/Pinkk/ros2_ws/install/pinkk_mycobot_bridge/lib/python3.12/site-packages/pinkk-mycobot-bridge.egg-link (link to .)
[1.737s] Installing charuco_tf_publisher script to /home/kim-jayeon/Pinkk/ros2_ws/install/pinkk_mycobot_bridge/lib/pinkk_mycobot_bridge
[1.737s] Installing joint_state_publisher script to /home/kim-jayeon/Pinkk/ros2_ws/install/pinkk_mycobot_bridge/lib/pinkk_mycobot_bridge
[1.737s] Installing trajectory_bridge script to /home/kim-jayeon/Pinkk/ros2_ws/install/pinkk_mycobot_bridge/lib/pinkk_mycobot_bridge
[1.737s] 
[1.737s] Installed /home/kim-jayeon/Pinkk/ros2_ws/build/pinkk_mycobot_bridge
[1.737s] running symlink_data
[1.737s] creating /home/kim-jayeon/Pinkk/ros2_ws/install/pinkk_mycobot_bridge/share/ament_index
[1.737s] creating /home/kim-jayeon/Pinkk/ros2_ws/install/pinkk_mycobot_bridge/share/ament_index/resource_index
[1.737s] creating /home/kim-jayeon/Pinkk/ros2_ws/install/pinkk_mycobot_bridge/share/ament_index/resource_index/packages
[1.737s] symbolically linking /home/kim-jayeon/Pinkk/ros2_ws/build/pinkk_mycobot_bridge/resource/pinkk_mycobot_bridge -> /home/kim-jayeon/Pinkk/ros2_ws/install/pinkk_mycobot_bridge/share/ament_index/resource_index/packages
[1.737s] symbolically linking /home/kim-jayeon/Pinkk/ros2_ws/build/pinkk_mycobot_bridge/package.xml -> /home/kim-jayeon/Pinkk/ros2_ws/install/pinkk_mycobot_bridge/share/pinkk_mycobot_bridge
[1.738s] creating /home/kim-jayeon/Pinkk/ros2_ws/install/pinkk_mycobot_bridge/share/pinkk_mycobot_bridge/launch
[1.738s] symbolically linking /home/kim-jayeon/Pinkk/ros2_ws/build/pinkk_mycobot_bridge/launch/joint_state_bridge.launch.py -> /home/kim-jayeon/Pinkk/ros2_ws/install/pinkk_mycobot_bridge/share/pinkk_mycobot_bridge/launch
[1.738s] symbolically linking /home/kim-jayeon/Pinkk/ros2_ws/build/pinkk_mycobot_bridge/launch/charuco_tf_bridge.launch.py -> /home/kim-jayeon/Pinkk/ros2_ws/install/pinkk_mycobot_bridge/share/pinkk_mycobot_bridge/launch
[1.738s] symbolically linking /home/kim-jayeon/Pinkk/ros2_ws/build/pinkk_mycobot_bridge/launch/trajectory_bridge.launch.py -> /home/kim-jayeon/Pinkk/ros2_ws/install/pinkk_mycobot_bridge/share/pinkk_mycobot_bridge/launch
[1.738s] symbolically linking /home/kim-jayeon/Pinkk/ros2_ws/build/pinkk_mycobot_bridge/launch/real_execution.launch.py -> /home/kim-jayeon/Pinkk/ros2_ws/install/pinkk_mycobot_bridge/share/pinkk_mycobot_bridge/launch
[1.738s] symbolically linking /home/kim-jayeon/Pinkk/ros2_ws/build/pinkk_mycobot_bridge/launch/planning_only.launch.py -> /home/kim-jayeon/Pinkk/ros2_ws/install/pinkk_mycobot_bridge/share/pinkk_mycobot_bridge/launch
[1.780s] Invoked command in '/home/kim-jayeon/Pinkk/ros2_ws/build/pinkk_mycobot_bridge' returned '0': DEBUGINFOD_URLS=https://debuginfod.ubuntu.com PYTHONPATH=/home/kim-jayeon/Pinkk/ros2_ws/build/pinkk_mycobot_bridge/prefix_override:/usr/lib/python3/dist-packages/colcon_core/task/python/colcon_distutils_commands:/home/kim-jayeon/Pinkk/ros2_ws/install/pinkk_mycobot_bridge/lib/python3.12/site-packages:${PYTHONPATH} /usr/bin/python3 -W ignore:setup.py install is deprecated -W ignore:easy_install command is deprecated setup.py develop --editable --build-directory /home/kim-jayeon/Pinkk/ros2_ws/build/pinkk_mycobot_bridge/build --no-deps symlink_data
