running develop
running egg_info
writing pinkk_usb_insertion.egg-info/PKG-INFO
writing dependency_links to pinkk_usb_insertion.egg-info/dependency_links.txt
writing entry points to pinkk_usb_insertion.egg-info/entry_points.txt
writing requirements to pinkk_usb_insertion.egg-info/requires.txt
writing top-level names to pinkk_usb_insertion.egg-info/top_level.txt
reading manifest file 'pinkk_usb_insertion.egg-info/SOURCES.txt'
writing manifest file 'pinkk_usb_insertion.egg-info/SOURCES.txt'
running build_ext
Creating /home/kim-jayeon/Pinkk/ros2_ws/install/pinkk_usb_insertion/lib/python3.12/site-packages/pinkk-usb-insertion.egg-link (link to .)
Installing arm_motion_node script to /home/kim-jayeon/Pinkk/ros2_ws/install/pinkk_usb_insertion/lib/pinkk_usb_insertion
Installing camera_publisher_node script to /home/kim-jayeon/Pinkk/ros2_ws/install/pinkk_usb_insertion/lib/pinkk_usb_insertion
Installing cartesian_smoke_test script to /home/kim-jayeon/Pinkk/ros2_ws/install/pinkk_usb_insertion/lib/pinkk_usb_insertion
Installing manual_detection_node script to /home/kim-jayeon/Pinkk/ros2_ws/install/pinkk_usb_insertion/lib/pinkk_usb_insertion
Installing pbvs_alignment_node script to /home/kim-jayeon/Pinkk/ros2_ws/install/pinkk_usb_insertion/lib/pinkk_usb_insertion
Installing pbvs_step_executor_node script to /home/kim-jayeon/Pinkk/ros2_ws/install/pinkk_usb_insertion/lib/pinkk_usb_insertion
Installing port_pose_node script to /home/kim-jayeon/Pinkk/ros2_ws/install/pinkk_usb_insertion/lib/pinkk_usb_insertion
Installing usb_insertion_node script to /home/kim-jayeon/Pinkk/ros2_ws/install/pinkk_usb_insertion/lib/pinkk_usb_insertion
Installing yolo_keypoint_node script to /home/kim-jayeon/Pinkk/ros2_ws/install/pinkk_usb_insertion/lib/pinkk_usb_insertion

Installed /home/kim-jayeon/Pinkk/ros2_ws/build/pinkk_usb_insertion
running symlink_data
creating /home/kim-jayeon/Pinkk/ros2_ws/install/pinkk_usb_insertion/share/pinkk_usb_insertion/models
symbolically linking /home/kim-jayeon/Pinkk/ros2_ws/build/pinkk_usb_insertion/models/usb_01.pt -> /home/kim-jayeon/Pinkk/ros2_ws/install/pinkk_usb_insertion/share/pinkk_usb_insertion/models
